Archive member included to satisfy reference by file (symbol)

C:/clion/gcc-arm-none-eabi-10.3-2021.10/bin/../lib/gcc/arm-none-eabi/13.3.1/thumb/v7e-m/nofp\libgcc.a(_arm_muldf3.o)
                              CMakeFiles/steer_chassis.elf.dir/App/UserSnc/mec.c.obj (__aeabi_dmul)
C:/clion/gcc-arm-none-eabi-10.3-2021.10/bin/../lib/gcc/arm-none-eabi/13.3.1/thumb/v7e-m/nofp\libgcc.a(_arm_mulsf3.o)
                              CMakeFiles/steer_chassis.elf.dir/App/UserSnc/chassis.c.obj (__aeabi_fmul)
C:/clion/gcc-arm-none-eabi-10.3-2021.10/bin/../lib/gcc/arm-none-eabi/13.3.1/thumb/v7e-m/nofp\libgcc.a(_arm_addsubdf3.o)
                              CMakeFiles/steer_chassis.elf.dir/App/UserSnc/mec.c.obj (__aeabi_dsub)
C:/clion/gcc-arm-none-eabi-10.3-2021.10/bin/../lib/gcc/arm-none-eabi/13.3.1/thumb/v7e-m/nofp\libgcc.a(_arm_muldivdf3.o)
                              CMakeFiles/steer_chassis.elf.dir/Core/Src/main.c.obj (__aeabi_ddiv)
C:/clion/gcc-arm-none-eabi-10.3-2021.10/bin/../lib/gcc/arm-none-eabi/13.3.1/thumb/v7e-m/nofp\libgcc.a(_arm_fixdfsi.o)
                              CMakeFiles/steer_chassis.elf.dir/App/UserSnc/mec.c.obj (__aeabi_d2iz)
C:/clion/gcc-arm-none-eabi-10.3-2021.10/bin/../lib/gcc/arm-none-eabi/13.3.1/thumb/v7e-m/nofp\libgcc.a(_arm_fixunsdfsi.o)
                              CMakeFiles/steer_chassis.elf.dir/Core/Src/main.c.obj (__aeabi_d2uiz)
C:/clion/gcc-arm-none-eabi-10.3-2021.10/bin/../lib/gcc/arm-none-eabi/13.3.1/thumb/v7e-m/nofp\libgcc.a(_arm_truncdfsf2.o)
                              CMakeFiles/steer_chassis.elf.dir/App/UserSnc/mec.c.obj (__aeabi_d2f)
C:/clion/gcc-arm-none-eabi-10.3-2021.10/bin/../lib/gcc/arm-none-eabi/13.3.1/thumb/v7e-m/nofp\libgcc.a(_arm_addsubsf3.o)
                              CMakeFiles/steer_chassis.elf.dir/App/UserSnc/chassis.c.obj (__aeabi_fsub)
C:/clion/gcc-arm-none-eabi-10.3-2021.10/bin/../lib/gcc/arm-none-eabi/13.3.1/thumb/v7e-m/nofp\libgcc.a(_arm_cmpsf2.o)
                              CMakeFiles/steer_chassis.elf.dir/App/UserSnc/chassis.c.obj (__aeabi_fcmplt)
C:/clion/gcc-arm-none-eabi-10.3-2021.10/bin/../lib/gcc/arm-none-eabi/13.3.1/thumb/v7e-m/nofp\libgcc.a(_arm_fixsfsi.o)
                              CMakeFiles/steer_chassis.elf.dir/App/UserSnc/chassis.c.obj (__aeabi_f2iz)
C:/clion/gcc-arm-none-eabi-10.3-2021.10/bin/../lib/gcc/arm-none-eabi/13.3.1/thumb/v7e-m/nofp\libgcc.a(_aeabi_uldivmod.o)
                              CMakeFiles/steer_chassis.elf.dir/Drivers/STM32F4xx_HAL_Driver/Src/stm32f4xx_hal_rcc.c.obj (__aeabi_uldivmod)
C:/clion/gcc-arm-none-eabi-10.3-2021.10/bin/../lib/gcc/arm-none-eabi/13.3.1/thumb/v7e-m/nofp\libgcc.a(_udivmoddi4.o)
                              C:/clion/gcc-arm-none-eabi-10.3-2021.10/bin/../lib/gcc/arm-none-eabi/13.3.1/thumb/v7e-m/nofp\libgcc.a(_aeabi_uldivmod.o) (__udivmoddi4)
C:/clion/gcc-arm-none-eabi-10.3-2021.10/bin/../lib/gcc/arm-none-eabi/13.3.1/thumb/v7e-m/nofp\libgcc.a(_dvmd_tls.o)
                              C:/clion/gcc-arm-none-eabi-10.3-2021.10/bin/../lib/gcc/arm-none-eabi/13.3.1/thumb/v7e-m/nofp\libgcc.a(_aeabi_uldivmod.o) (__aeabi_ldiv0)
C:/clion/gcc-arm-none-eabi-10.3-2021.10/bin/../lib/gcc/arm-none-eabi/13.3.1/thumb/v7e-m/nofp\libg.a(libc_a-exit.o)
                              C:/clion/gcc-arm-none-eabi-10.3-2021.10/bin/../lib/gcc/arm-none-eabi/13.3.1/thumb/v7e-m/nofp/crt0.o (exit)
C:/clion/gcc-arm-none-eabi-10.3-2021.10/bin/../lib/gcc/arm-none-eabi/13.3.1/thumb/v7e-m/nofp\libg.a(libc_a-findfp.o)
                              C:/clion/gcc-arm-none-eabi-10.3-2021.10/bin/../lib/gcc/arm-none-eabi/13.3.1/thumb/v7e-m/nofp\libg.a(libc_a-exit.o) (__stdio_exit_handler)
C:/clion/gcc-arm-none-eabi-10.3-2021.10/bin/../lib/gcc/arm-none-eabi/13.3.1/thumb/v7e-m/nofp\libg.a(libc_a-fwalk.o)
                              C:/clion/gcc-arm-none-eabi-10.3-2021.10/bin/../lib/gcc/arm-none-eabi/13.3.1/thumb/v7e-m/nofp\libg.a(libc_a-findfp.o) (_fwalk_sglue)
C:/clion/gcc-arm-none-eabi-10.3-2021.10/bin/../lib/gcc/arm-none-eabi/13.3.1/thumb/v7e-m/nofp\libg.a(libc_a-stdio.o)
                              C:/clion/gcc-arm-none-eabi-10.3-2021.10/bin/../lib/gcc/arm-none-eabi/13.3.1/thumb/v7e-m/nofp\libg.a(libc_a-findfp.o) (__sread)
C:/clion/gcc-arm-none-eabi-10.3-2021.10/bin/../lib/gcc/arm-none-eabi/13.3.1/thumb/v7e-m/nofp\libg.a(libc_a-memset.o)
                              C:/clion/gcc-arm-none-eabi-10.3-2021.10/bin/../lib/gcc/arm-none-eabi/13.3.1/thumb/v7e-m/nofp/crt0.o (memset)
C:/clion/gcc-arm-none-eabi-10.3-2021.10/bin/../lib/gcc/arm-none-eabi/13.3.1/thumb/v7e-m/nofp\libg.a(libc_a-closer.o)
                              C:/clion/gcc-arm-none-eabi-10.3-2021.10/bin/../lib/gcc/arm-none-eabi/13.3.1/thumb/v7e-m/nofp\libg.a(libc_a-stdio.o) (_close_r)
C:/clion/gcc-arm-none-eabi-10.3-2021.10/bin/../lib/gcc/arm-none-eabi/13.3.1/thumb/v7e-m/nofp\libg.a(libc_a-reent.o)
                              C:/clion/gcc-arm-none-eabi-10.3-2021.10/bin/../lib/gcc/arm-none-eabi/13.3.1/thumb/v7e-m/nofp\libg.a(libc_a-closer.o) (errno)
[...]
Memory Configuration

Name             Origin             Length             Attributes
CCMRAM           0x10000000         0x00010000         xrw
RAM              0x20000000         0x00030000         xrw
FLASH            0x08000000         0x00200000         xr
*default*        0x00000000         0xffffffff

Linker script and memory map

LOAD C:/clion/gcc-arm-none-eabi-10.3-2021.10/bin/../lib/gcc/arm-none-eabi/13.3.1/thumb/v7e-m/nofp/crti.o
LOAD C:/clion/gcc-arm-none-eabi-10.3-2021.10/bin/../lib/gcc/arm-none-eabi/13.3.1/thumb/v7e-m/nofp/crtbegin.o
LOAD C:/clion/gcc-arm-none-eabi-10.3-2021.10/bin/../lib/gcc/arm-none-eabi/13.3.1/thumb/v7e-m/nofp/crt0.o
LOAD CMakeFiles/steer_chassis.elf.dir/App/UserSnc/DR16.c.obj
LOAD CMakeFiles/steer_chassis.elf.dir/App/UserSnc/chassis.c.obj
LOAD CMakeFiles/steer_chassis.elf.dir/App/UserSnc/mec.c.obj
LOAD CMakeFiles/steer_chassis.elf.dir/App/UserSnc/mycan.c.obj
LOAD CMakeFiles/steer_chassis.elf.dir/App/UserSnc/pid.c.obj
LOAD CMakeFiles/steer_chassis.elf.dir/App/UserSnc/refree.c.obj
LOAD CMakeFiles/steer_chassis.elf.dir/Core/Src/can.c.obj
LOAD CMakeFiles/steer_chassis.elf.dir/Core/Src/dma.c.obj
LOAD CMakeFiles/steer_chassis.elf.dir/Core/Src/gpio.c.obj
LOAD CMakeFiles/steer_chassis.elf.dir/Core/Src/main.c.obj
LOAD CMakeFiles/steer_chassis.elf.dir/Core/Src/stm32f4xx_hal_msp.c.obj
LOAD CMakeFiles/steer_chassis.elf.dir/Core/Src/stm32f4xx_it.c.obj
LOAD CMakeFiles/steer_chassis.elf.dir/Core/Src/syscalls.c.obj
LOAD CMakeFiles/steer_chassis.elf.dir/Core/Src/sysmem.c.obj
LOAD CMakeFiles/steer_chassis.elf.dir/Core/Src/system_stm32f4xx.c.obj
LOAD CMakeFiles/steer_chassis.elf.dir/Core/Src/usart.c.obj
LOAD CMakeFiles/steer_chassis.elf.dir/Core/Startup/startup_stm32f427iihx.s.obj
LOAD CMakeFiles/steer_chassis.elf.dir/Drivers/STM32F4xx_HAL_Driver/Src/stm32f4xx_hal.c.obj
LOAD CMakeFiles/steer_chassis.elf.dir/Drivers/STM32F4xx_HAL_Driver/Src/stm32f4xx_hal_can.c.obj
LOAD CMakeFiles/steer_chassis.elf.dir/Drivers/STM32F4xx_HAL_Driver/Src/stm32f4xx_hal_cortex.c.obj
LOAD CMakeFiles/steer_chassis.elf.dir/Drivers/STM32F4xx_HAL_Driver/Src/stm32f4xx_hal_dma.c.obj
LOAD CMakeFiles/steer_chassis.elf.dir/Drivers/STM32F4xx_HAL_Driver/Src/stm32f4xx_hal_dma_ex.c.obj
LOAD CMakeFiles/steer_chassis.elf.dir/Drivers/STM32F4xx_HAL_Driver/Src/stm32f4xx_hal_exti.c.obj
LOAD CMakeFiles/steer_chassis.elf.dir/Drivers/STM32F4xx_HAL_Driver/Src/stm32f4xx_hal_flash.c.obj
LOAD CMakeFiles/steer_chassis.elf.dir/Drivers/STM32F4xx_HAL_Driver/Src/stm32f4xx_hal_flash_ex.c.obj
LOAD CMakeFiles/steer_chassis.elf.dir/Drivers/STM32F4xx_HAL_Driver/Src/stm32f4xx_hal_flash_ramfunc.c.obj
LOAD CMakeFiles/steer_chassis.elf.dir/Drivers/STM32F4xx_HAL_Driver/Src/stm32f4xx_hal_gpio.c.obj
LOAD CMakeFiles/steer_chassis.elf.dir/Drivers/STM32F4xx_HAL_Driver/Src/stm32f4xx_hal_pwr.c.obj
LOAD CMakeFiles/steer_chassis.elf.dir/Drivers/STM32F4xx_HAL_Driver/Src/stm32f4xx_hal_pwr_ex.c.obj
LOAD CMakeFiles/steer_chassis.elf.dir/Drivers/STM32F4xx_HAL_Driver/Src/stm32f4xx_hal_rcc.c.obj
LOAD CMakeFiles/steer_chassis.elf.dir/Drivers/STM32F4xx_HAL_Driver/Src/stm32f4xx_hal_rcc_ex.c.obj
LOAD CMakeFiles/steer_chassis.elf.dir/Drivers/STM32F4xx_HAL_Driver/Src/stm32f4xx_hal_tim.c.obj
LOAD CMakeFiles/steer_chassis.elf.dir/Drivers/STM32F4xx_HAL_Driver/Src/stm32f4xx_hal_tim_ex.c.obj
LOAD CMakeFiles/steer_chassis.elf.dir/Drivers/STM32F4xx_HAL_Driver/Src/stm32f4xx_hal_uart.c.obj
START GROUP
LOAD C:/clion/gcc-arm-none-eabi-10.3-2021.10/bin/../lib/gcc/arm-none-eabi/13.3.1/thumb/v7e-m/nofp\libgcc.a
LOAD C:/clion/gcc-arm-none-eabi-10.3-2021.10/bin/../lib/gcc/arm-none-eabi/13.3.1/thumb/v7e-m/nofp\libg.a
LOAD C:/clion/gcc-arm-none-eabi-10.3-2021.10/bin/../lib/gcc/arm-none-eabi/13.3.1/thumb/v7e-m/nofp\libc.a
END GROUP
LOAD C:/clion/gcc-arm-none-eabi-10.3-2021.10/bin/../lib/gcc/arm-none-eabi/13.3.1/thumb/v7e-m/nofp/crtend.o
LOAD C:/clion/gcc-arm-none-eabi-10.3-2021.10/bin/../lib/gcc/arm-none-eabi/13.3.1/thumb/v7e-m/nofp/crtn.o
                0x20030000                        _estack = (ORIGIN (RAM) + LENGTH (RAM))
                0x00000200                        _Min_Heap_Size = 0x200
                0x00000400                        _Min_Stack_Size = 0x400

.isr_vector     0x08000000      0x1ac
                0x08000000                        . = ALIGN (0x4)
 *(.isr_vector)
 .isr_vector    0x08000000      0x1ac CMakeFiles/steer_chassis.elf.dir/Core/Startup/startup_stm32f427iihx.s.obj
                0x08000000                g_pfnVectors
                0x080001ac                        . = ALIGN (0x4)

.text           0x080001b0     0x624c
                0x080001b0                        . = ALIGN (0x4)
 *(.text)
 .text          0x080001b0      0x168 C:/clion/gcc-arm-none-eabi-10.3-2021.10/bin/../lib/gcc/arm-none-eabi/13.3.1/thumb/v7e-m/nofp\libgcc.a(_arm_mulsf3.o)
                0x080001b0                __aeabi_fmul
                0x080001b0                __mulsf3
 .text          0x08000318      0x378 C:/clion/gcc-arm-none-eabi-10.3-2021.10/bin/../lib/gcc/arm-none-eabi/13.3.1/thumb/v7e-m/nofp\libgcc.a(_arm_addsubdf3.o)
                0x08000318                __aeabi_drsub
                0x08000320                __aeabi_dsub
                0x08000320                __subdf3
                0x08000324                __aeabi_dadd
                0x08000324                __adddf3
                0x0800059c                __floatunsidf
                0x0800059c                __aeabi_ui2d
                0x080005bc                __floatsidf
                0x080005bc                __aeabi_i2d
                0x080005e0                __aeabi_f2d
                0x080005e0                __extendsfdf2
                0x08000624                __floatundidf
                0x08000624                __aeabi_ul2d
                0x08000634                __floatdidf
                0x08000634                __aeabi_l2d
 .text          0x08000690      0x424 C:/clion/gcc-arm-none-eabi-10.3-2021.10/bin/../lib/gcc/arm-none-eabi/13.3.1/thumb/v7e-m/nofp\libgcc.a(_arm_muldivdf3.o)
                0x08000690                __aeabi_dmul
                0x08000690                __muldf3
                0x080008e4                __divdf3
                0x080008e4                __aeabi_ddiv
 .text          0x08000ab4       0x50 C:/clion/gcc-arm-none-eabi-10.3-2021.10/bin/../lib/gcc/arm-none-eabi/13.3.1/thumb/v7e-m/nofp\libgcc.a(_arm_fixdfsi.o)
                0x08000ab4                __aeabi_d2iz
                0x08000ab4                __fixdfsi
 .text          0x08000b04       0x40 C:/clion/gcc-arm-none-eabi-10.3-2021.10/bin/../lib/gcc/arm-none-eabi/13.3.1/thumb/v7e-m/nofp\libgcc.a(_arm_fixunsdfsi.o)
                0x08000b04                __aeabi_d2uiz
                0x08000b04                __fixunsdfsi
 .text          0x08000b44       0xa0 C:/clion/gcc-arm-none-eabi-10.3-2021.10/bin/../lib/gcc/arm-none-eabi/13.3.1/thumb/v7e-m/nofp\libgcc.a(_arm_truncdfsf2.o)
                0x08000b44                __truncdfsf2
                0x08000b44                __aeabi_d2f
 .text          0x08000be4      0x21c C:/clion/gcc-arm-none-eabi-10.3-2021.10/bin/../lib/gcc/arm-none-eabi/13.3.1/thumb/v7e-m/nofp\libgcc.a(_arm_addsubsf3.o)
                0x08000be4                __aeabi_frsub
                0x08000bec                __subsf3
                0x08000bec                __aeabi_fsub
                0x08000bf0                __aeabi_fadd
                0x08000bf0                __addsf3
                0x08000d50                __aeabi_ui2f
                0x08000d50                __floatunsisf
                0x08000d58                __aeabi_i2f
                0x08000d58                __floatsisf
                0x08000d74                __aeabi_ul2f
                0x08000d74                __floatundisf
                0x08000d84                __aeabi_l2f
                0x08000d84                __floatdisf
 .text          0x08000e00       0xec C:/clion/gcc-arm-none-eabi-10.3-2021.10/bin/../lib/gcc/arm-none-eabi/13.3.1/thumb/v7e-m/nofp\libgcc.a(_arm_cmpsf2.o)
                0x08000e00                __gesf2
                0x08000e00                __gtsf2
                0x08000e08                __lesf2
                0x08000e08                __ltsf2
                0x08000e10                __nesf2
                0x08000e10                __eqsf2
                0x08000e10                __cmpsf2
                0x08000e70                __aeabi_cfrcmple
                0x08000e78                __aeabi_cfcmpeq
                0x08000e78                __aeabi_cfcmple
                0x08000e88                __aeabi_fcmpeq
                0x08000e9c                __aeabi_fcmplt
                0x08000eb0                __aeabi_fcmple
                0x08000ec4                __aeabi_fcmpge
                0x08000ed8                __aeabi_fcmpgt
 .text          0x08000eec       0x4c C:/clion/gcc-arm-none-eabi-10.3-2021.10/bin/../lib/gcc/arm-none-eabi/13.3.1/thumb/v7e-m/nofp\libgcc.a(_arm_fixsfsi.o)
                0x08000eec                __aeabi_f2iz
                0x08000eec                __fixsfsi
 .text          0x08000f38       0x30 C:/clion/gcc-arm-none-eabi-10.3-2021.10/bin/../lib/gcc/arm-none-eabi/13.3.1/thumb/v7e-m/nofp\libgcc.a(_aeabi_uldivmod.o)
                0x08000f38                __aeabi_uldivmod
 .text          0x08000f68        0x4 C:/clion/gcc-arm-none-eabi-10.3-2021.10/bin/../lib/gcc/arm-none-eabi/13.3.1/thumb/v7e-m/nofp\libgcc.a(_dvmd_tls.o)
                0x08000f68                __aeabi_idiv0
                0x08000f68                __aeabi_ldiv0
 .text          0x08000f6c      0x134 C:/clion/gcc-arm-none-eabi-10.3-2021.10/bin/../lib/gcc/arm-none-eabi/13.3.1/thumb/v7e-m/nofp\libg.a(libc_a-memcpy.o)
                0x08000f6c                memcpy
 .text          0x080010a0      0x110 C:/clion/gcc-arm-none-eabi-10.3-2021.10/bin/../lib/gcc/arm-none-eabi/13.3.1/thumb/v7e-m/nofp\libgcc.a(_arm_cmpdf2.o)
                0x080010a0                __gtdf2
                0x080010a0                __gedf2
                0x080010a8                __ltdf2
                0x080010a8                __ledf2
                0x080010b0                __nedf2
                0x080010b0                __eqdf2
                0x080010b0                __cmpdf2
                0x0800112c                __aeabi_cdrcmple
                0x0800113c                __aeabi_cdcmpeq
                0x0800113c                __aeabi_cdcmple
                0x0800114c                __aeabi_dcmpeq
                0x08001160                __aeabi_dcmplt
                0x08001174                __aeabi_dcmple
                0x08001188                __aeabi_dcmpge
                0x0800119c                __aeabi_dcmpgt
 .text          0x080011b0       0x2c C:/clion/gcc-arm-none-eabi-10.3-2021.10/bin/../lib/gcc/arm-none-eabi/13.3.1/thumb/v7e-m/nofp\libgcc.a(_arm_unorddf2.o)
                0x080011b0                __unorddf2
                0x080011b0                __aeabi_dcmpun
 *(.text*)
 .text.deregister_tm_clones
                0x080011dc       0x1c C:/clion/gcc-arm-none-eabi-10.3-2021.10/bin/../lib/gcc/arm-none-eabi/13.3.1/thumb/v7e-m/nofp/crtbegin.o
 .text.register_tm_clones
                0x080011f8       0x24 C:/clion/gcc-arm-none-eabi-10.3-2021.10/bin/../lib/gcc/arm-none-eabi/13.3.1/thumb/v7e-m/nofp/crtbegin.o
 .text.__do_global_dtors_aux
                0x0800121c       0x28 C:/clion/gcc-arm-none-eabi-10.3-2021.10/bin/../lib/gcc/arm-none-eabi/13.3.1/thumb/v7e-m/nofp/crtbegin.o
 .text.frame_dummy
                0x08001244       0x24 C:/clion/gcc-arm-none-eabi-10.3-2021.10/bin/../lib/gcc/arm-none-eabi/13.3.1/thumb/v7e-m/nofp/crtbegin.o
 .text.RemoteDataProcess
                0x08001268       0x84 CMakeFiles/steer_chassis.elf.dir/App/UserSnc/DR16.c.obj
                0x08001268                RemoteDataProcess
 .text.RC_Init  0x080012ec       0x24 CMakeFiles/steer_chassis.elf.dir/App/UserSnc/DR16.c.obj
                0x080012ec                RC_Init
 .text.RC_Robot_Ctrl
                0x08001310       0x70 CMakeFiles/steer_chassis.elf.dir/App/UserSnc/DR16.c.obj
                0x08001310                RC_Robot_Ctrl
 .text.set_chassis_3508_speed
                0x08001380       0xa0 CMakeFiles/steer_chassis.elf.dir/App/UserSnc/chassis.c.obj
                0x08001380                set_chassis_3508_speed
 .text.set_chassis_6020_angle
                0x08001420      0x2f0 CMakeFiles/steer_chassis.elf.dir/App/UserSnc/chassis.c.obj
                0x08001420                set_chassis_6020_angle
 .text.stop     0x08001710       0x10 CMakeFiles/steer_chassis.elf.dir/App/UserSnc/chassis.c.obj
                0x08001710                stop
 .text.all_stop
                0x08001720       0x1c CMakeFiles/steer_chassis.elf.dir/App/UserSnc/chassis.c.obj
                0x08001720                all_stop
 .text.led_green
                0x0800173c       0x14 CMakeFiles/steer_chassis.elf.dir/App/UserSnc/chassis.c.obj
                0x0800173c                led_green
 .text.move_steer_chassis
                0x08001750      0x180 CMakeFiles/steer_chassis.elf.dir/App/UserSnc/mec.c.obj
                0x08001750                move_steer_chassis
 .text.move_chassis_steer
                0x080018d0      0x148 CMakeFiles/steer_chassis.elf.dir/App/UserSnc/mec.c.obj
                0x080018d0                move_chassis_steer
 .text.my_can1_init
                0x08001a18       0x4c CMakeFiles/steer_chassis.elf.dir/App/UserSnc/mycan.c.obj
                0x08001a18                my_can1_init
 .text.my_can2_init
                0x08001a64       0x4c CMakeFiles/steer_chassis.elf.dir/App/UserSnc/mycan.c.obj
                0x08001a64                my_can2_init
 .text.set_chassis_3508_v
                0x08001ab0       0x5c CMakeFiles/steer_chassis.elf.dir/App/UserSnc/mycan.c.obj
                0x08001ab0                set_chassis_3508_v
 .text.set_chassis_6020_v
                0x08001b0c       0x5c CMakeFiles/steer_chassis.elf.dir/App/UserSnc/mycan.c.obj
                0x08001b0c                set_chassis_6020_v
 .text.send_msg
                0x08001b68       0x5c CMakeFiles/steer_chassis.elf.dir/App/UserSnc/mycan.c.obj
                0x08001b68                send_msg
 .text.HAL_CAN_RxFifo0MsgPendingCallback
                0x08001bc4       0x78 CMakeFiles/steer_chassis.elf.dir/App/UserSnc/mycan.c.obj
                0x08001bc4                HAL_CAN_RxFifo0MsgPendingCallback
 .text.HAL_CAN_RxFifo1MsgPendingCallback
                0x08001c3c       0xc8 CMakeFiles/steer_chassis.elf.dir/App/UserSnc/mycan.c.obj
                0x08001c3c                HAL_CAN_RxFifo1MsgPendingCallback
 .text.pid_init
                0x08001d04       0x10 CMakeFiles/steer_chassis.elf.dir/App/UserSnc/pid.c.obj
                0x08001d04                pid_init
 .text.pid_calc
                0x08001d14       0xb6 CMakeFiles/steer_chassis.elf.dir/App/UserSnc/pid.c.obj
                0x08001d14                pid_calc
 *fill*         0x08001dca        0x2 
 .text.all_pid_init
                0x08001dcc       0xd4 CMakeFiles/steer_chassis.elf.dir/App/UserSnc/pid.c.obj
                0x08001dcc                all_pid_init
 .text.REFREE_Init
                0x08001ea0       0x28 CMakeFiles/steer_chassis.elf.dir/App/UserSnc/refree.c.obj
                0x08001ea0                REFREE_Init
 .text.Get_CRC16_Check_Sum
                0x08001ec8       0x38 CMakeFiles/steer_chassis.elf.dir/App/UserSnc/refree.c.obj
                0x08001ec8                Get_CRC16_Check_Sum
 .text.Get_CRC8_Check_Sum
                0x08001f00       0x20 CMakeFiles/steer_chassis.elf.dir/App/UserSnc/refree.c.obj
                0x08001f00                Get_CRC8_Check_Sum
 .text.Calc_Robot_ID
                0x08001f20       0x5c CMakeFiles/steer_chassis.elf.dir/App/UserSnc/refree.c.obj
                0x08001f20                Calc_Robot_ID
 .text.RobotInteractiveHandle
                0x08001f7c       0x58 CMakeFiles/steer_chassis.elf.dir/App/UserSnc/refree.c.obj
                0x08001f7c                RobotInteractiveHandle
 .text.RefereeHandle
                0x08001fd4      0x23c CMakeFiles/steer_chassis.elf.dir/App/UserSnc/refree.c.obj
                0x08001fd4                RefereeHandle
 .text.unPackDataFromRF
                0x08002210      0x198 CMakeFiles/steer_chassis.elf.dir/App/UserSnc/refree.c.obj
                0x08002210                unPackDataFromRF
 .text.MX_CAN1_Init
                0x080023a8       0x40 CMakeFiles/steer_chassis.elf.dir/Core/Src/can.c.obj
                0x080023a8                MX_CAN1_Init
 .text.MX_CAN2_Init
                0x080023e8       0x40 CMakeFiles/steer_chassis.elf.dir/Core/Src/can.c.obj
                0x080023e8                MX_CAN2_Init
 .text.HAL_CAN_MspInit
                0x08002428      0x144 CMakeFiles/steer_chassis.elf.dir/Core/Src/can.c.obj
                0x08002428                HAL_CAN_MspInit
 .text.MX_DMA_Init
                0x0800256c       0x58 CMakeFiles/steer_chassis.elf.dir/Core/Src/dma.c.obj
                0x0800256c                MX_DMA_Init
 .text.MX_GPIO_Init
                0x080025c4      0x108 CMakeFiles/steer_chassis.elf.dir/Core/Src/gpio.c.obj
                0x080025c4                MX_GPIO_Init
 .text.msp      0x080026cc       0x54 CMakeFiles/steer_chassis.elf.dir/Core/Src/main.c.obj
                0x080026cc                msp
 .text.HAL_UARTEx_RxEventCallback
                0x08002720       0x70 CMakeFiles/steer_chassis.elf.dir/Core/Src/main.c.obj
                0x08002720                HAL_UARTEx_RxEventCallback
 .text.Error_Handler
                0x08002790        0x4 CMakeFiles/steer_chassis.elf.dir/Core/Src/main.c.obj
                0x08002790                Error_Handler
 .text.SystemClock_Config
                0x08002794       0xa8 CMakeFiles/steer_chassis.elf.dir/Core/Src/main.c.obj
                0x08002794                SystemClock_Config
 .text.main     0x0800283c       0xb4 CMakeFiles/steer_chassis.elf.dir/Core/Src/main.c.obj
                0x0800283c                main
 .text.HAL_MspInit
                0x080028f0       0x38 CMakeFiles/steer_chassis.elf.dir/Core/Src/stm32f4xx_hal_msp.c.obj
                0x080028f0                HAL_MspInit
 .text.NMI_Handler
                0x08002928        0x2 CMakeFiles/steer_chassis.elf.dir/Core/Src/stm32f4xx_it.c.obj
                0x08002928                NMI_Handler
 .text.HardFault_Handler
                0x0800292a        0x2 CMakeFiles/steer_chassis.elf.dir/Core/Src/stm32f4xx_it.c.obj
                0x0800292a                HardFault_Handler
 .text.MemManage_Handler
                0x0800292c        0x2 CMakeFiles/steer_chassis.elf.dir/Core/Src/stm32f4xx_it.c.obj
                0x0800292c                MemManage_Handler
 .text.BusFault_Handler
                0x0800292e        0x2 CMakeFiles/steer_chassis.elf.dir/Core/Src/stm32f4xx_it.c.obj
                0x0800292e                BusFault_Handler
 .text.UsageFault_Handler
                0x08002930        0x2 CMakeFiles/steer_chassis.elf.dir/Core/Src/stm32f4xx_it.c.obj
                0x08002930                UsageFault_Handler
 .text.SVC_Handler
                0x08002932        0x2 CMakeFiles/steer_chassis.elf.dir/Core/Src/stm32f4xx_it.c.obj
                0x08002932                SVC_Handler
 .text.DebugMon_Handler
                0x08002934        0x2 CMakeFiles/steer_chassis.elf.dir/Core/Src/stm32f4xx_it.c.obj
                0x08002934                DebugMon_Handler
 .text.PendSV_Handler
                0x08002936        0x2 CMakeFiles/steer_chassis.elf.dir/Core/Src/stm32f4xx_it.c.obj
                0x08002936                PendSV_Handler
 .text.SysTick_Handler
                0x08002938        0x8 CMakeFiles/steer_chassis.elf.dir/Core/Src/stm32f4xx_it.c.obj
                0x08002938                SysTick_Handler
 .text.DMA1_Stream5_IRQHandler
                0x08002940       0x10 CMakeFiles/steer_chassis.elf.dir/Core/Src/stm32f4xx_it.c.obj
                0x08002940                DMA1_Stream5_IRQHandler
 .text.CAN1_RX0_IRQHandler
                0x08002950       0x10 CMakeFiles/steer_chassis.elf.dir/Core/Src/stm32f4xx_it.c.obj
                0x08002950                CAN1_RX0_IRQHandler
 .text.CAN1_RX1_IRQHandler
                0x08002960       0x10 CMakeFiles/steer_chassis.elf.dir/Core/Src/stm32f4xx_it.c.obj
                0x08002960                CAN1_RX1_IRQHandler
 .text.USART2_IRQHandler
                0x08002970       0x10 CMakeFiles/steer_chassis.elf.dir/Core/Src/stm32f4xx_it.c.obj
                0x08002970                USART2_IRQHandler
 .text.DMA2_Stream2_IRQHandler
                0x08002980       0x10 CMakeFiles/steer_chassis.elf.dir/Core/Src/stm32f4xx_it.c.obj
                0x08002980                DMA2_Stream2_IRQHandler
 .text.CAN2_RX0_IRQHandler
                0x08002990       0x10 CMakeFiles/steer_chassis.elf.dir/Core/Src/stm32f4xx_it.c.obj
                0x08002990                CAN2_RX0_IRQHandler
 .text.CAN2_RX1_IRQHandler
                0x080029a0       0x10 CMakeFiles/steer_chassis.elf.dir/Core/Src/stm32f4xx_it.c.obj
                0x080029a0                CAN2_RX1_IRQHandler
 .text.SystemInit
                0x080029b0        0x2 CMakeFiles/steer_chassis.elf.dir/Core/Src/system_stm32f4xx.c.obj
                0x080029b0                SystemInit
 *fill*         0x080029b2        0x2 
 .text.MX_USART1_UART_Init
                0x080029b4       0x3c CMakeFiles/steer_chassis.elf.dir/Core/Src/usart.c.obj
                0x080029b4                MX_USART1_UART_Init
 .text.MX_USART2_UART_Init
                0x080029f0       0x34 CMakeFiles/steer_chassis.elf.dir/Core/Src/usart.c.obj
                0x080029f0                MX_USART2_UART_Init
 .text.HAL_UART_MspInit
                0x08002a24      0x184 CMakeFiles/steer_chassis.elf.dir/Core/Src/usart.c.obj
                0x08002a24                HAL_UART_MspInit
 .text.Reset_Handler
                0x08002ba8       0x50 CMakeFiles/steer_chassis.elf.dir/Core/Startup/startup_stm32f427iihx.s.obj
                0x08002ba8                Reset_Handler
 .text.Default_Handler
                0x08002bf8        0x2 CMakeFiles/steer_chassis.elf.dir/Core/Startup/startup_stm32f427iihx.s.obj
                0x08002bf8                RTC_Alarm_IRQHandler
                0x08002bf8                HASH_RNG_IRQHandler
                0x08002bf8                EXTI2_IRQHandler
                0x08002bf8                TIM8_CC_IRQHandler
                0x08002bf8                UART8_IRQHandler
                0x08002bf8                SPI4_IRQHandler
                0x08002bf8                TIM1_CC_IRQHandler
                0x08002bf8                DMA2_Stream5_IRQHandler
                0x08002bf8                PVD_IRQHandler
                0x08002bf8                SDIO_IRQHandler
                0x08002bf8                TAMP_STAMP_IRQHandler
                0x08002bf8                EXTI3_IRQHandler
                0x08002bf8                TIM8_TRG_COM_TIM14_IRQHandler
                0x08002bf8                TIM1_UP_TIM10_IRQHandler
                0x08002bf8                TIM8_UP_TIM13_IRQHandler
                0x08002bf8                I2C3_ER_IRQHandler
                0x08002bf8                EXTI0_IRQHandler
                0x08002bf8                I2C2_EV_IRQHandler
                0x08002bf8                DMA1_Stream2_IRQHandler
                0x08002bf8                FPU_IRQHandler
                0x08002bf8                OTG_HS_WKUP_IRQHandler
                0x08002bf8                CAN2_SCE_IRQHandler
                0x08002bf8                SPI1_IRQHandler
                0x08002bf8                TIM6_DAC_IRQHandler
                0x08002bf8                TIM1_BRK_TIM9_IRQHandler
                0x08002bf8                DCMI_IRQHandler
                0x08002bf8                DMA2_Stream3_IRQHandler
                0x08002bf8                USART6_IRQHandler
                0x08002bf8                USART3_IRQHandler
                0x08002bf8                UART5_IRQHandler
                0x08002bf8                DMA2_Stream0_IRQHandler
                0x08002bf8                TIM4_IRQHandler
                0x08002bf8                I2C1_EV_IRQHandler
                0x08002bf8                DMA1_Stream6_IRQHandler
                0x08002bf8                DMA1_Stream1_IRQHandler
                0x08002bf8                UART4_IRQHandler
                0x08002bf8                TIM3_IRQHandler
                0x08002bf8                RCC_IRQHandler
                0x08002bf8                TIM8_BRK_TIM12_IRQHandler
                0x08002bf8                Default_Handler
                0x08002bf8                EXTI15_10_IRQHandler
                0x08002bf8                ADC_IRQHandler
                0x08002bf8                DMA1_Stream7_IRQHandler
                0x08002bf8                SPI5_IRQHandler
                0x08002bf8                TIM7_IRQHandler
                0x08002bf8                CAN2_TX_IRQHandler
                0x08002bf8                TIM5_IRQHandler
                0x08002bf8                DMA2_Stream7_IRQHandler
                0x08002bf8                I2C3_EV_IRQHandler
                0x08002bf8                EXTI9_5_IRQHandler
                0x08002bf8                RTC_WKUP_IRQHandler
                0x08002bf8                ETH_WKUP_IRQHandler
                0x08002bf8                SPI2_IRQHandler
                0x08002bf8                OTG_HS_EP1_IN_IRQHandler
                0x08002bf8                DMA1_Stream0_IRQHandler
                0x08002bf8                CAN1_TX_IRQHandler
                0x08002bf8                EXTI4_IRQHandler
                0x08002bf8                ETH_IRQHandler
                0x08002bf8                OTG_HS_EP1_OUT_IRQHandler
                0x08002bf8                WWDG_IRQHandler
                0x08002bf8                SPI6_IRQHandler
                0x08002bf8                TIM2_IRQHandler
                0x08002bf8                OTG_FS_WKUP_IRQHandler
                0x08002bf8                TIM1_TRG_COM_TIM11_IRQHandler
                0x08002bf8                OTG_HS_IRQHandler
                0x08002bf8                DMA2D_IRQHandler
                0x08002bf8                EXTI1_IRQHandler
                0x08002bf8                UART7_IRQHandler
                0x08002bf8                I2C2_ER_IRQHandler
                0x08002bf8                DMA2_Stream1_IRQHandler
                0x08002bf8                CAN1_SCE_IRQHandler
                0x08002bf8                FLASH_IRQHandler
                0x08002bf8                DMA2_Stream4_IRQHandler
                0x08002bf8                USART1_IRQHandler
                0x08002bf8                OTG_FS_IRQHandler
                0x08002bf8                SPI3_IRQHandler
                0x08002bf8                DMA1_Stream4_IRQHandler
                0x08002bf8                I2C1_ER_IRQHandler
                0x08002bf8                FMC_IRQHandler
                0x08002bf8                DMA2_Stream6_IRQHandler
                0x08002bf8                SAI1_IRQHandler
                0x08002bf8                DMA1_Stream3_IRQHandler
 *fill*         0x08002bfa        0x2 
 .text.HAL_InitTick
                0x08002bfc       0x4c CMakeFiles/steer_chassis.elf.dir/Drivers/STM32F4xx_HAL_Driver/Src/stm32f4xx_hal.c.obj
                0x08002bfc                HAL_InitTick
 .text.HAL_Init
                0x08002c48       0x34 CMakeFiles/steer_chassis.elf.dir/Drivers/STM32F4xx_HAL_Driver/Src/stm32f4xx_hal.c.obj
                0x08002c48                HAL_Init
 .text.HAL_IncTick
                0x08002c7c       0x18 CMakeFiles/steer_chassis.elf.dir/Drivers/STM32F4xx_HAL_Driver/Src/stm32f4xx_hal.c.obj
                0x08002c7c                HAL_IncTick
 .text.HAL_GetTick
                0x08002c94        0xc CMakeFiles/steer_chassis.elf.dir/Drivers/STM32F4xx_HAL_Driver/Src/stm32f4xx_hal.c.obj
                0x08002c94                HAL_GetTick
 .text.HAL_Delay
                0x08002ca0       0x28 CMakeFiles/steer_chassis.elf.dir/Drivers/STM32F4xx_HAL_Driver/Src/stm32f4xx_hal.c.obj
                0x08002ca0                HAL_Delay
 .text.HAL_CAN_Init
                0x08002cc8      0x14c CMakeFiles/steer_chassis.elf.dir/Drivers/STM32F4xx_HAL_Driver/Src/stm32f4xx_hal_can.c.obj
                0x08002cc8                HAL_CAN_Init
 .text.HAL_CAN_ConfigFilter
                0x08002e14      0x13c CMakeFiles/steer_chassis.elf.dir/Drivers/STM32F4xx_HAL_Driver/Src/stm32f4xx_hal_can.c.obj
                0x08002e14                HAL_CAN_ConfigFilter
 .text.HAL_CAN_Start
                0x08002f50       0x5c CMakeFiles/steer_chassis.elf.dir/Drivers/STM32F4xx_HAL_Driver/Src/stm32f4xx_hal_can.c.obj
                0x08002f50                HAL_CAN_Start
 .text.HAL_CAN_AddTxMessage
                0x08002fac       0xea CMakeFiles/steer_chassis.elf.dir/Drivers/STM32F4xx_HAL_Driver/Src/stm32f4xx_hal_can.c.obj
                0x08002fac                HAL_CAN_AddTxMessage
 .text.HAL_CAN_GetTxMailboxesFreeLevel
                0x08003096       0x32 CMakeFiles/steer_chassis.elf.dir/Drivers/STM32F4xx_HAL_Driver/Src/stm32f4xx_hal_can.c.obj
                0x08003096                HAL_CAN_GetTxMailboxesFreeLevel
 .text.HAL_CAN_GetRxMessage
                0x080030c8      0x16a CMakeFiles/steer_chassis.elf.dir/Drivers/STM32F4xx_HAL_Driver/Src/stm32f4xx_hal_can.c.obj
                0x080030c8                HAL_CAN_GetRxMessage
 .text.HAL_CAN_ActivateNotification
                0x08003232       0x24 CMakeFiles/steer_chassis.elf.dir/Drivers/STM32F4xx_HAL_Driver/Src/stm32f4xx_hal_can.c.obj
                0x08003232                HAL_CAN_ActivateNotification
 .text.HAL_CAN_TxMailbox0CompleteCallback
                0x08003256        0x2 CMakeFiles/steer_chassis.elf.dir/Drivers/STM32F4xx_HAL_Driver/Src/stm32f4xx_hal_can.c.obj
                0x08003256                HAL_CAN_TxMailbox0CompleteCallback
 .text.HAL_CAN_TxMailbox1CompleteCallback
                0x08003258        0x2 CMakeFiles/steer_chassis.elf.dir/Drivers/STM32F4xx_HAL_Driver/Src/stm32f4xx_hal_can.c.obj
                0x08003258                HAL_CAN_TxMailbox1CompleteCallback
 .text.HAL_CAN_TxMailbox2CompleteCallback
                0x0800325a        0x2 CMakeFiles/steer_chassis.elf.dir/Drivers/STM32F4xx_HAL_Driver/Src/stm32f4xx_hal_can.c.obj
                0x0800325a                HAL_CAN_TxMailbox2CompleteCallback
 .text.HAL_CAN_TxMailbox0AbortCallback
                0x0800325c        0x2 CMakeFiles/steer_chassis.elf.dir/Drivers/STM32F4xx_HAL_Driver/Src/stm32f4xx_hal_can.c.obj
                0x0800325c                HAL_CAN_TxMailbox0AbortCallback
 .text.HAL_CAN_TxMailbox1AbortCallback
                0x0800325e        0x2 CMakeFiles/steer_chassis.elf.dir/Drivers/STM32F4xx_HAL_Driver/Src/stm32f4xx_hal_can.c.obj
                0x0800325e                HAL_CAN_TxMailbox1AbortCallback
 .text.HAL_CAN_TxMailbox2AbortCallback
                0x08003260        0x2 CMakeFiles/steer_chassis.elf.dir/Drivers/STM32F4xx_HAL_Driver/Src/stm32f4xx_hal_can.c.obj
                0x08003260                HAL_CAN_TxMailbox2AbortCallback
 .text.HAL_CAN_RxFifo0FullCallback
                0x08003262        0x2 CMakeFiles/steer_chassis.elf.dir/Drivers/STM32F4xx_HAL_Driver/Src/stm32f4xx_hal_can.c.obj
                0x08003262                HAL_CAN_RxFifo0FullCallback
 .text.HAL_CAN_RxFifo1FullCallback
                0x08003264        0x2 CMakeFiles/steer_chassis.elf.dir/Drivers/STM32F4xx_HAL_Driver/Src/stm32f4xx_hal_can.c.obj
                0x08003264                HAL_CAN_RxFifo1FullCallback
 .text.HAL_CAN_SleepCallback
                0x08003266        0x2 CMakeFiles/steer_chassis.elf.dir/Drivers/STM32F4xx_HAL_Driver/Src/stm32f4xx_hal_can.c.obj
                0x08003266                HAL_CAN_SleepCallback
 .text.HAL_CAN_WakeUpFromRxMsgCallback
                0x08003268        0x2 CMakeFiles/steer_chassis.elf.dir/Drivers/STM32F4xx_HAL_Driver/Src/stm32f4xx_hal_can.c.obj
                0x08003268                HAL_CAN_WakeUpFromRxMsgCallback
 .text.HAL_CAN_ErrorCallback
                0x0800326a        0x2 CMakeFiles/steer_chassis.elf.dir/Drivers/STM32F4xx_HAL_Driver/Src/stm32f4xx_hal_can.c.obj
                0x0800326a                HAL_CAN_ErrorCallback
 .text.HAL_CAN_IRQHandler
                0x0800326c      0x250 CMakeFiles/steer_chassis.elf.dir/Drivers/STM32F4xx_HAL_Driver/Src/stm32f4xx_hal_can.c.obj
                0x0800326c                HAL_CAN_IRQHandler
 .text.__NVIC_EnableIRQ
                0x080034bc       0x1c CMakeFiles/steer_chassis.elf.dir/Drivers/STM32F4xx_HAL_Driver/Src/stm32f4xx_hal_cortex.c.obj
 .text.__NVIC_SetPriority
                0x080034d8       0x28 CMakeFiles/steer_chassis.elf.dir/Drivers/STM32F4xx_HAL_Driver/Src/stm32f4xx_hal_cortex.c.obj
 .text.NVIC_EncodePriority
                0x08003500       0x3e CMakeFiles/steer_chassis.elf.dir/Drivers/STM32F4xx_HAL_Driver/Src/stm32f4xx_hal_cortex.c.obj
 *fill*         0x0800353e        0x2 
 .text.HAL_NVIC_SetPriorityGrouping
                0x08003540       0x24 CMakeFiles/steer_chassis.elf.dir/Drivers/STM32F4xx_HAL_Driver/Src/stm32f4xx_hal_cortex.c.obj
                0x08003540                HAL_NVIC_SetPriorityGrouping
 .text.HAL_NVIC_SetPriority
                0x08003564       0x20 CMakeFiles/steer_chassis.elf.dir/Drivers/STM32F4xx_HAL_Driver/Src/stm32f4xx_hal_cortex.c.obj
                0x08003564                HAL_NVIC_SetPriority
 .text.HAL_NVIC_EnableIRQ
                0x08003584        0x8 CMakeFiles/steer_chassis.elf.dir/Drivers/STM32F4xx_HAL_Driver/Src/stm32f4xx_hal_cortex.c.obj
                0x08003584                HAL_NVIC_EnableIRQ
 .text.HAL_SYSTICK_Config
                0x0800358c       0x28 CMakeFiles/steer_chassis.elf.dir/Drivers/STM32F4xx_HAL_Driver/Src/stm32f4xx_hal_cortex.c.obj
                0x0800358c                HAL_SYSTICK_Config
 .text.DMA_SetConfig
                0x080035b4       0x2c CMakeFiles/steer_chassis.elf.dir/Drivers/STM32F4xx_HAL_Driver/Src/stm32f4xx_hal_dma.c.obj
 .text.DMA_CalcBaseAndBitshift
                0x080035e0       0x38 CMakeFiles/steer_chassis.elf.dir/Drivers/STM32F4xx_HAL_Driver/Src/stm32f4xx_hal_dma.c.obj
 .text.DMA_CheckFifoParam
                0x08003618       0x8e CMakeFiles/steer_chassis.elf.dir/Drivers/STM32F4xx_HAL_Driver/Src/stm32f4xx_hal_dma.c.obj
 *fill*         0x080036a6        0x2 
 .text.HAL_DMA_Init
                0x080036a8       0xcc CMakeFiles/steer_chassis.elf.dir/Drivers/STM32F4xx_HAL_Driver/Src/stm32f4xx_hal_dma.c.obj
                0x080036a8                HAL_DMA_Init
 .text.HAL_DMA_Start_IT
                0x08003774       0x6a CMakeFiles/steer_chassis.elf.dir/Drivers/STM32F4xx_HAL_Driver/Src/stm32f4xx_hal_dma.c.obj
                0x08003774                HAL_DMA_Start_IT
 .text.HAL_DMA_Abort
                0x080037de       0x94 CMakeFiles/steer_chassis.elf.dir/Drivers/STM32F4xx_HAL_Driver/Src/stm32f4xx_hal_dma.c.obj
                0x080037de                HAL_DMA_Abort
 .text.HAL_DMA_Abort_IT
                0x08003872       0x26 CMakeFiles/steer_chassis.elf.dir/Drivers/STM32F4xx_HAL_Driver/Src/stm32f4xx_hal_dma.c.obj
                0x08003872                HAL_DMA_Abort_IT
 .text.HAL_DMA_IRQHandler
                0x08003898      0x1dc CMakeFiles/steer_chassis.elf.dir/Drivers/STM32F4xx_HAL_Driver/Src/stm32f4xx_hal_dma.c.obj
                0x08003898                HAL_DMA_IRQHandler
 .text.HAL_GPIO_Init
                0x08003a74      0x20c CMakeFiles/steer_chassis.elf.dir/Drivers/STM32F4xx_HAL_Driver/Src/stm32f4xx_hal_gpio.c.obj
                0x08003a74                HAL_GPIO_Init
 .text.HAL_GPIO_WritePin
                0x08003c80        0xc CMakeFiles/steer_chassis.elf.dir/Drivers/STM32F4xx_HAL_Driver/Src/stm32f4xx_hal_gpio.c.obj
                0x08003c80                HAL_GPIO_WritePin
 .text.HAL_GPIO_TogglePin
                0x08003c8c       0x12 CMakeFiles/steer_chassis.elf.dir/Drivers/STM32F4xx_HAL_Driver/Src/stm32f4xx_hal_gpio.c.obj
                0x08003c8c                HAL_GPIO_TogglePin
 *fill*         0x08003c9e        0x2 
 .text.HAL_RCC_OscConfig
                0x08003ca0      0x3f8 CMakeFiles/steer_chassis.elf.dir/Drivers/STM32F4xx_HAL_Driver/Src/stm32f4xx_hal_rcc.c.obj
                0x08003ca0                HAL_RCC_OscConfig
 .text.HAL_RCC_GetSysClockFreq
                0x08004098       0xa8 CMakeFiles/steer_chassis.elf.dir/Drivers/STM32F4xx_HAL_Driver/Src/stm32f4xx_hal_rcc.c.obj
                0x08004098                HAL_RCC_GetSysClockFreq
 .text.HAL_RCC_ClockConfig
                0x08004140      0x160 CMakeFiles/steer_chassis.elf.dir/Drivers/STM32F4xx_HAL_Driver/Src/stm32f4xx_hal_rcc.c.obj
                0x08004140                HAL_RCC_ClockConfig
 .text.HAL_RCC_GetHCLKFreq
                0x080042a0        0xc CMakeFiles/steer_chassis.elf.dir/Drivers/STM32F4xx_HAL_Driver/Src/stm32f4xx_hal_rcc.c.obj
                0x080042a0                HAL_RCC_GetHCLKFreq
 .text.HAL_RCC_GetPCLK1Freq
                0x080042ac       0x20 CMakeFiles/steer_chassis.elf.dir/Drivers/STM32F4xx_HAL_Driver/Src/stm32f4xx_hal_rcc.c.obj
                0x080042ac                HAL_RCC_GetPCLK1Freq
 .text.HAL_RCC_GetPCLK2Freq
                0x080042cc       0x20 CMakeFiles/steer_chassis.elf.dir/Drivers/STM32F4xx_HAL_Driver/Src/stm32f4xx_hal_rcc.c.obj
                0x080042cc                HAL_RCC_GetPCLK2Freq
 .text.UART_EndTxTransfer
                0x080042ec       0x20 CMakeFiles/steer_chassis.elf.dir/Drivers/STM32F4xx_HAL_Driver/Src/stm32f4xx_hal_uart.c.obj
 .text.UART_EndRxTransfer
                0x0800430c       0x5c CMakeFiles/steer_chassis.elf.dir/Drivers/STM32F4xx_HAL_Driver/Src/stm32f4xx_hal_uart.c.obj
 .text.UART_Transmit_IT
                0x08004368       0x60 CMakeFiles/steer_chassis.elf.dir/Drivers/STM32F4xx_HAL_Driver/Src/stm32f4xx_hal_uart.c.obj
 .text.UART_SetConfig
                0x080043c8      0x110 CMakeFiles/steer_chassis.elf.dir/Drivers/STM32F4xx_HAL_Driver/Src/stm32f4xx_hal_uart.c.obj
 .text.HAL_UART_Init
                0x080044d8       0x60 CMakeFiles/steer_chassis.elf.dir/Drivers/STM32F4xx_HAL_Driver/Src/stm32f4xx_hal_uart.c.obj
                0x080044d8                HAL_UART_Init
 .text.HAL_UART_TxCpltCallback
                0x08004538        0x2 CMakeFiles/steer_chassis.elf.dir/Drivers/STM32F4xx_HAL_Driver/Src/stm32f4xx_hal_uart.c.obj
                0x08004538                HAL_UART_TxCpltCallback
 .text.UART_EndTransmit_IT
                0x0800453a       0x1a CMakeFiles/steer_chassis.elf.dir/Drivers/STM32F4xx_HAL_Driver/Src/stm32f4xx_hal_uart.c.obj
 .text.HAL_UART_RxCpltCallback
                0x08004554        0x2 CMakeFiles/steer_chassis.elf.dir/Drivers/STM32F4xx_HAL_Driver/Src/stm32f4xx_hal_uart.c.obj
                0x08004554                HAL_UART_RxCpltCallback
 .text.HAL_UART_RxHalfCpltCallback
                0x08004556        0x2 CMakeFiles/steer_chassis.elf.dir/Drivers/STM32F4xx_HAL_Driver/Src/stm32f4xx_hal_uart.c.obj
                0x08004556                HAL_UART_RxHalfCpltCallback
 .text.HAL_UART_ErrorCallback
                0x08004558        0x2 CMakeFiles/steer_chassis.elf.dir/Drivers/STM32F4xx_HAL_Driver/Src/stm32f4xx_hal_uart.c.obj
                0x08004558                HAL_UART_ErrorCallback
 .text.UART_DMAError
                0x0800455a       0x58 CMakeFiles/steer_chassis.elf.dir/Drivers/STM32F4xx_HAL_Driver/Src/stm32f4xx_hal_uart.c.obj
 .text.UART_DMAAbortOnError
                0x080045b2       0x10 CMakeFiles/steer_chassis.elf.dir/Drivers/STM32F4xx_HAL_Driver/Src/stm32f4xx_hal_uart.c.obj
 .text.UART_Receive_IT
                0x080045c2       0xe6 CMakeFiles/steer_chassis.elf.dir/Drivers/STM32F4xx_HAL_Driver/Src/stm32f4xx_hal_uart.c.obj
 .text.HAL_UART_IRQHandler
                0x080046a8      0x284 CMakeFiles/steer_chassis.elf.dir/Drivers/STM32F4xx_HAL_Driver/Src/stm32f4xx_hal_uart.c.obj
                0x080046a8                HAL_UART_IRQHandler
 .text.UART_DMARxHalfCplt
                0x0800492c       0x1e CMakeFiles/steer_chassis.elf.dir/Drivers/STM32F4xx_HAL_Driver/Src/stm32f4xx_hal_uart.c.obj
 .text.UART_DMAReceiveCplt
                0x0800494a       0x9a CMakeFiles/steer_chassis.elf.dir/Drivers/STM32F4xx_HAL_Driver/Src/stm32f4xx_hal_uart.c.obj
 .text.UART_Start_Receive_DMA
                0x080049e4       0xa4 CMakeFiles/steer_chassis.elf.dir/Drivers/STM32F4xx_HAL_Driver/Src/stm32f4xx_hal_uart.c.obj
                0x080049e4                UART_Start_Receive_DMA
 .text.HAL_UARTEx_ReceiveToIdle_DMA
                0x08004a88       0x66 CMakeFiles/steer_chassis.elf.dir/Drivers/STM32F4xx_HAL_Driver/Src/stm32f4xx_hal_uart.c.obj
                0x08004a88                HAL_UARTEx_ReceiveToIdle_DMA
 *fill*         0x08004aee        0x2 
 .text.__udivmoddi4
                0x08004af0      0x2bc C:/clion/gcc-arm-none-eabi-10.3-2021.10/bin/../lib/gcc/arm-none-eabi/13.3.1/thumb/v7e-m/nofp\libgcc.a(_udivmoddi4.o)
                0x08004af0                __udivmoddi4
 .text.memset   0x08004dac       0xa4 C:/clion/gcc-arm-none-eabi-10.3-2021.10/bin/../lib/gcc/arm-none-eabi/13.3.1/thumb/v7e-m/nofp\libg.a(libc_a-memset.o)
                0x08004dac                memset
 .text.__errno  0x08004e50        0xc C:/clion/gcc-arm-none-eabi-10.3-2021.10/bin/../lib/gcc/arm-none-eabi/13.3.1/thumb/v7e-m/nofp\libg.a(libc_a-errno.o)
                0x08004e50                __errno
 .text.__libc_init_array
                0x08004e5c       0x50 C:/clion/gcc-arm-none-eabi-10.3-2021.10/bin/../lib/gcc/arm-none-eabi/13.3.1/thumb/v7e-m/nofp\libg.a(libc_a-init.o)
                0x08004e5c                __libc_init_array
 .text.__retarget_lock_acquire_recursive
                0x08004eac        0x4 C:/clion/gcc-arm-none-eabi-10.3-2021.10/bin/../lib/gcc/arm-none-eabi/13.3.1/thumb/v7e-m/nofp\libg.a(libc_a-lock.o)
                0x08004eac                __retarget_lock_acquire_recursive
 .text.__retarget_lock_release_recursive
                0x08004eb0        0x4 C:/clion/gcc-arm-none-eabi-10.3-2021.10/bin/../lib/gcc/arm-none-eabi/13.3.1/thumb/v7e-m/nofp\libg.a(libc_a-lock.o)
                0x08004eb0                __retarget_lock_release_recursive
 .text.startup.register_fini
                0x08004eb4       0x14 C:/clion/gcc-arm-none-eabi-10.3-2021.10/bin/../lib/gcc/arm-none-eabi/13.3.1/thumb/v7e-m/nofp\libg.a(libc_a-__call_atexit.o)
 .text.atexit   0x08004ec8        0xc C:/clion/gcc-arm-none-eabi-10.3-2021.10/bin/../lib/gcc/arm-none-eabi/13.3.1/thumb/v7e-m/nofp\libg.a(libc_a-atexit.o)
                0x08004ec8                atexit
 .text.__libc_fini_array
                0x08004ed4       0x28 C:/clion/gcc-arm-none-eabi-10.3-2021.10/bin/../lib/gcc/arm-none-eabi/13.3.1/thumb/v7e-m/nofp\libg.a(libc_a-fini.o)
                0x08004ed4                __libc_fini_array
 .text.__register_exitproc
                0x08004efc       0x80 C:/clion/gcc-arm-none-eabi-10.3-2021.10/bin/../lib/gcc/arm-none-eabi/13.3.1/thumb/v7e-m/nofp\libg.a(libc_a-__atexit.o)
                0x08004efc                __register_exitproc
 .text.atan2    0x08004f7c        0x4 C:/clion/gcc-arm-none-eabi-10.3-2021.10/bin/../lib/gcc/arm-none-eabi/13.3.1/thumb/v7e-m/nofp\libm.a(libm_a-w_atan2.o)
                0x08004f7c                atan2
 .text.pow      0x08004f80       0xdc C:/clion/gcc-arm-none-eabi-10.3-2021.10/bin/../lib/gcc/arm-none-eabi/13.3.1/thumb/v7e-m/nofp\libm.a(libm_a-w_pow.o)
                0x08004f80                pow
 .text.sqrt     0x0800505c       0x50 C:/clion/gcc-arm-none-eabi-10.3-2021.10/bin/../lib/gcc/arm-none-eabi/13.3.1/thumb/v7e-m/nofp\libm.a(libm_a-w_sqrt.o)
                0x0800505c                sqrt
 .text.finite   0x080050ac        0xc C:/clion/gcc-arm-none-eabi-10.3-2021.10/bin/../lib/gcc/arm-none-eabi/13.3.1/thumb/v7e-m/nofp\libm.a(libm_a-s_finite.o)
                0x080050ac                finite
 .text.__ieee754_sqrt
                0x080050b8      0x1d8 C:/clion/gcc-arm-none-eabi-10.3-2021.10/bin/../lib/gcc/arm-none-eabi/13.3.1/thumb/v7e-m/nofp\libm.a(libm_a-e_sqrt.o)
                0x080050b8                __ieee754_sqrt
 .text.__ieee754_atan2
                0x08005290      0x194 C:/clion/gcc-arm-none-eabi-10.3-2021.10/bin/../lib/gcc/arm-none-eabi/13.3.1/thumb/v7e-m/nofp\libm.a(libm_a-e_atan2.o)
                0x08005290                __ieee754_atan2
 *fill*         0x08005424        0x4 
 .text.__ieee754_pow
                0x08005428      0xb50 C:/clion/gcc-arm-none-eabi-10.3-2021.10/bin/../lib/gcc/arm-none-eabi/13.3.1/thumb/v7e-m/nofp\libm.a(libm_a-e_pow.o)
                0x08005428                __ieee754_pow
 .text.atan     0x08005f78      0x328 C:/clion/gcc-arm-none-eabi-10.3-2021.10/bin/../lib/gcc/arm-none-eabi/13.3.1/thumb/v7e-m/nofp\libm.a(libm_a-s_atan.o)
                0x08005f78                atan
 .text.fabs     0x080062a0        0x8 C:/clion/gcc-arm-none-eabi-10.3-2021.10/bin/../lib/gcc/arm-none-eabi/13.3.1/thumb/v7e-m/nofp\libm.a(libm_a-s_fabs.o)
                0x080062a0                fabs
 .text.scalbn   0x080062a8       0xe4 C:/clion/gcc-arm-none-eabi-10.3-2021.10/bin/../lib/gcc/arm-none-eabi/13.3.1/thumb/v7e-m/nofp\libm.a(libm_a-s_scalbn.o)
                0x080062a8                scalbn
 .text.with_errno
                0x0800638c       0x18 C:/clion/gcc-arm-none-eabi-10.3-2021.10/bin/../lib/gcc/arm-none-eabi/13.3.1/thumb/v7e-m/nofp\libm.a(libm_a-math_err.o)
 .text.xflow    0x080063a4       0x28 C:/clion/gcc-arm-none-eabi-10.3-2021.10/bin/../lib/gcc/arm-none-eabi/13.3.1/thumb/v7e-m/nofp\libm.a(libm_a-math_err.o)
 .text.__math_uflow
                0x080063cc        0xc C:/clion/gcc-arm-none-eabi-10.3-2021.10/bin/../lib/gcc/arm-none-eabi/13.3.1/thumb/v7e-m/nofp\libm.a(libm_a-math_err.o)
                0x080063cc                __math_uflow
 .text.__math_oflow
                0x080063d8        0xc C:/clion/gcc-arm-none-eabi-10.3-2021.10/bin/../lib/gcc/arm-none-eabi/13.3.1/thumb/v7e-m/nofp\libm.a(libm_a-math_err.o)
                0x080063d8                __math_oflow
 *(.glue_7)
 .glue_7        0x080063e4        0x0 linker stubs
 *(.glue_7t)
 .glue_7t       0x080063e4        0x0 linker stubs
 *(.eh_frame)
 .eh_frame      0x080063e4        0x0 C:/clion/gcc-arm-none-eabi-10.3-2021.10/bin/../lib/gcc/arm-none-eabi/13.3.1/thumb/v7e-m/nofp/crtbegin.o
 *(.init)
 .init          0x080063e4        0x4 C:/clion/gcc-arm-none-eabi-10.3-2021.10/bin/../lib/gcc/arm-none-eabi/13.3.1/thumb/v7e-m/nofp/crti.o
                0x080063e4                _init
 .init          0x080063e8        0x8 C:/clion/gcc-arm-none-eabi-10.3-2021.10/bin/../lib/gcc/arm-none-eabi/13.3.1/thumb/v7e-m/nofp/crtn.o
 *(.fini)
 .fini          0x080063f0        0x4 C:/clion/gcc-arm-none-eabi-10.3-2021.10/bin/../lib/gcc/arm-none-eabi/13.3.1/thumb/v7e-m/nofp/crti.o
                0x080063f0                _fini
 .fini          0x080063f4        0x8 C:/clion/gcc-arm-none-eabi-10.3-2021.10/bin/../lib/gcc/arm-none-eabi/13.3.1/thumb/v7e-m/nofp/crtn.o
                0x080063fc                        . = ALIGN (0x4)
                0x080063fc                        _etext = .

.vfp11_veneer   0x080063fc        0x0
 .vfp11_veneer  0x080063fc        0x0 linker stubs

.v4_bx          0x080063fc        0x0
 .v4_bx         0x080063fc        0x0 linker stubs

.iplt           0x080063fc        0x0
 .iplt          0x080063fc        0x0 C:/clion/gcc-arm-none-eabi-10.3-2021.10/bin/../lib/gcc/arm-none-eabi/13.3.1/thumb/v7e-m/nofp/crtbegin.o

.rodata         0x08006400      0x3a0
                0x08006400                        . = ALIGN (0x4)
 *(.rodata)
 *(.rodata*)
 .rodata.wCRC_Table
                0x08006400      0x200 CMakeFiles/steer_chassis.elf.dir/App/UserSnc/refree.c.obj
 .rodata.CRC8_TAB
                0x08006600      0x100 CMakeFiles/steer_chassis.elf.dir/App/UserSnc/refree.c.obj
 .rodata.APBPrescTable
                0x08006700        0x8 CMakeFiles/steer_chassis.elf.dir/Core/Src/system_stm32f4xx.c.obj
                0x08006700                APBPrescTable
 .rodata.AHBPrescTable
                0x08006708       0x10 CMakeFiles/steer_chassis.elf.dir/Core/Src/system_stm32f4xx.c.obj
                0x08006708                AHBPrescTable
 .rodata.flagBitshiftOffset.0
                0x08006718        0x8 CMakeFiles/steer_chassis.elf.dir/Drivers/STM32F4xx_HAL_Driver/Src/stm32f4xx_hal_dma.c.obj
 .rodata.tiny   0x08006720        0x8 C:/clion/gcc-arm-none-eabi-10.3-2021.10/bin/../lib/gcc/arm-none-eabi/13.3.1/thumb/v7e-m/nofp\libm.a(libm_a-e_sqrt.o)
 .rodata.one    0x08006728        0x8 C:/clion/gcc-arm-none-eabi-10.3-2021.10/bin/../lib/gcc/arm-none-eabi/13.3.1/thumb/v7e-m/nofp\libm.a(libm_a-e_sqrt.o)
 .rodata.CSWTCH.9
                0x08006730       0x18 C:/clion/gcc-arm-none-eabi-10.3-2021.10/bin/../lib/gcc/arm-none-eabi/13.3.1/thumb/v7e-m/nofp\libm.a(libm_a-e_atan2.o)
 .rodata.CSWTCH.8
                0x08006748       0x18 C:/clion/gcc-arm-none-eabi-10.3-2021.10/bin/../lib/gcc/arm-none-eabi/13.3.1/thumb/v7e-m/nofp\libm.a(libm_a-e_atan2.o)
 .rodata.atanlo
                0x08006760       0x20 C:/clion/gcc-arm-none-eabi-10.3-2021.10/bin/../lib/gcc/arm-none-eabi/13.3.1/thumb/v7e-m/nofp\libm.a(libm_a-s_atan.o)
 .rodata.atanhi
                0x08006780       0x20 C:/clion/gcc-arm-none-eabi-10.3-2021.10/bin/../lib/gcc/arm-none-eabi/13.3.1/thumb/v7e-m/nofp\libm.a(libm_a-s_atan.o)
                0x080067a0                        . = ALIGN (0x4)

.ARM.extab      0x080067a0        0x0
                0x080067a0                        . = ALIGN (0x4)
 *(.ARM.extab* .gnu.linkonce.armextab.*)
                0x080067a0                        . = ALIGN (0x4)

.ARM            0x080067a0        0x8
                0x080067a0                        . = ALIGN (0x4)
                0x080067a0                        __exidx_start = .
 *(.ARM.exidx*)
 .ARM.exidx     0x080067a0        0x8 C:/clion/gcc-arm-none-eabi-10.3-2021.10/bin/../lib/gcc/arm-none-eabi/13.3.1/thumb/v7e-m/nofp\libg.a(libc_a-memcpy.o)
 .ARM.exidx.text.__udivmoddi4
                0x080067a8        0x0 C:/clion/gcc-arm-none-eabi-10.3-2021.10/bin/../lib/gcc/arm-none-eabi/13.3.1/thumb/v7e-m/nofp\libgcc.a(_udivmoddi4.o)
                                  0x8 (size before relaxing)
                0x080067a8                        __exidx_end = .
                0x080067a8                        . = ALIGN (0x4)

.preinit_array  0x080067a8        0x0
                0x080067a8                        . = ALIGN (0x4)
                0x080067a8                        PROVIDE (__preinit_array_start = .)
 *(.preinit_array*)
                0x080067a8                        PROVIDE (__preinit_array_end = .)
                0x080067a8                        . = ALIGN (0x4)

.init_array     0x080067a8        0x8
                0x080067a8                        . = ALIGN (0x4)
                0x080067a8                        PROVIDE (__init_array_start = .)
 *(SORT_BY_NAME(.init_array.*))
 .init_array.00000
                0x080067a8        0x4 C:/clion/gcc-arm-none-eabi-10.3-2021.10/bin/../lib/gcc/arm-none-eabi/13.3.1/thumb/v7e-m/nofp\libg.a(libc_a-__call_atexit.o)
 *(.init_array*)
 .init_array    0x080067ac        0x4 C:/clion/gcc-arm-none-eabi-10.3-2021.10/bin/../lib/gcc/arm-none-eabi/13.3.1/thumb/v7e-m/nofp/crtbegin.o
                0x080067b0                        PROVIDE (__init_array_end = .)
                0x080067b0                        . = ALIGN (0x4)

.fini_array     0x080067b0        0x4
                0x080067b0                        . = ALIGN (0x4)
                0x080067b0                        PROVIDE (__fini_array_start = .)
 *(SORT_BY_NAME(.fini_array.*))
 *(.fini_array*)
 .fini_array    0x080067b0        0x4 C:/clion/gcc-arm-none-eabi-10.3-2021.10/bin/../lib/gcc/arm-none-eabi/13.3.1/thumb/v7e-m/nofp/crtbegin.o
                0x080067b4                        PROVIDE (__fini_array_end = .)
                0x080067b4                        . = ALIGN (0x4)
                0x080067b4                        _sidata = LOADADDR (.data)

.rel.dyn        0x080067b4        0x0
 .rel.iplt      0x080067b4        0x0 C:/clion/gcc-arm-none-eabi-10.3-2021.10/bin/../lib/gcc/arm-none-eabi/13.3.1/thumb/v7e-m/nofp/crtbegin.o

.data           0x20000000      0x154 load address 0x080067b4
                0x20000000                        . = ALIGN (0x4)
                0x20000000                        _sdata = .
 *(.data)
 *(.data*)
 .data.SystemCoreClock
                0x20000000        0x4 CMakeFiles/steer_chassis.elf.dir/Core/Src/system_stm32f4xx.c.obj
                0x20000000                SystemCoreClock
 .data.uwTickFreq
                0x20000004        0x1 CMakeFiles/steer_chassis.elf.dir/Drivers/STM32F4xx_HAL_Driver/Src/stm32f4xx_hal.c.obj
                0x20000004                uwTickFreq
 *fill*         0x20000005        0x3 
 .data.uwTickPrio
                0x20000008        0x4 CMakeFiles/steer_chassis.elf.dir/Drivers/STM32F4xx_HAL_Driver/Src/stm32f4xx_hal.c.obj
                0x20000008                uwTickPrio
 .data._impure_ptr
                0x2000000c        0x4 C:/clion/gcc-arm-none-eabi-10.3-2021.10/bin/../lib/gcc/arm-none-eabi/13.3.1/thumb/v7e-m/nofp\libg.a(libc_a-impure.o)
                0x2000000c                _impure_ptr
 .data._impure_data
                0x20000010      0x140 C:/clion/gcc-arm-none-eabi-10.3-2021.10/bin/../lib/gcc/arm-none-eabi/13.3.1/thumb/v7e-m/nofp\libg.a(libc_a-impure.o)
                0x20000010                _impure_data
 .data.__atexit_recursive_mutex
                0x20000150        0x4 C:/clion/gcc-arm-none-eabi-10.3-2021.10/bin/../lib/gcc/arm-none-eabi/13.3.1/thumb/v7e-m/nofp\libg.a(libc_a-__call_atexit.o)
                0x20000150                __atexit_recursive_mutex
 *(.RamFunc)
 *(.RamFunc*)
                0x20000154                        . = ALIGN (0x4)
                0x20000154                        _edata = .
                0x08006908                        _siccmram = LOADADDR (.ccmram)

.tm_clone_table
                0x20000154        0x0 load address 0x08006908
 .tm_clone_table
                0x20000154        0x0 C:/clion/gcc-arm-none-eabi-10.3-2021.10/bin/../lib/gcc/arm-none-eabi/13.3.1/thumb/v7e-m/nofp/crtbegin.o
 .tm_clone_table
                0x20000154        0x0 C:/clion/gcc-arm-none-eabi-10.3-2021.10/bin/../lib/gcc/arm-none-eabi/13.3.1/thumb/v7e-m/nofp/crtend.o

.igot.plt       0x20000154        0x0 load address 0x08006908
 .igot.plt      0x20000154        0x0 C:/clion/gcc-arm-none-eabi-10.3-2021.10/bin/../lib/gcc/arm-none-eabi/13.3.1/thumb/v7e-m/nofp/crtbegin.o

.ccmram         0x10000000        0x0 load address 0x08006908
                0x10000000                        . = ALIGN (0x4)
                0x10000000                        _sccmram = .
 *(.ccmram)
 *(.ccmram*)
                0x10000000                        . = ALIGN (0x4)
                0x10000000                        _eccmram = .
                0x10000000                        . = ALIGN (0x4)

.bss            0x20000154      0xbd8
                0x20000154                        _sbss = .
                0x20000154                        __bss_start__ = _sbss
 *(.bss)
 *(.bss*)
 .bss.completed.1
                0x20000154        0x1 C:/clion/gcc-arm-none-eabi-10.3-2021.10/bin/../lib/gcc/arm-none-eabi/13.3.1/thumb/v7e-m/nofp/crtbegin.o
 *fill*         0x20000155        0x3 
 .bss.object.0  0x20000158       0x18 C:/clion/gcc-arm-none-eabi-10.3-2021.10/bin/../lib/gcc/arm-none-eabi/13.3.1/thumb/v7e-m/nofp/crtbegin.o
 .bss.run       0x20000170        0x6 CMakeFiles/steer_chassis.elf.dir/App/UserSnc/DR16.c.obj
                0x20000170                run
 *fill*         0x20000176        0x2 
 .bss.RC_CtrlData
                0x20000178       0x14 CMakeFiles/steer_chassis.elf.dir/App/UserSnc/DR16.c.obj
                0x20000178                RC_CtrlData
 .bss.now_enc   0x2000018c       0x10 CMakeFiles/steer_chassis.elf.dir/App/UserSnc/chassis.c.obj
                0x2000018c                now_enc
 .bss.target_chassis_enc
                0x2000019c       0x10 CMakeFiles/steer_chassis.elf.dir/App/UserSnc/chassis.c.obj
                0x2000019c                target_chassis_enc
 .bss.target_chassis_speed
                0x200001ac       0x10 CMakeFiles/steer_chassis.elf.dir/App/UserSnc/chassis.c.obj
                0x200001ac                target_chassis_speed
 .bss.con_pitch
                0x200001bc        0x2 CMakeFiles/steer_chassis.elf.dir/App/UserSnc/mec.c.obj
                0x200001bc                con_pitch
 .bss.send2C    0x200001be        0x2 CMakeFiles/steer_chassis.elf.dir/App/UserSnc/mec.c.obj
                0x200001be                send2C
 .bss.wheel_theta
                0x200001c0       0x10 CMakeFiles/steer_chassis.elf.dir/App/UserSnc/mec.c.obj
                0x200001c0                wheel_theta
 .bss.motor_chassis_3508_info
                0x200001d0       0x70 CMakeFiles/steer_chassis.elf.dir/App/UserSnc/mycan.c.obj
                0x200001d0                motor_chassis_3508_info
 .bss.motor_chassis_6020_info
                0x20000240       0x70 CMakeFiles/steer_chassis.elf.dir/App/UserSnc/mycan.c.obj
                0x20000240                motor_chassis_6020_info
 .bss.chassis_angle_pid
                0x200002b0       0xd0 CMakeFiles/steer_chassis.elf.dir/App/UserSnc/pid.c.obj
                0x200002b0                chassis_angle_pid
 .bss.chassis_speed_pid
                0x20000380       0xd0 CMakeFiles/steer_chassis.elf.dir/App/UserSnc/pid.c.obj
                0x20000380                chassis_speed_pid
 .bss.chassis_3508_pid
                0x20000450       0xd0 CMakeFiles/steer_chassis.elf.dir/App/UserSnc/pid.c.obj
                0x20000450                chassis_3508_pid
 .bss.CRC16_Referee.0
                0x20000520        0x2 CMakeFiles/steer_chassis.elf.dir/App/UserSnc/refree.c.obj
 .bss.CRC16_Function.1
                0x20000522        0x2 CMakeFiles/steer_chassis.elf.dir/App/UserSnc/refree.c.obj
 .bss.data_len.2
                0x20000524        0x2 CMakeFiles/steer_chassis.elf.dir/App/UserSnc/refree.c.obj
 *fill*         0x20000526        0x2 
 .bss.protocol_packet.3
                0x20000528       0x3c CMakeFiles/steer_chassis.elf.dir/App/UserSnc/refree.c.obj
 .bss.index.4   0x20000564        0x4 CMakeFiles/steer_chassis.elf.dir/App/UserSnc/refree.c.obj
 .bss.unpack_step.5
                0x20000568        0x1 CMakeFiles/steer_chassis.elf.dir/App/UserSnc/refree.c.obj
 .bss.byte.6    0x20000569        0x1 CMakeFiles/steer_chassis.elf.dir/App/UserSnc/refree.c.obj
 *fill*         0x2000056a        0x2 
 .bss.read_len.7
                0x2000056c        0x4 CMakeFiles/steer_chassis.elf.dir/App/UserSnc/refree.c.obj
 .bss.RFdataBuff.8
                0x20000570      0x100 CMakeFiles/steer_chassis.elf.dir/App/UserSnc/refree.c.obj
 .bss.buff_read_index.9
                0x20000670        0x4 CMakeFiles/steer_chassis.elf.dir/App/UserSnc/refree.c.obj
 .bss.mini_map_data
                0x20000674        0xf CMakeFiles/steer_chassis.elf.dir/App/UserSnc/refree.c.obj
                0x20000674                mini_map_data
 *fill*         0x20000683        0x1 
 .bss.custom_control_data
                0x20000684       0x1e CMakeFiles/steer_chassis.elf.dir/App/UserSnc/refree.c.obj
                0x20000684                custom_control_data
 *fill*         0x200006a2        0x2 
 .bss.robot_rec_data
                0x200006a4       0x48 CMakeFiles/steer_chassis.elf.dir/App/UserSnc/refree.c.obj
                0x200006a4                robot_rec_data
 .bss.DartClientCmd
                0x200006ec        0x6 CMakeFiles/steer_chassis.elf.dir/App/UserSnc/refree.c.obj
                0x200006ec                DartClientCmd
 *fill*         0x200006f2        0x2 
 .bss.RFID_Status
                0x200006f4        0x4 CMakeFiles/steer_chassis.elf.dir/App/UserSnc/refree.c.obj
                0x200006f4                RFID_Status
 .bss.BulletRemaining
                0x200006f8        0x6 CMakeFiles/steer_chassis.elf.dir/App/UserSnc/refree.c.obj
                0x200006f8                BulletRemaining
 *fill*         0x200006fe        0x2 
 .bss.ShootData
                0x20000700        0x7 CMakeFiles/steer_chassis.elf.dir/App/UserSnc/refree.c.obj
                0x20000700                ShootData
 *fill*         0x20000707        0x1 
 .bss.RobotHurt
                0x20000708        0x1 CMakeFiles/steer_chassis.elf.dir/App/UserSnc/refree.c.obj
                0x20000708                RobotHurt
 *fill*         0x20000709        0x3 
 .bss.AerialEnergy
                0x2000070c        0x1 CMakeFiles/steer_chassis.elf.dir/App/UserSnc/refree.c.obj
                0x2000070c                AerialEnergy
 *fill*         0x2000070d        0x3 
 .bss.RobotBuff
                0x20000710        0x1 CMakeFiles/steer_chassis.elf.dir/App/UserSnc/refree.c.obj
                0x20000710                RobotBuff
 *fill*         0x20000711        0x3 
 .bss.RobotPos  0x20000714       0x10 CMakeFiles/steer_chassis.elf.dir/App/UserSnc/refree.c.obj
                0x20000714                RobotPos
 .bss.PowerHeatData
                0x20000724       0x10 CMakeFiles/steer_chassis.elf.dir/App/UserSnc/refree.c.obj
                0x20000724                PowerHeatData
 .bss.GameRobotState
                0x20000734       0x1b CMakeFiles/steer_chassis.elf.dir/App/UserSnc/refree.c.obj
                0x20000734                GameRobotState
 *fill*         0x2000074f        0x1 
 .bss.DartRemainTime
                0x20000750        0x1 CMakeFiles/steer_chassis.elf.dir/App/UserSnc/refree.c.obj
                0x20000750                DartRemainTime
 *fill*         0x20000751        0x3 
 .bss.RefereeWarning
                0x20000754        0x2 CMakeFiles/steer_chassis.elf.dir/App/UserSnc/refree.c.obj
                0x20000754                RefereeWarning
 *fill*         0x20000756        0x2 
 .bss.SupplyAction
                0x20000758        0x4 CMakeFiles/steer_chassis.elf.dir/App/UserSnc/refree.c.obj
                0x20000758                SupplyAction
 .bss.EventData
                0x2000075c        0x4 CMakeFiles/steer_chassis.elf.dir/App/UserSnc/refree.c.obj
                0x2000075c                EventData
 .bss.GameRobotHP
                0x20000760       0x20 CMakeFiles/steer_chassis.elf.dir/App/UserSnc/refree.c.obj
                0x20000760                GameRobotHP
 .bss.GameResult
                0x20000780        0x1 CMakeFiles/steer_chassis.elf.dir/App/UserSnc/refree.c.obj
                0x20000780                GameResult
 *fill*         0x20000781        0x3 
 .bss.GameState
                0x20000784        0xb CMakeFiles/steer_chassis.elf.dir/App/UserSnc/refree.c.obj
                0x20000784                GameState
 *fill*         0x2000078f        0x1 
 .bss.robot_client_ID
                0x20000790        0xd CMakeFiles/steer_chassis.elf.dir/App/UserSnc/refree.c.obj
                0x20000790                robot_client_ID
 *fill*         0x2000079d        0x3 
 .bss.HAL_RCC_CAN1_CLK_ENABLED
                0x200007a0        0x4 CMakeFiles/steer_chassis.elf.dir/Core/Src/can.c.obj
 .bss.hcan2     0x200007a4       0x28 CMakeFiles/steer_chassis.elf.dir/Core/Src/can.c.obj
                0x200007a4                hcan2
 .bss.hcan1     0x200007cc       0x28 CMakeFiles/steer_chassis.elf.dir/Core/Src/can.c.obj
                0x200007cc                hcan1
 .bss.UART_REFREE
                0x200007f4      0x100 CMakeFiles/steer_chassis.elf.dir/Core/Src/main.c.obj
                0x200007f4                UART_REFREE
 .bss.UART_RECV
                0x200008f4       0x12 CMakeFiles/steer_chassis.elf.dir/Core/Src/main.c.obj
                0x200008f4                UART_RECV
 *fill*         0x20000906        0x2 
 .bss.hdma_usart2_rx
                0x20000908       0x60 CMakeFiles/steer_chassis.elf.dir/Core/Src/usart.c.obj
                0x20000908                hdma_usart2_rx
 .bss.hdma_usart1_rx
                0x20000968       0x60 CMakeFiles/steer_chassis.elf.dir/Core/Src/usart.c.obj
                0x20000968                hdma_usart1_rx
 .bss.huart2    0x200009c8       0x48 CMakeFiles/steer_chassis.elf.dir/Core/Src/usart.c.obj
                0x200009c8                huart2
 .bss.huart1    0x20000a10       0x48 CMakeFiles/steer_chassis.elf.dir/Core/Src/usart.c.obj
                0x20000a10                huart1
 .bss.uwTick    0x20000a58        0x4 CMakeFiles/steer_chassis.elf.dir/Drivers/STM32F4xx_HAL_Driver/Src/stm32f4xx_hal.c.obj
                0x20000a58                uwTick
 .bss.__sf      0x20000a5c      0x138 C:/clion/gcc-arm-none-eabi-10.3-2021.10/bin/../lib/gcc/arm-none-eabi/13.3.1/thumb/v7e-m/nofp\libg.a(libc_a-findfp.o)
                0x20000a5c                __sf
 .bss.__lock___atexit_recursive_mutex
                0x20000b94        0x1 C:/clion/gcc-arm-none-eabi-10.3-2021.10/bin/../lib/gcc/arm-none-eabi/13.3.1/thumb/v7e-m/nofp\libg.a(libc_a-lock.o)
                0x20000b94                __lock___atexit_recursive_mutex
 *fill*         0x20000b95        0x3 
 .bss.__atexit  0x20000b98        0x4 C:/clion/gcc-arm-none-eabi-10.3-2021.10/bin/../lib/gcc/arm-none-eabi/13.3.1/thumb/v7e-m/nofp\libg.a(libc_a-__call_atexit.o)
                0x20000b98                __atexit
 .bss.__atexit0
                0x20000b9c      0x190 C:/clion/gcc-arm-none-eabi-10.3-2021.10/bin/../lib/gcc/arm-none-eabi/13.3.1/thumb/v7e-m/nofp\libg.a(libc_a-__atexit.o)
                0x20000b9c                __atexit0
 *(COMMON)
                0x20000d2c                        . = ALIGN (0x4)
                0x20000d2c                        _ebss = .
                0x20000d2c                        __bss_end__ = _ebss

._user_heap_stack
                0x20000d2c      0x604
                0x20000d30                        . = ALIGN (0x8)
 *fill*         0x20000d2c        0x4 
                [!provide]                        PROVIDE (end = .)
                0x20000d30                        PROVIDE (_end = .)
                0x20000f30                        . = (. + _Min_Heap_Size)
 *fill*         0x20000d30      0x200 
                0x20001330                        . = (. + _Min_Stack_Size)
 *fill*         0x20000f30      0x400 
                0x20001330                        . = ALIGN (0x8)

/DISCARD/
 libc.a(*)
 libm.a(*)
 libgcc.a(*)

.ARM.attributes
                0x00000000       0x2a
 *(.ARM.attributes)
 .ARM.attributes
                0x00000000       0x1e C:/clion/gcc-arm-none-eabi-10.3-2021.10/bin/../lib/gcc/arm-none-eabi/13.3.1/thumb/v7e-m/nofp/crti.o
 .ARM.attributes
                0x0000001e       0x2e C:/clion/gcc-arm-none-eabi-10.3-2021.10/bin/../lib/gcc/arm-none-eabi/13.3.1/thumb/v7e-m/nofp/crtbegin.o
 .ARM.attributes
                0x0000004c       0x2e CMakeFiles/steer_chassis.elf.dir/App/UserSnc/DR16.c.obj
 .ARM.attributes
                0x0000007a       0x2e CMakeFiles/steer_chassis.elf.dir/App/UserSnc/chassis.c.obj
 .ARM.attributes
                0x000000a8       0x2e CMakeFiles/steer_chassis.elf.dir/App/UserSnc/mec.c.obj
 .ARM.attributes
                0x000000d6       0x2e CMakeFiles/steer_chassis.elf.dir/App/UserSnc/mycan.c.obj
 .ARM.attributes
                0x00000104       0x2e CMakeFiles/steer_chassis.elf.dir/App/UserSnc/pid.c.obj
 .ARM.attributes
                0x00000132       0x2e CMakeFiles/steer_chassis.elf.dir/App/UserSnc/refree.c.obj
 .ARM.attributes
                0x00000160       0x2e CMakeFiles/steer_chassis.elf.dir/Core/Src/can.c.obj
 .ARM.attributes
                0x0000018e       0x2e CMakeFiles/steer_chassis.elf.dir/Core/Src/dma.c.obj
 .ARM.attributes
                0x000001bc       0x2e CMakeFiles/steer_chassis.elf.dir/Core/Src/gpio.c.obj
 .ARM.attributes
                0x000001ea       0x2e CMakeFiles/steer_chassis.elf.dir/Core/Src/main.c.obj
 .ARM.attributes
                0x00000218       0x2e CMakeFiles/steer_chassis.elf.dir/Core/Src/stm32f4xx_hal_msp.c.obj
 .ARM.attributes
                0x00000246       0x2e CMakeFiles/steer_chassis.elf.dir/Core/Src/stm32f4xx_it.c.obj
 .ARM.attributes
                0x00000274       0x2e CMakeFiles/steer_chassis.elf.dir/Core/Src/system_stm32f4xx.c.obj
 .ARM.attributes
                0x000002a2       0x2e CMakeFiles/steer_chassis.elf.dir/Core/Src/usart.c.obj
 .ARM.attributes
                0x000002d0       0x21 CMakeFiles/steer_chassis.elf.dir/Core/Startup/startup_stm32f427iihx.s.obj
 .ARM.attributes
                0x000002f1       0x2e CMakeFiles/steer_chassis.elf.dir/Drivers/STM32F4xx_HAL_Driver/Src/stm32f4xx_hal.c.obj
 .ARM.attributes
                0x0000031f       0x2e CMakeFiles/steer_chassis.elf.dir/Drivers/STM32F4xx_HAL_Driver/Src/stm32f4xx_hal_can.c.obj
 .ARM.attributes
                0x0000034d       0x2e CMakeFiles/steer_chassis.elf.dir/Drivers/STM32F4xx_HAL_Driver/Src/stm32f4xx_hal_cortex.c.obj
 .ARM.attributes
                0x0000037b       0x2e CMakeFiles/steer_chassis.elf.dir/Drivers/STM32F4xx_HAL_Driver/Src/stm32f4xx_hal_dma.c.obj
 .ARM.attributes
                0x000003a9       0x2e CMakeFiles/steer_chassis.elf.dir/Drivers/STM32F4xx_HAL_Driver/Src/stm32f4xx_hal_gpio.c.obj
 .ARM.attributes
                0x000003d7       0x2e CMakeFiles/steer_chassis.elf.dir/Drivers/STM32F4xx_HAL_Driver/Src/stm32f4xx_hal_rcc.c.obj
 .ARM.attributes
                0x00000405       0x2e CMakeFiles/steer_chassis.elf.dir/Drivers/STM32F4xx_HAL_Driver/Src/stm32f4xx_hal_uart.c.obj
 .ARM.attributes
                0x00000433       0x1e C:/clion/gcc-arm-none-eabi-10.3-2021.10/bin/../lib/gcc/arm-none-eabi/13.3.1/thumb/v7e-m/nofp\libgcc.a(_arm_mulsf3.o)
 .ARM.attributes
                0x00000451       0x1e C:/clion/gcc-arm-none-eabi-10.3-2021.10/bin/../lib/gcc/arm-none-eabi/13.3.1/thumb/v7e-m/nofp\libgcc.a(_arm_addsubdf3.o)
 .ARM.attributes
                0x0000046f       0x1e C:/clion/gcc-arm-none-eabi-10.3-2021.10/bin/../lib/gcc/arm-none-eabi/13.3.1/thumb/v7e-m/nofp\libgcc.a(_arm_muldivdf3.o)
 .ARM.attributes
                0x0000048d       0x1e C:/clion/gcc-arm-none-eabi-10.3-2021.10/bin/../lib/gcc/arm-none-eabi/13.3.1/thumb/v7e-m/nofp\libgcc.a(_arm_fixdfsi.o)
 .ARM.attributes
                0x000004ab       0x1e C:/clion/gcc-arm-none-eabi-10.3-2021.10/bin/../lib/gcc/arm-none-eabi/13.3.1/thumb/v7e-m/nofp\libgcc.a(_arm_fixunsdfsi.o)
 .ARM.attributes
                0x000004c9       0x1e C:/clion/gcc-arm-none-eabi-10.3-2021.10/bin/../lib/gcc/arm-none-eabi/13.3.1/thumb/v7e-m/nofp\libgcc.a(_arm_truncdfsf2.o)
 .ARM.attributes
                0x000004e7       0x1e C:/clion/gcc-arm-none-eabi-10.3-2021.10/bin/../lib/gcc/arm-none-eabi/13.3.1/thumb/v7e-m/nofp\libgcc.a(_arm_addsubsf3.o)
 .ARM.attributes
                0x00000505       0x1e C:/clion/gcc-arm-none-eabi-10.3-2021.10/bin/../lib/gcc/arm-none-eabi/13.3.1/thumb/v7e-m/nofp\libgcc.a(_arm_cmpsf2.o)
 .ARM.attributes
                0x00000523       0x1e C:/clion/gcc-arm-none-eabi-10.3-2021.10/bin/../lib/gcc/arm-none-eabi/13.3.1/thumb/v7e-m/nofp\libgcc.a(_arm_fixsfsi.o)
 .ARM.attributes
                0x00000541       0x1e C:/clion/gcc-arm-none-eabi-10.3-2021.10/bin/../lib/gcc/arm-none-eabi/13.3.1/thumb/v7e-m/nofp\libgcc.a(_aeabi_uldivmod.o)
 .ARM.attributes
                0x0000055f       0x2e C:/clion/gcc-arm-none-eabi-10.3-2021.10/bin/../lib/gcc/arm-none-eabi/13.3.1/thumb/v7e-m/nofp\libgcc.a(_udivmoddi4.o)
 .ARM.attributes
                0x0000058d       0x1e C:/clion/gcc-arm-none-eabi-10.3-2021.10/bin/../lib/gcc/arm-none-eabi/13.3.1/thumb/v7e-m/nofp\libgcc.a(_dvmd_tls.o)
 .ARM.attributes
                0x000005ab       0x2e C:/clion/gcc-arm-none-eabi-10.3-2021.10/bin/../lib/gcc/arm-none-eabi/13.3.1/thumb/v7e-m/nofp\libg.a(libc_a-findfp.o)
 .ARM.attributes
                0x000005d9       0x2e C:/clion/gcc-arm-none-eabi-10.3-2021.10/bin/../lib/gcc/arm-none-eabi/13.3.1/thumb/v7e-m/nofp\libg.a(libc_a-memset.o)
 .ARM.attributes
                0x00000607       0x2e C:/clion/gcc-arm-none-eabi-10.3-2021.10/bin/../lib/gcc/arm-none-eabi/13.3.1/thumb/v7e-m/nofp\libg.a(libc_a-impure.o)
 .ARM.attributes
                0x00000635       0x2e C:/clion/gcc-arm-none-eabi-10.3-2021.10/bin/../lib/gcc/arm-none-eabi/13.3.1/thumb/v7e-m/nofp\libg.a(libc_a-errno.o)
 .ARM.attributes
                0x00000663       0x2e C:/clion/gcc-arm-none-eabi-10.3-2021.10/bin/../lib/gcc/arm-none-eabi/13.3.1/thumb/v7e-m/nofp\libg.a(libc_a-init.o)
 .ARM.attributes
                0x00000691       0x2e C:/clion/gcc-arm-none-eabi-10.3-2021.10/bin/../lib/gcc/arm-none-eabi/13.3.1/thumb/v7e-m/nofp\libg.a(libc_a-lock.o)
 .ARM.attributes
                0x000006bf       0x1c C:/clion/gcc-arm-none-eabi-10.3-2021.10/bin/../lib/gcc/arm-none-eabi/13.3.1/thumb/v7e-m/nofp\libg.a(libc_a-memcpy.o)
 .ARM.attributes
                0x000006db       0x2e C:/clion/gcc-arm-none-eabi-10.3-2021.10/bin/../lib/gcc/arm-none-eabi/13.3.1/thumb/v7e-m/nofp\libg.a(libc_a-__call_atexit.o)
 .ARM.attributes
                0x00000709       0x2e C:/clion/gcc-arm-none-eabi-10.3-2021.10/bin/../lib/gcc/arm-none-eabi/13.3.1/thumb/v7e-m/nofp\libg.a(libc_a-atexit.o)
 .ARM.attributes
                0x00000737       0x2e C:/clion/gcc-arm-none-eabi-10.3-2021.10/bin/../lib/gcc/arm-none-eabi/13.3.1/thumb/v7e-m/nofp\libg.a(libc_a-fini.o)
 .ARM.attributes
                0x00000765       0x2e C:/clion/gcc-arm-none-eabi-10.3-2021.10/bin/../lib/gcc/arm-none-eabi/13.3.1/thumb/v7e-m/nofp\libg.a(libc_a-__atexit.o)
 .ARM.attributes
                0x00000793       0x2e C:/clion/gcc-arm-none-eabi-10.3-2021.10/bin/../lib/gcc/arm-none-eabi/13.3.1/thumb/v7e-m/nofp/crtend.o
 .ARM.attributes
                0x000007c1       0x1e C:/clion/gcc-arm-none-eabi-10.3-2021.10/bin/../lib/gcc/arm-none-eabi/13.3.1/thumb/v7e-m/nofp/crtn.o
OUTPUT(steer_chassis.elf elf32-littlearm)
LOAD linker stubs
LOAD C:/clion/gcc-arm-none-eabi-10.3-2021.10/bin/../lib/gcc/arm-none-eabi/13.3.1/thumb/v7e-m/nofp\libc.a
LOAD C:/clion/gcc-arm-none-eabi-10.3-2021.10/bin/../lib/gcc/arm-none-eabi/13.3.1/thumb/v7e-m/nofp\libm.a
LOAD C:/clion/gcc-arm-none-eabi-10.3-2021.10/bin/../lib/gcc/arm-none-eabi/13.3.1/thumb/v7e-m/nofp\libgcc.a

.debug_info     0x00000000    0x10b0d
 .debug_info    0x00000000      0x865 CMakeFiles/steer_chassis.elf.dir/App/UserSnc/DR16.c.obj
 .debug_info    0x00000865      0x8c8 CMakeFiles/steer_chassis.elf.dir/App/UserSnc/chassis.c.obj
 .debug_info    0x0000112d      0x532 CMakeFiles/steer_chassis.elf.dir/App/UserSnc/mec.c.obj
 .debug_info    0x0000165f      0xbbb CMakeFiles/steer_chassis.elf.dir/App/UserSnc/mycan.c.obj
 .debug_info    0x0000221a      0x40f CMakeFiles/steer_chassis.elf.dir/App/UserSnc/pid.c.obj
 .debug_info    0x00002629     0x14fe CMakeFiles/steer_chassis.elf.dir/App/UserSnc/refree.c.obj
 .debug_info    0x00003b27      0xd5c CMakeFiles/steer_chassis.elf.dir/Core/Src/can.c.obj
 .debug_info    0x00004883      0x56a CMakeFiles/steer_chassis.elf.dir/Core/Src/dma.c.obj
 .debug_info    0x00004ded      0x506 CMakeFiles/steer_chassis.elf.dir/Core/Src/gpio.c.obj
 .debug_info    0x000052f3     0x1016 CMakeFiles/steer_chassis.elf.dir/Core/Src/main.c.obj
 .debug_info    0x00006309      0x27d CMakeFiles/steer_chassis.elf.dir/Core/Src/stm32f4xx_hal_msp.c.obj
 .debug_info    0x00006586      0xb11 CMakeFiles/steer_chassis.elf.dir/Core/Src/stm32f4xx_it.c.obj
 .debug_info    0x00007097      0x34c CMakeFiles/steer_chassis.elf.dir/Core/Src/system_stm32f4xx.c.obj
 .debug_info    0x000073e3      0xe25 CMakeFiles/steer_chassis.elf.dir/Core/Src/usart.c.obj
 .debug_info    0x00008208       0x30 CMakeFiles/steer_chassis.elf.dir/Core/Startup/startup_stm32f427iihx.s.obj
 .debug_info    0x00008238      0xa4c CMakeFiles/steer_chassis.elf.dir/Drivers/STM32F4xx_HAL_Driver/Src/stm32f4xx_hal.c.obj
 .debug_info    0x00008c84     0x11f0 CMakeFiles/steer_chassis.elf.dir/Drivers/STM32F4xx_HAL_Driver/Src/stm32f4xx_hal_can.c.obj
 .debug_info    0x00009e74     0x101f CMakeFiles/steer_chassis.elf.dir/Drivers/STM32F4xx_HAL_Driver/Src/stm32f4xx_hal_cortex.c.obj
 .debug_info    0x0000ae93      0xad9 CMakeFiles/steer_chassis.elf.dir/Drivers/STM32F4xx_HAL_Driver/Src/stm32f4xx_hal_dma.c.obj
 .debug_info    0x0000b96c      0x71c CMakeFiles/steer_chassis.elf.dir/Drivers/STM32F4xx_HAL_Driver/Src/stm32f4xx_hal_gpio.c.obj
 .debug_info    0x0000c088      0xa85 CMakeFiles/steer_chassis.elf.dir/Drivers/STM32F4xx_HAL_Driver/Src/stm32f4xx_hal_rcc.c.obj
 .debug_info    0x0000cb0d     0x4000 CMakeFiles/steer_chassis.elf.dir/Drivers/STM32F4xx_HAL_Driver/Src/stm32f4xx_hal_uart.c.obj

.debug_abbrev   0x00000000     0x2cbe
 .debug_abbrev  0x00000000      0x20d CMakeFiles/steer_chassis.elf.dir/App/UserSnc/DR16.c.obj
 .debug_abbrev  0x0000020d      0x1fb CMakeFiles/steer_chassis.elf.dir/App/UserSnc/chassis.c.obj
 .debug_abbrev  0x00000408      0x13d CMakeFiles/steer_chassis.elf.dir/App/UserSnc/mec.c.obj
 .debug_abbrev  0x00000545      0x227 CMakeFiles/steer_chassis.elf.dir/App/UserSnc/mycan.c.obj
 .debug_abbrev  0x0000076c      0x168 CMakeFiles/steer_chassis.elf.dir/App/UserSnc/pid.c.obj
 .debug_abbrev  0x000008d4      0x2c2 CMakeFiles/steer_chassis.elf.dir/App/UserSnc/refree.c.obj
 .debug_abbrev  0x00000b96      0x241 CMakeFiles/steer_chassis.elf.dir/Core/Src/can.c.obj
 .debug_abbrev  0x00000dd7      0x12d CMakeFiles/steer_chassis.elf.dir/Core/Src/dma.c.obj
 .debug_abbrev  0x00000f04      0x164 CMakeFiles/steer_chassis.elf.dir/Core/Src/gpio.c.obj
 .debug_abbrev  0x00001068      0x2f4 CMakeFiles/steer_chassis.elf.dir/Core/Src/main.c.obj
 .debug_abbrev  0x0000135c       0xd6 CMakeFiles/steer_chassis.elf.dir/Core/Src/stm32f4xx_hal_msp.c.obj
 .debug_abbrev  0x00001432      0x1f2 CMakeFiles/steer_chassis.elf.dir/Core/Src/stm32f4xx_it.c.obj
 .debug_abbrev  0x00001624      0x120 CMakeFiles/steer_chassis.elf.dir/Core/Src/system_stm32f4xx.c.obj
 .debug_abbrev  0x00001744      0x250 CMakeFiles/steer_chassis.elf.dir/Core/Src/usart.c.obj
 .debug_abbrev  0x00001994       0x24 CMakeFiles/steer_chassis.elf.dir/Core/Startup/startup_stm32f427iihx.s.obj
 .debug_abbrev  0x000019b8      0x240 CMakeFiles/steer_chassis.elf.dir/Drivers/STM32F4xx_HAL_Driver/Src/stm32f4xx_hal.c.obj
 .debug_abbrev  0x00001bf8      0x27d CMakeFiles/steer_chassis.elf.dir/Drivers/STM32F4xx_HAL_Driver/Src/stm32f4xx_hal_can.c.obj
 .debug_abbrev  0x00001e75      0x391 CMakeFiles/steer_chassis.elf.dir/Drivers/STM32F4xx_HAL_Driver/Src/stm32f4xx_hal_cortex.c.obj
 .debug_abbrev  0x00002206      0x2c0 CMakeFiles/steer_chassis.elf.dir/Drivers/STM32F4xx_HAL_Driver/Src/stm32f4xx_hal_dma.c.obj
 .debug_abbrev  0x000024c6      0x202 CMakeFiles/steer_chassis.elf.dir/Drivers/STM32F4xx_HAL_Driver/Src/stm32f4xx_hal_gpio.c.obj
 .debug_abbrev  0x000026c8      0x2c7 CMakeFiles/steer_chassis.elf.dir/Drivers/STM32F4xx_HAL_Driver/Src/stm32f4xx_hal_rcc.c.obj
 .debug_abbrev  0x0000298f      0x32f CMakeFiles/steer_chassis.elf.dir/Drivers/STM32F4xx_HAL_Driver/Src/stm32f4xx_hal_uart.c.obj

.debug_loclists
                0x00000000     0x58e9
 .debug_loclists
                0x00000000       0x55 CMakeFiles/steer_chassis.elf.dir/App/UserSnc/DR16.c.obj
 .debug_loclists
                0x00000055      0x1c2 CMakeFiles/steer_chassis.elf.dir/App/UserSnc/chassis.c.obj
 .debug_loclists
                0x00000217      0x113 CMakeFiles/steer_chassis.elf.dir/App/UserSnc/mec.c.obj
 .debug_loclists
                0x0000032a      0x218 CMakeFiles/steer_chassis.elf.dir/App/UserSnc/mycan.c.obj
 .debug_loclists
                0x00000542       0x9b CMakeFiles/steer_chassis.elf.dir/App/UserSnc/pid.c.obj
 .debug_loclists
                0x000005dd      0x34d CMakeFiles/steer_chassis.elf.dir/App/UserSnc/refree.c.obj
 .debug_loclists
                0x0000092a       0xaf CMakeFiles/steer_chassis.elf.dir/Core/Src/can.c.obj
 .debug_loclists
                0x000009d9       0xa0 CMakeFiles/steer_chassis.elf.dir/Core/Src/main.c.obj
 .debug_loclists
                0x00000a79       0xfa CMakeFiles/steer_chassis.elf.dir/Core/Src/system_stm32f4xx.c.obj
 .debug_loclists
                0x00000b73       0x73 CMakeFiles/steer_chassis.elf.dir/Core/Src/usart.c.obj
 .debug_loclists
                0x00000be6       0xe1 CMakeFiles/steer_chassis.elf.dir/Drivers/STM32F4xx_HAL_Driver/Src/stm32f4xx_hal.c.obj
 .debug_loclists
                0x00000cc7      0xa57 CMakeFiles/steer_chassis.elf.dir/Drivers/STM32F4xx_HAL_Driver/Src/stm32f4xx_hal_can.c.obj
 .debug_loclists
                0x0000171e      0x54d CMakeFiles/steer_chassis.elf.dir/Drivers/STM32F4xx_HAL_Driver/Src/stm32f4xx_hal_cortex.c.obj
 .debug_loclists
                0x00001c6b      0x88a CMakeFiles/steer_chassis.elf.dir/Drivers/STM32F4xx_HAL_Driver/Src/stm32f4xx_hal_dma.c.obj
 .debug_loclists
                0x000024f5      0x386 CMakeFiles/steer_chassis.elf.dir/Drivers/STM32F4xx_HAL_Driver/Src/stm32f4xx_hal_gpio.c.obj
 .debug_loclists
                0x0000287b      0x3e5 CMakeFiles/steer_chassis.elf.dir/Drivers/STM32F4xx_HAL_Driver/Src/stm32f4xx_hal_rcc.c.obj
 .debug_loclists
                0x00002c60     0x2c89 CMakeFiles/steer_chassis.elf.dir/Drivers/STM32F4xx_HAL_Driver/Src/stm32f4xx_hal_uart.c.obj

.debug_aranges  0x00000000      0xa10
 .debug_aranges
                0x00000000       0x30 CMakeFiles/steer_chassis.elf.dir/App/UserSnc/DR16.c.obj
 .debug_aranges
                0x00000030       0x48 CMakeFiles/steer_chassis.elf.dir/App/UserSnc/chassis.c.obj
 .debug_aranges
                0x00000078       0x28 CMakeFiles/steer_chassis.elf.dir/App/UserSnc/mec.c.obj
 .debug_aranges
                0x000000a0       0x50 CMakeFiles/steer_chassis.elf.dir/App/UserSnc/mycan.c.obj
 .debug_aranges
                0x000000f0       0x30 CMakeFiles/steer_chassis.elf.dir/App/UserSnc/pid.c.obj
 .debug_aranges
                0x00000120       0x50 CMakeFiles/steer_chassis.elf.dir/App/UserSnc/refree.c.obj
 .debug_aranges
                0x00000170       0x38 CMakeFiles/steer_chassis.elf.dir/Core/Src/can.c.obj
 .debug_aranges
                0x000001a8       0x20 CMakeFiles/steer_chassis.elf.dir/Core/Src/dma.c.obj
 .debug_aranges
                0x000001c8       0x20 CMakeFiles/steer_chassis.elf.dir/Core/Src/gpio.c.obj
 .debug_aranges
                0x000001e8       0x40 CMakeFiles/steer_chassis.elf.dir/Core/Src/main.c.obj
 .debug_aranges
                0x00000228       0x20 CMakeFiles/steer_chassis.elf.dir/Core/Src/stm32f4xx_hal_msp.c.obj
 .debug_aranges
                0x00000248       0x98 CMakeFiles/steer_chassis.elf.dir/Core/Src/stm32f4xx_it.c.obj
 .debug_aranges
                0x000002e0       0x28 CMakeFiles/steer_chassis.elf.dir/Core/Src/system_stm32f4xx.c.obj
 .debug_aranges
                0x00000308       0x38 CMakeFiles/steer_chassis.elf.dir/Core/Src/usart.c.obj
 .debug_aranges
                0x00000340       0x28 CMakeFiles/steer_chassis.elf.dir/Core/Startup/startup_stm32f427iihx.s.obj
 .debug_aranges
                0x00000368      0x100 CMakeFiles/steer_chassis.elf.dir/Drivers/STM32F4xx_HAL_Driver/Src/stm32f4xx_hal.c.obj
 .debug_aranges
                0x00000468      0x138 CMakeFiles/steer_chassis.elf.dir/Drivers/STM32F4xx_HAL_Driver/Src/stm32f4xx_hal_can.c.obj
 .debug_aranges
                0x000005a0       0xf8 CMakeFiles/steer_chassis.elf.dir/Drivers/STM32F4xx_HAL_Driver/Src/stm32f4xx_hal_cortex.c.obj
 .debug_aranges
                0x00000698       0x90 CMakeFiles/steer_chassis.elf.dir/Drivers/STM32F4xx_HAL_Driver/Src/stm32f4xx_hal_dma.c.obj
 .debug_aranges
                0x00000728       0x58 CMakeFiles/steer_chassis.elf.dir/Drivers/STM32F4xx_HAL_Driver/Src/stm32f4xx_hal_gpio.c.obj
 .debug_aranges
                0x00000780       0x88 CMakeFiles/steer_chassis.elf.dir/Drivers/STM32F4xx_HAL_Driver/Src/stm32f4xx_hal_rcc.c.obj
 .debug_aranges
                0x00000808      0x208 CMakeFiles/steer_chassis.elf.dir/Drivers/STM32F4xx_HAL_Driver/Src/stm32f4xx_hal_uart.c.obj

.debug_rnglists
                0x00000000      0x796
 .debug_rnglists
                0x00000000       0x20 CMakeFiles/steer_chassis.elf.dir/App/UserSnc/DR16.c.obj
 .debug_rnglists
                0x00000020       0x40 CMakeFiles/steer_chassis.elf.dir/App/UserSnc/chassis.c.obj
 .debug_rnglists
                0x00000060       0x1b CMakeFiles/steer_chassis.elf.dir/App/UserSnc/mec.c.obj
 .debug_rnglists
                0x0000007b       0x46 CMakeFiles/steer_chassis.elf.dir/App/UserSnc/mycan.c.obj
 .debug_rnglists
                0x000000c1       0x21 CMakeFiles/steer_chassis.elf.dir/App/UserSnc/pid.c.obj
 .debug_rnglists
                0x000000e2       0x39 CMakeFiles/steer_chassis.elf.dir/App/UserSnc/refree.c.obj
 .debug_rnglists
                0x0000011b       0x27 CMakeFiles/steer_chassis.elf.dir/Core/Src/can.c.obj
 .debug_rnglists
                0x00000142       0x13 CMakeFiles/steer_chassis.elf.dir/Core/Src/dma.c.obj
 .debug_rnglists
                0x00000155       0x14 CMakeFiles/steer_chassis.elf.dir/Core/Src/gpio.c.obj
 .debug_rnglists
                0x00000169       0x2d CMakeFiles/steer_chassis.elf.dir/Core/Src/main.c.obj
 .debug_rnglists
                0x00000196       0x13 CMakeFiles/steer_chassis.elf.dir/Core/Src/stm32f4xx_hal_msp.c.obj
 .debug_rnglists
                0x000001a9       0x6d CMakeFiles/steer_chassis.elf.dir/Core/Src/stm32f4xx_it.c.obj
 .debug_rnglists
                0x00000216       0x1a CMakeFiles/steer_chassis.elf.dir/Core/Src/system_stm32f4xx.c.obj
 .debug_rnglists
                0x00000230       0x26 CMakeFiles/steer_chassis.elf.dir/Core/Src/usart.c.obj
 .debug_rnglists
                0x00000256       0x19 CMakeFiles/steer_chassis.elf.dir/Core/Startup/startup_stm32f427iihx.s.obj
 .debug_rnglists
                0x0000026f       0xbb CMakeFiles/steer_chassis.elf.dir/Drivers/STM32F4xx_HAL_Driver/Src/stm32f4xx_hal.c.obj
 .debug_rnglists
                0x0000032a       0xf6 CMakeFiles/steer_chassis.elf.dir/Drivers/STM32F4xx_HAL_Driver/Src/stm32f4xx_hal_can.c.obj
 .debug_rnglists
                0x00000420       0xb5 CMakeFiles/steer_chassis.elf.dir/Drivers/STM32F4xx_HAL_Driver/Src/stm32f4xx_hal_cortex.c.obj
 .debug_rnglists
                0x000004d5       0x6c CMakeFiles/steer_chassis.elf.dir/Drivers/STM32F4xx_HAL_Driver/Src/stm32f4xx_hal_dma.c.obj
 .debug_rnglists
                0x00000541       0x3f CMakeFiles/steer_chassis.elf.dir/Drivers/STM32F4xx_HAL_Driver/Src/stm32f4xx_hal_gpio.c.obj
 .debug_rnglists
                0x00000580       0x75 CMakeFiles/steer_chassis.elf.dir/Drivers/STM32F4xx_HAL_Driver/Src/stm32f4xx_hal_rcc.c.obj
 .debug_rnglists
                0x000005f5      0x1a1 CMakeFiles/steer_chassis.elf.dir/Drivers/STM32F4xx_HAL_Driver/Src/stm32f4xx_hal_uart.c.obj

.debug_line     0x00000000     0xa988
 .debug_line    0x00000000      0x39a CMakeFiles/steer_chassis.elf.dir/App/UserSnc/DR16.c.obj
 .debug_line    0x0000039a      0x46f CMakeFiles/steer_chassis.elf.dir/App/UserSnc/chassis.c.obj
 .debug_line    0x00000809      0x29f CMakeFiles/steer_chassis.elf.dir/App/UserSnc/mec.c.obj
 .debug_line    0x00000aa8      0x5dd CMakeFiles/steer_chassis.elf.dir/App/UserSnc/mycan.c.obj
 .debug_line    0x00001085      0x1b5 CMakeFiles/steer_chassis.elf.dir/App/UserSnc/pid.c.obj
 .debug_line    0x0000123a      0x727 CMakeFiles/steer_chassis.elf.dir/App/UserSnc/refree.c.obj
 .debug_line    0x00001961      0x47f CMakeFiles/steer_chassis.elf.dir/Core/Src/can.c.obj
 .debug_line    0x00001de0      0x1b7 CMakeFiles/steer_chassis.elf.dir/Core/Src/dma.c.obj
 .debug_line    0x00001f97      0x238 CMakeFiles/steer_chassis.elf.dir/Core/Src/gpio.c.obj
 .debug_line    0x000021cf      0x4a5 CMakeFiles/steer_chassis.elf.dir/Core/Src/main.c.obj
 .debug_line    0x00002674      0x171 CMakeFiles/steer_chassis.elf.dir/Core/Src/stm32f4xx_hal_msp.c.obj
 .debug_line    0x000027e5      0x37e CMakeFiles/steer_chassis.elf.dir/Core/Src/stm32f4xx_it.c.obj
 .debug_line    0x00002b63      0x238 CMakeFiles/steer_chassis.elf.dir/Core/Src/system_stm32f4xx.c.obj
 .debug_line    0x00002d9b      0x4ed CMakeFiles/steer_chassis.elf.dir/Core/Src/usart.c.obj
 .debug_line    0x00003288       0x7a CMakeFiles/steer_chassis.elf.dir/Core/Startup/startup_stm32f427iihx.s.obj
 .debug_line    0x00003302      0x5e5 CMakeFiles/steer_chassis.elf.dir/Drivers/STM32F4xx_HAL_Driver/Src/stm32f4xx_hal.c.obj
 .debug_line    0x000038e7     0x1191 CMakeFiles/steer_chassis.elf.dir/Drivers/STM32F4xx_HAL_Driver/Src/stm32f4xx_hal_can.c.obj
 .debug_line    0x00004a78      0x870 CMakeFiles/steer_chassis.elf.dir/Drivers/STM32F4xx_HAL_Driver/Src/stm32f4xx_hal_cortex.c.obj
 .debug_line    0x000052e8      0xe63 CMakeFiles/steer_chassis.elf.dir/Drivers/STM32F4xx_HAL_Driver/Src/stm32f4xx_hal_dma.c.obj
 .debug_line    0x0000614b      0x74d CMakeFiles/steer_chassis.elf.dir/Drivers/STM32F4xx_HAL_Driver/Src/stm32f4xx_hal_gpio.c.obj
 .debug_line    0x00006898      0xbed CMakeFiles/steer_chassis.elf.dir/Drivers/STM32F4xx_HAL_Driver/Src/stm32f4xx_hal_rcc.c.obj
 .debug_line    0x00007485     0x3503 CMakeFiles/steer_chassis.elf.dir/Drivers/STM32F4xx_HAL_Driver/Src/stm32f4xx_hal_uart.c.obj

.debug_str      0x00000000     0x41bd
 .debug_str     0x00000000     0x41bd CMakeFiles/steer_chassis.elf.dir/App/UserSnc/DR16.c.obj
                                0x73e (size before relaxing)
 .debug_str     0x000041bd      0x4a5 CMakeFiles/steer_chassis.elf.dir/App/UserSnc/chassis.c.obj
 .debug_str     0x000041bd      0x29b CMakeFiles/steer_chassis.elf.dir/App/UserSnc/mec.c.obj
 .debug_str     0x000041bd      0x842 CMakeFiles/steer_chassis.elf.dir/App/UserSnc/mycan.c.obj
 .debug_str     0x000041bd      0x27c CMakeFiles/steer_chassis.elf.dir/App/UserSnc/pid.c.obj
 .debug_str     0x000041bd     0x144e CMakeFiles/steer_chassis.elf.dir/App/UserSnc/refree.c.obj
 .debug_str     0x000041bd      0xbf7 CMakeFiles/steer_chassis.elf.dir/Core/Src/can.c.obj
 .debug_str     0x000041bd      0x83b CMakeFiles/steer_chassis.elf.dir/Core/Src/dma.c.obj
 .debug_str     0x000041bd      0x39b CMakeFiles/steer_chassis.elf.dir/Core/Src/gpio.c.obj
 .debug_str     0x000041bd      0xb82 CMakeFiles/steer_chassis.elf.dir/Core/Src/main.c.obj
 .debug_str     0x000041bd      0x2dc CMakeFiles/steer_chassis.elf.dir/Core/Src/stm32f4xx_hal_msp.c.obj
 .debug_str     0x000041bd      0xa20 CMakeFiles/steer_chassis.elf.dir/Core/Src/stm32f4xx_it.c.obj
 .debug_str     0x000041bd      0x342 CMakeFiles/steer_chassis.elf.dir/Core/Src/system_stm32f4xx.c.obj
 .debug_str     0x000041bd      0xe2d CMakeFiles/steer_chassis.elf.dir/Core/Src/usart.c.obj
 .debug_str     0x000041bd       0x7f CMakeFiles/steer_chassis.elf.dir/Core/Startup/startup_stm32f427iihx.s.obj
 .debug_str     0x000041bd      0xc0d CMakeFiles/steer_chassis.elf.dir/Drivers/STM32F4xx_HAL_Driver/Src/stm32f4xx_hal.c.obj
 .debug_str     0x000041bd      0xa43 CMakeFiles/steer_chassis.elf.dir/Drivers/STM32F4xx_HAL_Driver/Src/stm32f4xx_hal_can.c.obj
 .debug_str     0x000041bd      0xcd0 CMakeFiles/steer_chassis.elf.dir/Drivers/STM32F4xx_HAL_Driver/Src/stm32f4xx_hal_cortex.c.obj
 .debug_str     0x000041bd      0x784 CMakeFiles/steer_chassis.elf.dir/Drivers/STM32F4xx_HAL_Driver/Src/stm32f4xx_hal_dma.c.obj
 .debug_str     0x000041bd      0x501 CMakeFiles/steer_chassis.elf.dir/Drivers/STM32F4xx_HAL_Driver/Src/stm32f4xx_hal_gpio.c.obj
 .debug_str     0x000041bd      0x727 CMakeFiles/steer_chassis.elf.dir/Drivers/STM32F4xx_HAL_Driver/Src/stm32f4xx_hal_rcc.c.obj
 .debug_str     0x000041bd      0xda9 CMakeFiles/steer_chassis.elf.dir/Drivers/STM32F4xx_HAL_Driver/Src/stm32f4xx_hal_uart.c.obj

.comment        0x00000000       0x45
 .comment       0x00000000       0x45 CMakeFiles/steer_chassis.elf.dir/App/UserSnc/DR16.c.obj
                                 0x46 (size before relaxing)
 .comment       0x00000045       0x46 CMakeFiles/steer_chassis.elf.dir/App/UserSnc/chassis.c.obj
 .comment       0x00000045       0x46 CMakeFiles/steer_chassis.elf.dir/App/UserSnc/mec.c.obj
 .comment       0x00000045       0x46 CMakeFiles/steer_chassis.elf.dir/App/UserSnc/mycan.c.obj
 .comment       0x00000045       0x46 CMakeFiles/steer_chassis.elf.dir/App/UserSnc/pid.c.obj
 .comment       0x00000045       0x46 CMakeFiles/steer_chassis.elf.dir/App/UserSnc/refree.c.obj
 .comment       0x00000045       0x46 CMakeFiles/steer_chassis.elf.dir/Core/Src/can.c.obj
 .comment       0x00000045       0x46 CMakeFiles/steer_chassis.elf.dir/Core/Src/dma.c.obj
 .comment       0x00000045       0x46 CMakeFiles/steer_chassis.elf.dir/Core/Src/gpio.c.obj
 .comment       0x00000045       0x46 CMakeFiles/steer_chassis.elf.dir/Core/Src/main.c.obj
 .comment       0x00000045       0x46 CMakeFiles/steer_chassis.elf.dir/Core/Src/stm32f4xx_hal_msp.c.obj
 .comment       0x00000045       0x46 CMakeFiles/steer_chassis.elf.dir/Core/Src/stm32f4xx_it.c.obj
 .comment       0x00000045       0x46 CMakeFiles/steer_chassis.elf.dir/Core/Src/system_stm32f4xx.c.obj
 .comment       0x00000045       0x46 CMakeFiles/steer_chassis.elf.dir/Core/Src/usart.c.obj
 .comment       0x00000045       0x46 CMakeFiles/steer_chassis.elf.dir/Drivers/STM32F4xx_HAL_Driver/Src/stm32f4xx_hal.c.obj
 .comment       0x00000045       0x46 CMakeFiles/steer_chassis.elf.dir/Drivers/STM32F4xx_HAL_Driver/Src/stm32f4xx_hal_can.c.obj
 .comment       0x00000045       0x46 CMakeFiles/steer_chassis.elf.dir/Drivers/STM32F4xx_HAL_Driver/Src/stm32f4xx_hal_cortex.c.obj
 .comment       0x00000045       0x46 CMakeFiles/steer_chassis.elf.dir/Drivers/STM32F4xx_HAL_Driver/Src/stm32f4xx_hal_dma.c.obj
 .comment       0x00000045       0x46 CMakeFiles/steer_chassis.elf.dir/Drivers/STM32F4xx_HAL_Driver/Src/stm32f4xx_hal_gpio.c.obj
 .comment       0x00000045       0x46 CMakeFiles/steer_chassis.elf.dir/Drivers/STM32F4xx_HAL_Driver/Src/stm32f4xx_hal_rcc.c.obj
 .comment       0x00000045       0x46 CMakeFiles/steer_chassis.elf.dir/Drivers/STM32F4xx_HAL_Driver/Src/stm32f4xx_hal_uart.c.obj

.debug_frame    0x00000000     0x1e1c
 .debug_frame   0x00000000       0x50 CMakeFiles/steer_chassis.elf.dir/App/UserSnc/DR16.c.obj
 .debug_frame   0x00000050       0xb4 CMakeFiles/steer_chassis.elf.dir/App/UserSnc/chassis.c.obj
 .debug_frame   0x00000104       0x68 CMakeFiles/steer_chassis.elf.dir/App/UserSnc/mec.c.obj
 .debug_frame   0x0000016c       0xf0 CMakeFiles/steer_chassis.elf.dir/App/UserSnc/mycan.c.obj
 .debug_frame   0x0000025c       0x6c CMakeFiles/steer_chassis.elf.dir/App/UserSnc/pid.c.obj
 .debug_frame   0x000002c8       0xac CMakeFiles/steer_chassis.elf.dir/App/UserSnc/refree.c.obj
 .debug_frame   0x00000374       0x78 CMakeFiles/steer_chassis.elf.dir/Core/Src/can.c.obj
 .debug_frame   0x000003ec       0x30 CMakeFiles/steer_chassis.elf.dir/Core/Src/dma.c.obj
 .debug_frame   0x0000041c       0x38 CMakeFiles/steer_chassis.elf.dir/Core/Src/gpio.c.obj