Archive member included to satisfy reference by file (symbol)

C:/clion/gcc-arm-none-eabi-10.3-2021.10/bin/../lib/gcc/arm-none-eabi/13.3.1/thumb/v7e-m/nofp\libgcc.a(_arm_muldf3.o)
                              CMakeFiles/steer_chassis.elf.dir/App/UserSnc/chassis.c.obj (__aeabi_dmul)
C:/clion/gcc-arm-none-eabi-10.3-2021.10/bin/../lib/gcc/arm-none-eabi/13.3.1/thumb/v7e-m/nofp\libgcc.a(_arm_mulsf3.o)
                              CMakeFiles/steer_chassis.elf.dir/App/UserSnc/chassis.c.obj (__aeabi_fmul)
C:/clion/gcc-arm-none-eabi-10.3-2021.10/bin/../lib/gcc/arm-none-eabi/13.3.1/thumb/v7e-m/nofp\libgcc.a(_arm_addsubdf3.o)
                              CMakeFiles/steer_chassis.elf.dir/App/UserSnc/chassis.c.obj (__aeabi_dsub)
C:/clion/gcc-arm-none-eabi-10.3-2021.10/bin/../lib/gcc/arm-none-eabi/13.3.1/thumb/v7e-m/nofp\libgcc.a(_arm_muldivdf3.o)
                              CMakeFiles/steer_chassis.elf.dir/App/UserSnc/chassis.c.obj (__aeabi_ddiv)
C:/clion/gcc-arm-none-eabi-10.3-2021.10/bin/../lib/gcc/arm-none-eabi/13.3.1/thumb/v7e-m/nofp\libgcc.a(_arm_fixdfsi.o)
                              CMakeFiles/steer_chassis.elf.dir/App/UserSnc/mec.c.obj (__aeabi_d2iz)
C:/clion/gcc-arm-none-eabi-10.3-2021.10/bin/../lib/gcc/arm-none-eabi/13.3.1/thumb/v7e-m/nofp\libgcc.a(_arm_fixunsdfsi.o)
                              CMakeFiles/steer_chassis.elf.dir/Core/Src/main.c.obj (__aeabi_d2uiz)
C:/clion/gcc-arm-none-eabi-10.3-2021.10/bin/../lib/gcc/arm-none-eabi/13.3.1/thumb/v7e-m/nofp\libgcc.a(_arm_truncdfsf2.o)
                              CMakeFiles/steer_chassis.elf.dir/App/UserSnc/mec.c.obj (__aeabi_d2f)
C:/clion/gcc-arm-none-eabi-10.3-2021.10/bin/../lib/gcc/arm-none-eabi/13.3.1/thumb/v7e-m/nofp\libgcc.a(_arm_addsubsf3.o)
                              CMakeFiles/steer_chassis.elf.dir/App/UserSnc/chassis.c.obj (__aeabi_fsub)
C:/clion/gcc-arm-none-eabi-10.3-2021.10/bin/../lib/gcc/arm-none-eabi/13.3.1/thumb/v7e-m/nofp\libgcc.a(_arm_cmpsf2.o)
                              CMakeFiles/steer_chassis.elf.dir/App/UserSnc/chassis.c.obj (__aeabi_fcmplt)
C:/clion/gcc-arm-none-eabi-10.3-2021.10/bin/../lib/gcc/arm-none-eabi/13.3.1/thumb/v7e-m/nofp\libgcc.a(_arm_fixsfsi.o)
                              CMakeFiles/steer_chassis.elf.dir/App/UserSnc/chassis.c.obj (__aeabi_f2iz)
C:/clion/gcc-arm-none-eabi-10.3-2021.10/bin/../lib/gcc/arm-none-eabi/13.3.1/thumb/v7e-m/nofp\libgcc.a(_aeabi_uldivmod.o)
                              CMakeFiles/steer_chassis.elf.dir/Drivers/STM32F4xx_HAL_Driver/Src/stm32f4xx_hal_rcc.c.obj (__aeabi_uldivmod)
C:/clion/gcc-arm-none-eabi-10.3-2021.10/bin/../lib/gcc/arm-none-eabi/13.3.1/thumb/v7e-m/nofp\libgcc.a(_udivmoddi4.o)
                              C:/clion/gcc-arm-none-eabi-10.3-2021.10/bin/../lib/gcc/arm-none-eabi/13.3.1/thumb/v7e-m/nofp\libgcc.a(_aeabi_uldivmod.o) (__udivmoddi4)
C:/clion/gcc-arm-none-eabi-10.3-2021.10/bin/../lib/gcc/arm-none-eabi/13.3.1/thumb/v7e-m/nofp\libgcc.a(_dvmd_tls.o)
                              C:/clion/gcc-arm-none-eabi-10.3-2021.10/bin/../lib/gcc/arm-none-eabi/13.3.1/thumb/v7e-m/nofp\libgcc.a(_aeabi_uldivmod.o) (__aeabi_ldiv0)
C:/clion/gcc-arm-none-eabi-10.3-2021.10/bin/../lib/gcc/arm-none-eabi/13.3.1/thumb/v7e-m/nofp\libg.a(libc_a-exit.o)
                              C:/clion/gcc-arm-none-eabi-10.3-2021.10/bin/../lib/gcc/arm-none-eabi/13.3.1/thumb/v7e-m/nofp/crt0.o (exit)
C:/clion/gcc-arm-none-eabi-10.3-2021.10/bin/../lib/gcc/arm-none-eabi/13.3.1/thumb/v7e-m/nofp\libg.a(libc_a-findfp.o)
                              C:/clion/gcc-arm-none-eabi-10.3-2021.10/bin/../lib/gcc/arm-none-eabi/13.3.1/thumb/v7e-m/nofp\libg.a(libc_a-exit.o) (__stdio_exit_handler)
C:/clion/gcc-arm-none-eabi-10.3-2021.10/bin/../lib/gcc/arm-none-eabi/13.3.1/thumb/v7e-m/nofp\libg.a(libc_a-fwalk.o)
                              C:/clion/gcc-arm-none-eabi-10.3-2021.10/bin/../lib/gcc/arm-none-eabi/13.3.1/thumb/v7e-m/nofp\libg.a(libc_a-findfp.o) (_fwalk_sglue)
C:/clion/gcc-arm-none-eabi-10.3-2021.10/bin/../lib/gcc/arm-none-eabi/13.3.1/thumb/v7e-m/nofp\libg.a(libc_a-stdio.o)
                              C:/clion/gcc-arm-none-eabi-10.3-2021.10/bin/../lib/gcc/arm-none-eabi/13.3.1/thumb/v7e-m/nofp\libg.a(libc_a-findfp.o) (__sread)
C:/clion/gcc-arm-none-eabi-10.3-2021.10/bin/../lib/gcc/arm-none-eabi/13.3.1/thumb/v7e-m/nofp\libg.a(libc_a-memset.o)
                              C:/clion/gcc-arm-none-eabi-10.3-2021.10/bin/../lib/gcc/arm-none-eabi/13.3.1/thumb/v7e-m/nofp/crt0.o (memset)
C:/clion/gcc-arm-none-eabi-10.3-2021.10/bin/../lib/gcc/arm-none-eabi/13.3.1/thumb/v7e-m/nofp\libg.a(libc_a-closer.o)
                              C:/clion/gcc-arm-none-eabi-10.3-2021.10/bin/../lib/gcc/arm-none-eabi/13.3.1/thumb/v7e-m/nofp\libg.a(libc_a-stdio.o) (_close_r)
C:/clion/gcc-arm-none-eabi-10.3-2021.10/bin/../lib/gcc/arm-none-eabi/13.3.1/thumb/v7e-m/nofp\libg.a(libc_a-reent.o)
                              C:/clion/gcc-arm-none-eabi-10.3-2021.10/bin/../lib/gcc/arm-none-eabi/13.3.1/thumb/v7e-m/nofp\libg.a(libc_a-closer.o) (errno)
[...]
Memory Configuration

Name             Origin             Length             Attributes
CCMRAM           0x10000000         0x00010000         xrw
RAM              0x20000000         0x00030000         xrw
FLASH            0x08000000         0x00200000         xr
*default*        0x00000000         0xffffffff

Linker script and memory map

LOAD C:/clion/gcc-arm-none-eabi-10.3-2021.10/bin/../lib/gcc/arm-none-eabi/13.3.1/thumb/v7e-m/nofp/crti.o
LOAD C:/clion/gcc-arm-none-eabi-10.3-2021.10/bin/../lib/gcc/arm-none-eabi/13.3.1/thumb/v7e-m/nofp/crtbegin.o
LOAD C:/clion/gcc-arm-none-eabi-10.3-2021.10/bin/../lib/gcc/arm-none-eabi/13.3.1/thumb/v7e-m/nofp/crt0.o
LOAD CMakeFiles/steer_chassis.elf.dir/App/UserSnc/DR16.c.obj
LOAD CMakeFiles/steer_chassis.elf.dir/App/UserSnc/chassis.c.obj
LOAD CMakeFiles/steer_chassis.elf.dir/App/UserSnc/mec.c.obj
LOAD CMakeFiles/steer_chassis.elf.dir/App/UserSnc/mycan.c.obj
LOAD CMakeFiles/steer_chassis.elf.dir/App/UserSnc/pid.c.obj
LOAD CMakeFiles/steer_chassis.elf.dir/App/UserSnc/refree.c.obj
LOAD CMakeFiles/steer_chassis.elf.dir/Core/Src/can.c.obj
LOAD CMakeFiles/steer_chassis.elf.dir/Core/Src/dma.c.obj
LOAD CMakeFiles/steer_chassis.elf.dir/Core/Src/gpio.c.obj
LOAD CMakeFiles/steer_chassis.elf.dir/Core/Src/main.c.obj
LOAD CMakeFiles/steer_chassis.elf.dir/Core/Src/stm32f4xx_hal_msp.c.obj
LOAD CMakeFiles/steer_chassis.elf.dir/Core/Src/stm32f4xx_it.c.obj
LOAD CMakeFiles/steer_chassis.elf.dir/Core/Src/syscalls.c.obj
LOAD CMakeFiles/steer_chassis.elf.dir/Core/Src/sysmem.c.obj
LOAD CMakeFiles/steer_chassis.elf.dir/Core/Src/system_stm32f4xx.c.obj
LOAD CMakeFiles/steer_chassis.elf.dir/Core/Src/usart.c.obj
LOAD CMakeFiles/steer_chassis.elf.dir/Core/Startup/startup_stm32f427iihx.s.obj
LOAD CMakeFiles/steer_chassis.elf.dir/Drivers/STM32F4xx_HAL_Driver/Src/stm32f4xx_hal.c.obj
LOAD CMakeFiles/steer_chassis.elf.dir/Drivers/STM32F4xx_HAL_Driver/Src/stm32f4xx_hal_can.c.obj
LOAD CMakeFiles/steer_chassis.elf.dir/Drivers/STM32F4xx_HAL_Driver/Src/stm32f4xx_hal_cortex.c.obj
LOAD CMakeFiles/steer_chassis.elf.dir/Drivers/STM32F4xx_HAL_Driver/Src/stm32f4xx_hal_dma.c.obj
LOAD CMakeFiles/steer_chassis.elf.dir/Drivers/STM32F4xx_HAL_Driver/Src/stm32f4xx_hal_dma_ex.c.obj
LOAD CMakeFiles/steer_chassis.elf.dir/Drivers/STM32F4xx_HAL_Driver/Src/stm32f4xx_hal_exti.c.obj
LOAD CMakeFiles/steer_chassis.elf.dir/Drivers/STM32F4xx_HAL_Driver/Src/stm32f4xx_hal_flash.c.obj
LOAD CMakeFiles/steer_chassis.elf.dir/Drivers/STM32F4xx_HAL_Driver/Src/stm32f4xx_hal_flash_ex.c.obj
LOAD CMakeFiles/steer_chassis.elf.dir/Drivers/STM32F4xx_HAL_Driver/Src/stm32f4xx_hal_flash_ramfunc.c.obj
LOAD CMakeFiles/steer_chassis.elf.dir/Drivers/STM32F4xx_HAL_Driver/Src/stm32f4xx_hal_gpio.c.obj
LOAD CMakeFiles/steer_chassis.elf.dir/Drivers/STM32F4xx_HAL_Driver/Src/stm32f4xx_hal_pwr.c.obj
LOAD CMakeFiles/steer_chassis.elf.dir/Drivers/STM32F4xx_HAL_Driver/Src/stm32f4xx_hal_pwr_ex.c.obj
LOAD CMakeFiles/steer_chassis.elf.dir/Drivers/STM32F4xx_HAL_Driver/Src/stm32f4xx_hal_rcc.c.obj
LOAD CMakeFiles/steer_chassis.elf.dir/Drivers/STM32F4xx_HAL_Driver/Src/stm32f4xx_hal_rcc_ex.c.obj
LOAD CMakeFiles/steer_chassis.elf.dir/Drivers/STM32F4xx_HAL_Driver/Src/stm32f4xx_hal_tim.c.obj
LOAD CMakeFiles/steer_chassis.elf.dir/Drivers/STM32F4xx_HAL_Driver/Src/stm32f4xx_hal_tim_ex.c.obj
LOAD CMakeFiles/steer_chassis.elf.dir/Drivers/STM32F4xx_HAL_Driver/Src/stm32f4xx_hal_uart.c.obj
START GROUP
LOAD C:/clion/gcc-arm-none-eabi-10.3-2021.10/bin/../lib/gcc/arm-none-eabi/13.3.1/thumb/v7e-m/nofp\libgcc.a
LOAD C:/clion/gcc-arm-none-eabi-10.3-2021.10/bin/../lib/gcc/arm-none-eabi/13.3.1/thumb/v7e-m/nofp\libg.a
LOAD C:/clion/gcc-arm-none-eabi-10.3-2021.10/bin/../lib/gcc/arm-none-eabi/13.3.1/thumb/v7e-m/nofp\libc.a
END GROUP
LOAD C:/clion/gcc-arm-none-eabi-10.3-2021.10/bin/../lib/gcc/arm-none-eabi/13.3.1/thumb/v7e-m/nofp/crtend.o
LOAD C:/clion/gcc-arm-none-eabi-10.3-2021.10/bin/../lib/gcc/arm-none-eabi/13.3.1/thumb/v7e-m/nofp/crtn.o
                0x20030000                        _estack = (ORIGIN (RAM) + LENGTH (RAM))
                0x00000200                        _Min_Heap_Size = 0x200
                0x00000400                        _Min_Stack_Size = 0x400

.isr_vector     0x08000000      0x1ac
                0x08000000                        . = ALIGN (0x4)
 *(.isr_vector)
 .isr_vector    0x08000000      0x1ac CMakeFiles/steer_chassis.elf.dir/Core/Startup/startup_stm32f427iihx.s.obj
                0x08000000                g_pfnVectors
                0x080001ac                        . = ALIGN (0x4)

.text           0x080001b0     0x62ac
                0x080001b0                        . = ALIGN (0x4)
 *(.text)
 .text          0x080001b0      0x168 C:/clion/gcc-arm-none-eabi-10.3-2021.10/bin/../lib/gcc/arm-none-eabi/13.3.1/thumb/v7e-m/nofp\libgcc.a(_arm_mulsf3.o)
                0x080001b0                __aeabi_fmul
                0x080001b0                __mulsf3
 .text          0x08000318      0x378 C:/clion/gcc-arm-none-eabi-10.3-2021.10/bin/../lib/gcc/arm-none-eabi/13.3.1/thumb/v7e-m/nofp\libgcc.a(_arm_addsubdf3.o)
                0x08000318                __aeabi_drsub
                0x08000320                __aeabi_dsub
                0x08000320                __subdf3
                0x08000324                __aeabi_dadd
                0x08000324                __adddf3
                0x0800059c                __floatunsidf
                0x0800059c                __aeabi_ui2d
                0x080005bc                __floatsidf
                0x080005bc                __aeabi_i2d
                0x080005e0                __aeabi_f2d
                0x080005e0                __extendsfdf2
                0x08000624                __floatundidf
                0x08000624                __aeabi_ul2d
                0x08000634                __floatdidf
                0x08000634                __aeabi_l2d
 .text          0x08000690      0x424 C:/clion/gcc-arm-none-eabi-10.3-2021.10/bin/../lib/gcc/arm-none-eabi/13.3.1/thumb/v7e-m/nofp\libgcc.a(_arm_muldivdf3.o)
                0x08000690                __aeabi_dmul
                0x08000690                __muldf3
                0x080008e4                __divdf3
                0x080008e4                __aeabi_ddiv
 .text          0x08000ab4       0x50 C:/clion/gcc-arm-none-eabi-10.3-2021.10/bin/../lib/gcc/arm-none-eabi/13.3.1/thumb/v7e-m/nofp\libgcc.a(_arm_fixdfsi.o)
                0x08000ab4                __aeabi_d2iz
                0x08000ab4                __fixdfsi
 .text          0x08000b04       0x40 C:/clion/gcc-arm-none-eabi-10.3-2021.10/bin/../lib/gcc/arm-none-eabi/13.3.1/thumb/v7e-m/nofp\libgcc.a(_arm_fixunsdfsi.o)
                0x08000b04                __aeabi_d2uiz
                0x08000b04                __fixunsdfsi
 .text          0x08000b44       0xa0 C:/clion/gcc-arm-none-eabi-10.3-2021.10/bin/../lib/gcc/arm-none-eabi/13.3.1/thumb/v7e-m/nofp\libgcc.a(_arm_truncdfsf2.o)
                0x08000b44                __truncdfsf2
                0x08000b44                __aeabi_d2f
 .text          0x08000be4      0x21c C:/clion/gcc-arm-none-eabi-10.3-2021.10/bin/../lib/gcc/arm-none-eabi/13.3.1/thumb/v7e-m/nofp\libgcc.a(_arm_addsubsf3.o)
                0x08000be4                __aeabi_frsub
                0x08000bec                __subsf3
                0x08000bec                __aeabi_fsub
                0x08000bf0                __aeabi_fadd
                0x08000bf0                __addsf3
                0x08000d50                __aeabi_ui2f
                0x08000d50                __floatunsisf
                0x08000d58                __aeabi_i2f
                0x08000d58                __floatsisf
                0x08000d74                __aeabi_ul2f
                0x08000d74                __floatundisf
                0x08000d84                __aeabi_l2f
                0x08000d84                __floatdisf
 .text          0x08000e00       0xec C:/clion/gcc-arm-none-eabi-10.3-2021.10/bin/../lib/gcc/arm-none-eabi/13.3.1/thumb/v7e-m/nofp\libgcc.a(_arm_cmpsf2.o)
                0x08000e00                __gesf2
                0x08000e00                __gtsf2
                0x08000e08                __lesf2
                0x08000e08                __ltsf2
                0x08000e10                __nesf2
                0x08000e10                __eqsf2
                0x08000e10                __cmpsf2
                0x08000e70                __aeabi_cfrcmple
                0x08000e78                __aeabi_cfcmpeq
                0x08000e78                __aeabi_cfcmple
                0x08000e88                __aeabi_fcmpeq
                0x08000e9c                __aeabi_fcmplt
                0x08000eb0                __aeabi_fcmple
                0x08000ec4                __aeabi_fcmpge
                0x08000ed8                __aeabi_fcmpgt
 .text          0x08000eec       0x4c C:/clion/gcc-arm-none-eabi-10.3-2021.10/bin/../lib/gcc/arm-none-eabi/13.3.1/thumb/v7e-m/nofp\libgcc.a(_arm_fixsfsi.o)
                0x08000eec                __aeabi_f2iz
                0x08000eec                __fixsfsi
 .text          0x08000f38       0x30 C:/clion/gcc-arm-none-eabi-10.3-2021.10/bin/../lib/gcc/arm-none-eabi/13.3.1/thumb/v7e-m/nofp\libgcc.a(_aeabi_uldivmod.o)
                0x08000f38                __aeabi_uldivmod
 .text          0x08000f68        0x4 C:/clion/gcc-arm-none-eabi-10.3-2021.10/bin/../lib/gcc/arm-none-eabi/13.3.1/thumb/v7e-m/nofp\libgcc.a(_dvmd_tls.o)
                0x08000f68                __aeabi_idiv0
                0x08000f68                __aeabi_ldiv0
 .text          0x08000f6c      0x134 C:/clion/gcc-arm-none-eabi-10.3-2021.10/bin/../lib/gcc/arm-none-eabi/13.3.1/thumb/v7e-m/nofp\libg.a(libc_a-memcpy.o)
                0x08000f6c                memcpy
 .text          0x080010a0      0x110 C:/clion/gcc-arm-none-eabi-10.3-2021.10/bin/../lib/gcc/arm-none-eabi/13.3.1/thumb/v7e-m/nofp\libgcc.a(_arm_cmpdf2.o)
                0x080010a0                __gtdf2
                0x080010a0                __gedf2
                0x080010a8                __ltdf2
                0x080010a8                __ledf2
                0x080010b0                __nedf2
                0x080010b0                __eqdf2
                0x080010b0                __cmpdf2
                0x0800112c                __aeabi_cdrcmple
                0x0800113c                __aeabi_cdcmpeq
                0x0800113c                __aeabi_cdcmple
                0x0800114c                __aeabi_dcmpeq
                0x08001160                __aeabi_dcmplt
                0x08001174                __aeabi_dcmple
                0x08001188                __aeabi_dcmpge
                0x0800119c                __aeabi_dcmpgt
 .text          0x080011b0       0x2c C:/clion/gcc-arm-none-eabi-10.3-2021.10/bin/../lib/gcc/arm-none-eabi/13.3.1/thumb/v7e-m/nofp\libgcc.a(_arm_unorddf2.o)
                0x080011b0                __unorddf2
                0x080011b0                __aeabi_dcmpun
 *(.text*)
 .text.deregister_tm_clones
                0x080011dc       0x1c C:/clion/gcc-arm-none-eabi-10.3-2021.10/bin/../lib/gcc/arm-none-eabi/13.3.1/thumb/v7e-m/nofp/crtbegin.o
 .text.register_tm_clones
                0x080011f8       0x24 C:/clion/gcc-arm-none-eabi-10.3-2021.10/bin/../lib/gcc/arm-none-eabi/13.3.1/thumb/v7e-m/nofp/crtbegin.o
 .text.__do_global_dtors_aux
                0x0800121c       0x28 C:/clion/gcc-arm-none-eabi-10.3-2021.10/bin/../lib/gcc/arm-none-eabi/13.3.1/thumb/v7e-m/nofp/crtbegin.o
 .text.frame_dummy
                0x08001244       0x24 C:/clion/gcc-arm-none-eabi-10.3-2021.10/bin/../lib/gcc/arm-none-eabi/13.3.1/thumb/v7e-m/nofp/crtbegin.o
 .text.RemoteDataProcess
                0x08001268       0x84 CMakeFiles/steer_chassis.elf.dir/App/UserSnc/DR16.c.obj
                0x08001268                RemoteDataProcess
 .text.RC_Init  0x080012ec       0x24 CMakeFiles/steer_chassis.elf.dir/App/UserSnc/DR16.c.obj
                0x080012ec                RC_Init
 .text.RC_Robot_Ctrl
                0x08001310       0x6c CMakeFiles/steer_chassis.elf.dir/App/UserSnc/DR16.c.obj
                0x08001310                RC_Robot_Ctrl
 .text.msp      0x0800137c       0x54 CMakeFiles/steer_chassis.elf.dir/App/UserSnc/chassis.c.obj
                0x0800137c                msp
 .text.set_chassis_3508_speed
                0x080013d0       0xa0 CMakeFiles/steer_chassis.elf.dir/App/UserSnc/chassis.c.obj
                0x080013d0                set_chassis_3508_speed
 .text.set_chassis_6020_angle
                0x08001470      0x2f0 CMakeFiles/steer_chassis.elf.dir/App/UserSnc/chassis.c.obj
                0x08001470                set_chassis_6020_angle
 .text.stop     0x08001760       0x10 CMakeFiles/steer_chassis.elf.dir/App/UserSnc/chassis.c.obj
                0x08001760                stop
 .text.all_stop
                0x08001770       0x1c CMakeFiles/steer_chassis.elf.dir/App/UserSnc/chassis.c.obj
                0x08001770                all_stop
 *fill*         0x0800178c        0x4 
 .text.move_steer_chassis
                0x08001790      0x180 CMakeFiles/steer_chassis.elf.dir/App/UserSnc/mec.c.obj
                0x08001790                move_steer_chassis
 .text.move_chassis_steer
                0x08001910      0x148 CMakeFiles/steer_chassis.elf.dir/App/UserSnc/mec.c.obj
                0x08001910                move_chassis_steer
 .text.my_can1_init
                0x08001a58       0x5c CMakeFiles/steer_chassis.elf.dir/App/UserSnc/mycan.c.obj
                0x08001a58                my_can1_init
 .text.my_can2_init
                0x08001ab4       0x4c CMakeFiles/steer_chassis.elf.dir/App/UserSnc/mycan.c.obj
                0x08001ab4                my_can2_init
 .text.set_chassis_3508_v
                0x08001b00       0x5c CMakeFiles/steer_chassis.elf.dir/App/UserSnc/mycan.c.obj
                0x08001b00                set_chassis_3508_v
 .text.set_chassis_6020_v
                0x08001b5c       0x5c CMakeFiles/steer_chassis.elf.dir/App/UserSnc/mycan.c.obj
                0x08001b5c                set_chassis_6020_v
 .text.send_msg
                0x08001bb8       0x5c CMakeFiles/steer_chassis.elf.dir/App/UserSnc/mycan.c.obj
                0x08001bb8                send_msg
 .text.send     0x08001c14       0x5c CMakeFiles/steer_chassis.elf.dir/App/UserSnc/mycan.c.obj
                0x08001c14                send
 .text.HAL_CAN_RxFifo0MsgPendingCallback
                0x08001c70       0x78 CMakeFiles/steer_chassis.elf.dir/App/UserSnc/mycan.c.obj
                0x08001c70                HAL_CAN_RxFifo0MsgPendingCallback
 .text.HAL_CAN_RxFifo1MsgPendingCallback
                0x08001ce8       0xc8 CMakeFiles/steer_chassis.elf.dir/App/UserSnc/mycan.c.obj
                0x08001ce8                HAL_CAN_RxFifo1MsgPendingCallback
 .text.pid_init
                0x08001db0       0x10 CMakeFiles/steer_chassis.elf.dir/App/UserSnc/pid.c.obj
                0x08001db0                pid_init
 .text.pid_calc
                0x08001dc0       0xb6 CMakeFiles/steer_chassis.elf.dir/App/UserSnc/pid.c.obj
                0x08001dc0                pid_calc
 *fill*         0x08001e76        0x2 
 .text.all_pid_init
                0x08001e78       0xd4 CMakeFiles/steer_chassis.elf.dir/App/UserSnc/pid.c.obj
                0x08001e78                all_pid_init
 .text.REFREE_Init
                0x08001f4c       0x28 CMakeFiles/steer_chassis.elf.dir/App/UserSnc/refree.c.obj
                0x08001f4c                REFREE_Init
 .text.Get_CRC16_Check_Sum
                0x08001f74       0x38 CMakeFiles/steer_chassis.elf.dir/App/UserSnc/refree.c.obj
                0x08001f74                Get_CRC16_Check_Sum
 .text.Get_CRC8_Check_Sum
                0x08001fac       0x20 CMakeFiles/steer_chassis.elf.dir/App/UserSnc/refree.c.obj
                0x08001fac                Get_CRC8_Check_Sum
 .text.Calc_Robot_ID
                0x08001fcc       0x5c CMakeFiles/steer_chassis.elf.dir/App/UserSnc/refree.c.obj
                0x08001fcc                Calc_Robot_ID
 .text.RobotInteractiveHandle
                0x08002028       0x58 CMakeFiles/steer_chassis.elf.dir/App/UserSnc/refree.c.obj
                0x08002028                RobotInteractiveHandle
 .text.RefereeHandle
                0x08002080      0x23c CMakeFiles/steer_chassis.elf.dir/App/UserSnc/refree.c.obj
                0x08002080                RefereeHandle
 .text.unPackDataFromRF
                0x080022bc      0x198 CMakeFiles/steer_chassis.elf.dir/App/UserSnc/refree.c.obj
                0x080022bc                unPackDataFromRF
 .text.MX_CAN1_Init
                0x08002454       0x44 CMakeFiles/steer_chassis.elf.dir/Core/Src/can.c.obj
                0x08002454                MX_CAN1_Init
 .text.MX_CAN2_Init
                0x08002498       0x44 CMakeFiles/steer_chassis.elf.dir/Core/Src/can.c.obj
                0x08002498                MX_CAN2_Init
 .text.HAL_CAN_MspInit
                0x080024dc      0x144 CMakeFiles/steer_chassis.elf.dir/Core/Src/can.c.obj
                0x080024dc                HAL_CAN_MspInit
 .text.MX_DMA_Init
                0x08002620       0x58 CMakeFiles/steer_chassis.elf.dir/Core/Src/dma.c.obj
                0x08002620                MX_DMA_Init
 .text.MX_GPIO_Init
                0x08002678      0x108 CMakeFiles/steer_chassis.elf.dir/Core/Src/gpio.c.obj
                0x08002678                MX_GPIO_Init
 .text.HAL_UARTEx_RxEventCallback
                0x08002780       0x70 CMakeFiles/steer_chassis.elf.dir/Core/Src/main.c.obj
                0x08002780                HAL_UARTEx_RxEventCallback
 .text.Error_Handler
                0x080027f0        0x4 CMakeFiles/steer_chassis.elf.dir/Core/Src/main.c.obj
                0x080027f0                Error_Handler
 .text.SystemClock_Config
                0x080027f4       0xa8 CMakeFiles/steer_chassis.elf.dir/Core/Src/main.c.obj
                0x080027f4                SystemClock_Config
 .text.main     0x0800289c       0xc4 CMakeFiles/steer_chassis.elf.dir/Core/Src/main.c.obj
                0x0800289c                main
 .text.HAL_MspInit
                0x08002960       0x38 CMakeFiles/steer_chassis.elf.dir/Core/Src/stm32f4xx_hal_msp.c.obj
                0x08002960                HAL_MspInit
 .text.NMI_Handler
                0x08002998        0x2 CMakeFiles/steer_chassis.elf.dir/Core/Src/stm32f4xx_it.c.obj
                0x08002998                NMI_Handler
 .text.HardFault_Handler
                0x0800299a        0x2 CMakeFiles/steer_chassis.elf.dir/Core/Src/stm32f4xx_it.c.obj
                0x0800299a                HardFault_Handler
 .text.MemManage_Handler
                0x0800299c        0x2 CMakeFiles/steer_chassis.elf.dir/Core/Src/stm32f4xx_it.c.obj
                0x0800299c                MemManage_Handler
 .text.BusFault_Handler
                0x0800299e        0x2 CMakeFiles/steer_chassis.elf.dir/Core/Src/stm32f4xx_it.c.obj
                0x0800299e                BusFault_Handler
 .text.UsageFault_Handler
                0x080029a0        0x2 CMakeFiles/steer_chassis.elf.dir/Core/Src/stm32f4xx_it.c.obj
                0x080029a0                UsageFault_Handler
 .text.SVC_Handler
                0x080029a2        0x2 CMakeFiles/steer_chassis.elf.dir/Core/Src/stm32f4xx_it.c.obj
                0x080029a2                SVC_Handler
 .text.DebugMon_Handler
                0x080029a4        0x2 CMakeFiles/steer_chassis.elf.dir/Core/Src/stm32f4xx_it.c.obj
                0x080029a4                DebugMon_Handler
 .text.PendSV_Handler
                0x080029a6        0x2 CMakeFiles/steer_chassis.elf.dir/Core/Src/stm32f4xx_it.c.obj
                0x080029a6                PendSV_Handler
 .text.SysTick_Handler
                0x080029a8        0x8 CMakeFiles/steer_chassis.elf.dir/Core/Src/stm32f4xx_it.c.obj
                0x080029a8                SysTick_Handler
 .text.DMA1_Stream5_IRQHandler
                0x080029b0       0x10 CMakeFiles/steer_chassis.elf.dir/Core/Src/stm32f4xx_it.c.obj
                0x080029b0                DMA1_Stream5_IRQHandler
 .text.CAN1_TX_IRQHandler
                0x080029c0       0x10 CMakeFiles/steer_chassis.elf.dir/Core/Src/stm32f4xx_it.c.obj
                0x080029c0                CAN1_TX_IRQHandler
 .text.CAN1_RX0_IRQHandler
                0x080029d0       0x10 CMakeFiles/steer_chassis.elf.dir/Core/Src/stm32f4xx_it.c.obj
                0x080029d0                CAN1_RX0_IRQHandler
 .text.USART2_IRQHandler
                0x080029e0       0x10 CMakeFiles/steer_chassis.elf.dir/Core/Src/stm32f4xx_it.c.obj
                0x080029e0                USART2_IRQHandler
 .text.DMA2_Stream2_IRQHandler
                0x080029f0       0x10 CMakeFiles/steer_chassis.elf.dir/Core/Src/stm32f4xx_it.c.obj
                0x080029f0                DMA2_Stream2_IRQHandler
 .text.CAN2_TX_IRQHandler
                0x08002a00       0x10 CMakeFiles/steer_chassis.elf.dir/Core/Src/stm32f4xx_it.c.obj
                0x08002a00                CAN2_TX_IRQHandler
 .text.CAN2_RX1_IRQHandler
                0x08002a10       0x10 CMakeFiles/steer_chassis.elf.dir/Core/Src/stm32f4xx_it.c.obj
                0x08002a10                CAN2_RX1_IRQHandler
 .text.SystemInit
                0x08002a20        0x2 CMakeFiles/steer_chassis.elf.dir/Core/Src/system_stm32f4xx.c.obj
                0x08002a20                SystemInit
 *fill*         0x08002a22        0x2 
 .text.MX_USART1_UART_Init
                0x08002a24       0x3c CMakeFiles/steer_chassis.elf.dir/Core/Src/usart.c.obj
                0x08002a24                MX_USART1_UART_Init
 .text.MX_USART2_UART_Init
                0x08002a60       0x34 CMakeFiles/steer_chassis.elf.dir/Core/Src/usart.c.obj
                0x08002a60                MX_USART2_UART_Init
 .text.HAL_UART_MspInit
                0x08002a94      0x184 CMakeFiles/steer_chassis.elf.dir/Core/Src/usart.c.obj
                0x08002a94                HAL_UART_MspInit
 .text.Reset_Handler
                0x08002c18       0x50 CMakeFiles/steer_chassis.elf.dir/Core/Startup/startup_stm32f427iihx.s.obj
                0x08002c18                Reset_Handler
 .text.Default_Handler
                0x08002c68        0x2 CMakeFiles/steer_chassis.elf.dir/Core/Startup/startup_stm32f427iihx.s.obj
                0x08002c68                RTC_Alarm_IRQHandler
                0x08002c68                HASH_RNG_IRQHandler
                0x08002c68                EXTI2_IRQHandler
                0x08002c68                TIM8_CC_IRQHandler
                0x08002c68                UART8_IRQHandler
                0x08002c68                SPI4_IRQHandler
                0x08002c68                TIM1_CC_IRQHandler
                0x08002c68                DMA2_Stream5_IRQHandler
                0x08002c68                PVD_IRQHandler
                0x08002c68                SDIO_IRQHandler
                0x08002c68                TAMP_STAMP_IRQHandler
                0x08002c68                EXTI3_IRQHandler
                0x08002c68                TIM8_TRG_COM_TIM14_IRQHandler
                0x08002c68                TIM1_UP_TIM10_IRQHandler
                0x08002c68                TIM8_UP_TIM13_IRQHandler
                0x08002c68                I2C3_ER_IRQHandler
                0x08002c68                EXTI0_IRQHandler
                0x08002c68                I2C2_EV_IRQHandler
                0x08002c68                DMA1_Stream2_IRQHandler
                0x08002c68                FPU_IRQHandler
                0x08002c68                OTG_HS_WKUP_IRQHandler
                0x08002c68                CAN2_SCE_IRQHandler
                0x08002c68                SPI1_IRQHandler
                0x08002c68                TIM6_DAC_IRQHandler
                0x08002c68                TIM1_BRK_TIM9_IRQHandler
                0x08002c68                DCMI_IRQHandler
                0x08002c68                CAN2_RX0_IRQHandler
                0x08002c68                DMA2_Stream3_IRQHandler
                0x08002c68                USART6_IRQHandler
                0x08002c68                USART3_IRQHandler
                0x08002c68                CAN1_RX1_IRQHandler
                0x08002c68                UART5_IRQHandler
                0x08002c68                DMA2_Stream0_IRQHandler
                0x08002c68                TIM4_IRQHandler
                0x08002c68                I2C1_EV_IRQHandler
                0x08002c68                DMA1_Stream6_IRQHandler
                0x08002c68                DMA1_Stream1_IRQHandler
                0x08002c68                UART4_IRQHandler
                0x08002c68                TIM3_IRQHandler
                0x08002c68                RCC_IRQHandler
                0x08002c68                TIM8_BRK_TIM12_IRQHandler
                0x08002c68                Default_Handler
                0x08002c68                EXTI15_10_IRQHandler
                0x08002c68                ADC_IRQHandler
                0x08002c68                DMA1_Stream7_IRQHandler
                0x08002c68                SPI5_IRQHandler
                0x08002c68                TIM7_IRQHandler
                0x08002c68                TIM5_IRQHandler
                0x08002c68                DMA2_Stream7_IRQHandler
                0x08002c68                I2C3_EV_IRQHandler
                0x08002c68                EXTI9_5_IRQHandler
                0x08002c68                RTC_WKUP_IRQHandler
                0x08002c68                ETH_WKUP_IRQHandler
                0x08002c68                SPI2_IRQHandler
                0x08002c68                OTG_HS_EP1_IN_IRQHandler
                0x08002c68                DMA1_Stream0_IRQHandler
                0x08002c68                EXTI4_IRQHandler
                0x08002c68                ETH_IRQHandler
                0x08002c68                OTG_HS_EP1_OUT_IRQHandler
                0x08002c68                WWDG_IRQHandler
                0x08002c68                SPI6_IRQHandler
                0x08002c68                TIM2_IRQHandler
                0x08002c68                OTG_FS_WKUP_IRQHandler
                0x08002c68                TIM1_TRG_COM_TIM11_IRQHandler
                0x08002c68                OTG_HS_IRQHandler
                0x08002c68                DMA2D_IRQHandler
                0x08002c68                EXTI1_IRQHandler
                0x08002c68                UART7_IRQHandler
                0x08002c68                I2C2_ER_IRQHandler
                0x08002c68                DMA2_Stream1_IRQHandler
                0x08002c68                CAN1_SCE_IRQHandler
                0x08002c68                FLASH_IRQHandler
                0x08002c68                DMA2_Stream4_IRQHandler
                0x08002c68                USART1_IRQHandler
                0x08002c68                OTG_FS_IRQHandler
                0x08002c68                SPI3_IRQHandler
                0x08002c68                DMA1_Stream4_IRQHandler
                0x08002c68                I2C1_ER_IRQHandler
                0x08002c68                FMC_IRQHandler
                0x08002c68                DMA2_Stream6_IRQHandler
                0x08002c68                SAI1_IRQHandler
                0x08002c68                DMA1_Stream3_IRQHandler
 *fill*         0x08002c6a        0x2 
 .text.HAL_InitTick
                0x08002c6c       0x4c CMakeFiles/steer_chassis.elf.dir/Drivers/STM32F4xx_HAL_Driver/Src/stm32f4xx_hal.c.obj
                0x08002c6c                HAL_InitTick
 .text.HAL_Init
                0x08002cb8       0x34 CMakeFiles/steer_chassis.elf.dir/Drivers/STM32F4xx_HAL_Driver/Src/stm32f4xx_hal.c.obj
                0x08002cb8                HAL_Init
 .text.HAL_IncTick
                0x08002cec       0x18 CMakeFiles/steer_chassis.elf.dir/Drivers/STM32F4xx_HAL_Driver/Src/stm32f4xx_hal.c.obj
                0x08002cec                HAL_IncTick
 .text.HAL_GetTick
                0x08002d04        0xc CMakeFiles/steer_chassis.elf.dir/Drivers/STM32F4xx_HAL_Driver/Src/stm32f4xx_hal.c.obj
                0x08002d04                HAL_GetTick
 .text.HAL_Delay
                0x08002d10       0x28 CMakeFiles/steer_chassis.elf.dir/Drivers/STM32F4xx_HAL_Driver/Src/stm32f4xx_hal.c.obj
                0x08002d10                HAL_Delay
 .text.HAL_CAN_Init
                0x08002d38      0x14c CMakeFiles/steer_chassis.elf.dir/Drivers/STM32F4xx_HAL_Driver/Src/stm32f4xx_hal_can.c.obj
                0x08002d38                HAL_CAN_Init
 .text.HAL_CAN_ConfigFilter
                0x08002e84      0x13c CMakeFiles/steer_chassis.elf.dir/Drivers/STM32F4xx_HAL_Driver/Src/stm32f4xx_hal_can.c.obj
                0x08002e84                HAL_CAN_ConfigFilter
 .text.HAL_CAN_Start
                0x08002fc0       0x5c CMakeFiles/steer_chassis.elf.dir/Drivers/STM32F4xx_HAL_Driver/Src/stm32f4xx_hal_can.c.obj
                0x08002fc0                HAL_CAN_Start
 .text.HAL_CAN_AddTxMessage
                0x0800301c       0xea CMakeFiles/steer_chassis.elf.dir/Drivers/STM32F4xx_HAL_Driver/Src/stm32f4xx_hal_can.c.obj
                0x0800301c                HAL_CAN_AddTxMessage
 .text.HAL_CAN_GetTxMailboxesFreeLevel
                0x08003106       0x32 CMakeFiles/steer_chassis.elf.dir/Drivers/STM32F4xx_HAL_Driver/Src/stm32f4xx_hal_can.c.obj
                0x08003106                HAL_CAN_GetTxMailboxesFreeLevel
 .text.HAL_CAN_GetRxMessage
                0x08003138      0x16a CMakeFiles/steer_chassis.elf.dir/Drivers/STM32F4xx_HAL_Driver/Src/stm32f4xx_hal_can.c.obj
                0x08003138                HAL_CAN_GetRxMessage
 .text.HAL_CAN_ActivateNotification
                0x080032a2       0x24 CMakeFiles/steer_chassis.elf.dir/Drivers/STM32F4xx_HAL_Driver/Src/stm32f4xx_hal_can.c.obj
                0x080032a2                HAL_CAN_ActivateNotification
 .text.HAL_CAN_TxMailbox0CompleteCallback
                0x080032c6        0x2 CMakeFiles/steer_chassis.elf.dir/Drivers/STM32F4xx_HAL_Driver/Src/stm32f4xx_hal_can.c.obj
                0x080032c6                HAL_CAN_TxMailbox0CompleteCallback
 .text.HAL_CAN_TxMailbox1CompleteCallback
                0x080032c8        0x2 CMakeFiles/steer_chassis.elf.dir/Drivers/STM32F4xx_HAL_Driver/Src/stm32f4xx_hal_can.c.obj
                0x080032c8                HAL_CAN_TxMailbox1CompleteCallback
 .text.HAL_CAN_TxMailbox2CompleteCallback
                0x080032ca        0x2 CMakeFiles/steer_chassis.elf.dir/Drivers/STM32F4xx_HAL_Driver/Src/stm32f4xx_hal_can.c.obj
                0x080032ca                HAL_CAN_TxMailbox2CompleteCallback
 .text.HAL_CAN_TxMailbox0AbortCallback
                0x080032cc        0x2 CMakeFiles/steer_chassis.elf.dir/Drivers/STM32F4xx_HAL_Driver/Src/stm32f4xx_hal_can.c.obj
                0x080032cc                HAL_CAN_TxMailbox0AbortCallback
 .text.HAL_CAN_TxMailbox1AbortCallback
                0x080032ce        0x2 CMakeFiles/steer_chassis.elf.dir/Drivers/STM32F4xx_HAL_Driver/Src/stm32f4xx_hal_can.c.obj
                0x080032ce                HAL_CAN_TxMailbox1AbortCallback
 .text.HAL_CAN_TxMailbox2AbortCallback
                0x080032d0        0x2 CMakeFiles/steer_chassis.elf.dir/Drivers/STM32F4xx_HAL_Driver/Src/stm32f4xx_hal_can.c.obj
                0x080032d0                HAL_CAN_TxMailbox2AbortCallback
 .text.HAL_CAN_RxFifo0FullCallback
                0x080032d2        0x2 CMakeFiles/steer_chassis.elf.dir/Drivers/STM32F4xx_HAL_Driver/Src/stm32f4xx_hal_can.c.obj
                0x080032d2                HAL_CAN_RxFifo0FullCallback
 .text.HAL_CAN_RxFifo1FullCallback
                0x080032d4        0x2 CMakeFiles/steer_chassis.elf.dir/Drivers/STM32F4xx_HAL_Driver/Src/stm32f4xx_hal_can.c.obj
                0x080032d4                HAL_CAN_RxFifo1FullCallback
 .text.HAL_CAN_SleepCallback
                0x080032d6        0x2 CMakeFiles/steer_chassis.elf.dir/Drivers/STM32F4xx_HAL_Driver/Src/stm32f4xx_hal_can.c.obj
                0x080032d6                HAL_CAN_SleepCallback
 .text.HAL_CAN_WakeUpFromRxMsgCallback
                0x080032d8        0x2 CMakeFiles/steer_chassis.elf.dir/Drivers/STM32F4xx_HAL_Driver/Src/stm32f4xx_hal_can.c.obj
                0x080032d8                HAL_CAN_WakeUpFromRxMsgCallback
 .text.HAL_CAN_ErrorCallback
                0x080032da        0x2 CMakeFiles/steer_chassis.elf.dir/Drivers/STM32F4xx_HAL_Driver/Src/stm32f4xx_hal_can.c.obj
                0x080032da                HAL_CAN_ErrorCallback
 .text.HAL_CAN_IRQHandler
                0x080032dc      0x250 CMakeFiles/steer_chassis.elf.dir/Drivers/STM32F4xx_HAL_Driver/Src/stm32f4xx_hal_can.c.obj
                0x080032dc                HAL_CAN_IRQHandler
 .text.__NVIC_EnableIRQ
                0x0800352c       0x1c CMakeFiles/steer_chassis.elf.dir/Drivers/STM32F4xx_HAL_Driver/Src/stm32f4xx_hal_cortex.c.obj
 .text.__NVIC_SetPriority
                0x08003548       0x28 CMakeFiles/steer_chassis.elf.dir/Drivers/STM32F4xx_HAL_Driver/Src/stm32f4xx_hal_cortex.c.obj
 .text.NVIC_EncodePriority
                0x08003570       0x3e CMakeFiles/steer_chassis.elf.dir/Drivers/STM32F4xx_HAL_Driver/Src/stm32f4xx_hal_cortex.c.obj
 *fill*         0x080035ae        0x2 
 .text.HAL_NVIC_SetPriorityGrouping
                0x080035b0       0x24 CMakeFiles/steer_chassis.elf.dir/Drivers/STM32F4xx_HAL_Driver/Src/stm32f4xx_hal_cortex.c.obj
                0x080035b0                HAL_NVIC_SetPriorityGrouping
 .text.HAL_NVIC_SetPriority
                0x080035d4       0x20 CMakeFiles/steer_chassis.elf.dir/Drivers/STM32F4xx_HAL_Driver/Src/stm32f4xx_hal_cortex.c.obj
                0x080035d4                HAL_NVIC_SetPriority
 .text.HAL_NVIC_EnableIRQ
                0x080035f4        0x8 CMakeFiles/steer_chassis.elf.dir/Drivers/STM32F4xx_HAL_Driver/Src/stm32f4xx_hal_cortex.c.obj
                0x080035f4                HAL_NVIC_EnableIRQ
 .text.HAL_SYSTICK_Config
                0x080035fc       0x28 CMakeFiles/steer_chassis.elf.dir/Drivers/STM32F4xx_HAL_Driver/Src/stm32f4xx_hal_cortex.c.obj
                0x080035fc                HAL_SYSTICK_Config
 .text.DMA_SetConfig
                0x08003624       0x2c CMakeFiles/steer_chassis.elf.dir/Drivers/STM32F4xx_HAL_Driver/Src/stm32f4xx_hal_dma.c.obj
 .text.DMA_CalcBaseAndBitshift
                0x08003650       0x38 CMakeFiles/steer_chassis.elf.dir/Drivers/STM32F4xx_HAL_Driver/Src/stm32f4xx_hal_dma.c.obj
 .text.DMA_CheckFifoParam
                0x08003688       0x8e CMakeFiles/steer_chassis.elf.dir/Drivers/STM32F4xx_HAL_Driver/Src/stm32f4xx_hal_dma.c.obj
 *fill*         0x08003716        0x2 
 .text.HAL_DMA_Init
                0x08003718       0xcc CMakeFiles/steer_chassis.elf.dir/Drivers/STM32F4xx_HAL_Driver/Src/stm32f4xx_hal_dma.c.obj
                0x08003718                HAL_DMA_Init
 .text.HAL_DMA_Start_IT
                0x080037e4       0x6a CMakeFiles/steer_chassis.elf.dir/Drivers/STM32F4xx_HAL_Driver/Src/stm32f4xx_hal_dma.c.obj
                0x080037e4                HAL_DMA_Start_IT
 .text.HAL_DMA_Abort
                0x0800384e       0x94 CMakeFiles/steer_chassis.elf.dir/Drivers/STM32F4xx_HAL_Driver/Src/stm32f4xx_hal_dma.c.obj
                0x0800384e                HAL_DMA_Abort
 .text.HAL_DMA_Abort_IT
                0x080038e2       0x26 CMakeFiles/steer_chassis.elf.dir/Drivers/STM32F4xx_HAL_Driver/Src/stm32f4xx_hal_dma.c.obj
                0x080038e2                HAL_DMA_Abort_IT
 .text.HAL_DMA_IRQHandler
                0x08003908      0x1dc CMakeFiles/steer_chassis.elf.dir/Drivers/STM32F4xx_HAL_Driver/Src/stm32f4xx_hal_dma.c.obj
                0x08003908                HAL_DMA_IRQHandler
 .text.HAL_GPIO_Init
                0x08003ae4      0x20c CMakeFiles/steer_chassis.elf.dir/Drivers/STM32F4xx_HAL_Driver/Src/stm32f4xx_hal_gpio.c.obj
                0x08003ae4                HAL_GPIO_Init
 .text.HAL_GPIO_WritePin
                0x08003cf0        0xc CMakeFiles/steer_chassis.elf.dir/Drivers/STM32F4xx_HAL_Driver/Src/stm32f4xx_hal_gpio.c.obj
                0x08003cf0                HAL_GPIO_WritePin
 .text.HAL_RCC_OscConfig
                0x08003cfc      0x3f8 CMakeFiles/steer_chassis.elf.dir/Drivers/STM32F4xx_HAL_Driver/Src/stm32f4xx_hal_rcc.c.obj
                0x08003cfc                HAL_RCC_OscConfig
 .text.HAL_RCC_GetSysClockFreq
                0x080040f4       0xa8 CMakeFiles/steer_chassis.elf.dir/Drivers/STM32F4xx_HAL_Driver/Src/stm32f4xx_hal_rcc.c.obj
                0x080040f4                HAL_RCC_GetSysClockFreq
 .text.HAL_RCC_ClockConfig
                0x0800419c      0x160 CMakeFiles/steer_chassis.elf.dir/Drivers/STM32F4xx_HAL_Driver/Src/stm32f4xx_hal_rcc.c.obj
                0x0800419c                HAL_RCC_ClockConfig
 .text.HAL_RCC_GetHCLKFreq
                0x080042fc        0xc CMakeFiles/steer_chassis.elf.dir/Drivers/STM32F4xx_HAL_Driver/Src/stm32f4xx_hal_rcc.c.obj
                0x080042fc                HAL_RCC_GetHCLKFreq
 .text.HAL_RCC_GetPCLK1Freq
                0x08004308       0x20 CMakeFiles/steer_chassis.elf.dir/Drivers/STM32F4xx_HAL_Driver/Src/stm32f4xx_hal_rcc.c.obj
                0x08004308                HAL_RCC_GetPCLK1Freq
 .text.HAL_RCC_GetPCLK2Freq
                0x08004328       0x20 CMakeFiles/steer_chassis.elf.dir/Drivers/STM32F4xx_HAL_Driver/Src/stm32f4xx_hal_rcc.c.obj
                0x08004328                HAL_RCC_GetPCLK2Freq
 .text.UART_EndTxTransfer
                0x08004348       0x20 CMakeFiles/steer_chassis.elf.dir/Drivers/STM32F4xx_HAL_Driver/Src/stm32f4xx_hal_uart.c.obj
 .text.UART_EndRxTransfer
                0x08004368       0x5c CMakeFiles/steer_chassis.elf.dir/Drivers/STM32F4xx_HAL_Driver/Src/stm32f4xx_hal_uart.c.obj
 .text.UART_Transmit_IT
                0x080043c4       0x60 CMakeFiles/steer_chassis.elf.dir/Drivers/STM32F4xx_HAL_Driver/Src/stm32f4xx_hal_uart.c.obj
 .text.UART_SetConfig
                0x08004424      0x110 CMakeFiles/steer_chassis.elf.dir/Drivers/STM32F4xx_HAL_Driver/Src/stm32f4xx_hal_uart.c.obj
 .text.HAL_UART_Init
                0x08004534       0x60 CMakeFiles/steer_chassis.elf.dir/Drivers/STM32F4xx_HAL_Driver/Src/stm32f4xx_hal_uart.c.obj
                0x08004534                HAL_UART_Init
 .text.HAL_UART_TxCpltCallback
                0x08004594        0x2 CMakeFiles/steer_chassis.elf.dir/Drivers/STM32F4xx_HAL_Driver/Src/stm32f4xx_hal_uart.c.obj
                0x08004594                HAL_UART_TxCpltCallback
 .text.UART_EndTransmit_IT
                0x08004596       0x1a CMakeFiles/steer_chassis.elf.dir/Drivers/STM32F4xx_HAL_Driver/Src/stm32f4xx_hal_uart.c.obj
 .text.HAL_UART_RxCpltCallback
                0x080045b0        0x2 CMakeFiles/steer_chassis.elf.dir/Drivers/STM32F4xx_HAL_Driver/Src/stm32f4xx_hal_uart.c.obj
                0x080045b0                HAL_UART_RxCpltCallback
 .text.HAL_UART_RxHalfCpltCallback
                0x080045b2        0x2 CMakeFiles/steer_chassis.elf.dir/Drivers/STM32F4xx_HAL_Driver/Src/stm32f4xx_hal_uart.c.obj
                0x080045b2                HAL_UART_RxHalfCpltCallback
 .text.HAL_UART_ErrorCallback
                0x080045b4        0x2 CMakeFiles/steer_chassis.elf.dir/Drivers/STM32F4xx_HAL_Driver/Src/stm32f4xx_hal_uart.c.obj
                0x080045b4                HAL_UART_ErrorCallback
 .text.UART_DMAError
                0x080045b6       0x58 CMakeFiles/steer_chassis.elf.dir/Drivers/STM32F4xx_HAL_Driver/Src/stm32f4xx_hal_uart.c.obj
 .text.UART_DMAAbortOnError
                0x0800460e       0x10 CMakeFiles/steer_chassis.elf.dir/Drivers/STM32F4xx_HAL_Driver/Src/stm32f4xx_hal_uart.c.obj
 .text.UART_Receive_IT
                0x0800461e       0xe6 CMakeFiles/steer_chassis.elf.dir/Drivers/STM32F4xx_HAL_Driver/Src/stm32f4xx_hal_uart.c.obj
 .text.HAL_UART_IRQHandler
                0x08004704      0x284 CMakeFiles/steer_chassis.elf.dir/Drivers/STM32F4xx_HAL_Driver/Src/stm32f4xx_hal_uart.c.obj
                0x08004704                HAL_UART_IRQHandler
 .text.UART_DMARxHalfCplt
                0x08004988       0x1e CMakeFiles/steer_chassis.elf.dir/Drivers/STM32F4xx_HAL_Driver/Src/stm32f4xx_hal_uart.c.obj
 .text.UART_DMAReceiveCplt
                0x080049a6       0x9a CMakeFiles/steer_chassis.elf.dir/Drivers/STM32F4xx_HAL_Driver/Src/stm32f4xx_hal_uart.c.obj
 .text.UART_Start_Receive_DMA
                0x08004a40       0xa4 CMakeFiles/steer_chassis.elf.dir/Drivers/STM32F4xx_HAL_Driver/Src/stm32f4xx_hal_uart.c.obj
                0x08004a40                UART_Start_Receive_DMA
 .text.HAL_UARTEx_ReceiveToIdle_DMA
                0x08004ae4       0x66 CMakeFiles/steer_chassis.elf.dir/Drivers/STM32F4xx_HAL_Driver/Src/stm32f4xx_hal_uart.c.obj
                0x08004ae4                HAL_UARTEx_ReceiveToIdle_DMA
 *fill*         0x08004b4a        0x2 
 .text.__udivmoddi4
                0x08004b4c      0x2bc C:/clion/gcc-arm-none-eabi-10.3-2021.10/bin/../lib/gcc/arm-none-eabi/13.3.1/thumb/v7e-m/nofp\libgcc.a(_udivmoddi4.o)
                0x08004b4c                __udivmoddi4
 .text.memset   0x08004e08       0xa4 C:/clion/gcc-arm-none-eabi-10.3-2021.10/bin/../lib/gcc/arm-none-eabi/13.3.1/thumb/v7e-m/nofp\libg.a(libc_a-memset.o)
                0x08004e08                memset
 .text.__errno  0x08004eac        0xc C:/clion/gcc-arm-none-eabi-10.3-2021.10/bin/../lib/gcc/arm-none-eabi/13.3.1/thumb/v7e-m/nofp\libg.a(libc_a-errno.o)
                0x08004eac                __errno
 .text.__libc_init_array
                0x08004eb8       0x50 C:/clion/gcc-arm-none-eabi-10.3-2021.10/bin/../lib/gcc/arm-none-eabi/13.3.1/thumb/v7e-m/nofp\libg.a(libc_a-init.o)
                0x08004eb8                __libc_init_array
 .text.__retarget_lock_acquire_recursive
                0x08004f08        0x4 C:/clion/gcc-arm-none-eabi-10.3-2021.10/bin/../lib/gcc/arm-none-eabi/13.3.1/thumb/v7e-m/nofp\libg.a(libc_a-lock.o)
                0x08004f08                __retarget_lock_acquire_recursive
 .text.__retarget_lock_release_recursive
                0x08004f0c        0x4 C:/clion/gcc-arm-none-eabi-10.3-2021.10/bin/../lib/gcc/arm-none-eabi/13.3.1/thumb/v7e-m/nofp\libg.a(libc_a-lock.o)
                0x08004f0c                __retarget_lock_release_recursive
 .text.startup.register_fini
                0x08004f10       0x14 C:/clion/gcc-arm-none-eabi-10.3-2021.10/bin/../lib/gcc/arm-none-eabi/13.3.1/thumb/v7e-m/nofp\libg.a(libc_a-__call_atexit.o)
 .text.atexit   0x08004f24        0xc C:/clion/gcc-arm-none-eabi-10.3-2021.10/bin/../lib/gcc/arm-none-eabi/13.3.1/thumb/v7e-m/nofp\libg.a(libc_a-atexit.o)
                0x08004f24                atexit
 .text.__libc_fini_array
                0x08004f30       0x28 C:/clion/gcc-arm-none-eabi-10.3-2021.10/bin/../lib/gcc/arm-none-eabi/13.3.1/thumb/v7e-m/nofp\libg.a(libc_a-fini.o)
                0x08004f30                __libc_fini_array
 .text.__register_exitproc
                0x08004f58       0x80 C:/clion/gcc-arm-none-eabi-10.3-2021.10/bin/../lib/gcc/arm-none-eabi/13.3.1/thumb/v7e-m/nofp\libg.a(libc_a-__atexit.o)
                0x08004f58                __register_exitproc
 .text.atan2    0x08004fd8        0x4 C:/clion/gcc-arm-none-eabi-10.3-2021.10/bin/../lib/gcc/arm-none-eabi/13.3.1/thumb/v7e-m/nofp\libm.a(libm_a-w_atan2.o)
                0x08004fd8                atan2
 .text.pow      0x08004fdc       0xdc C:/clion/gcc-arm-none-eabi-10.3-2021.10/bin/../lib/gcc/arm-none-eabi/13.3.1/thumb/v7e-m/nofp\libm.a(libm_a-w_pow.o)
                0x08004fdc                pow
 .text.sqrt     0x080050b8       0x50 C:/clion/gcc-arm-none-eabi-10.3-2021.10/bin/../lib/gcc/arm-none-eabi/13.3.1/thumb/v7e-m/nofp\libm.a(libm_a-w_sqrt.o)
                0x080050b8                sqrt
 .text.finite   0x08005108        0xc C:/clion/gcc-arm-none-eabi-10.3-2021.10/bin/../lib/gcc/arm-none-eabi/13.3.1/thumb/v7e-m/nofp\libm.a(libm_a-s_finite.o)
                0x08005108                finite
 .text.__ieee754_sqrt
                0x08005114      0x1d8 C:/clion/gcc-arm-none-eabi-10.3-2021.10/bin/../lib/gcc/arm-none-eabi/13.3.1/thumb/v7e-m/nofp\libm.a(libm_a-e_sqrt.o)
                0x08005114                __ieee754_sqrt
 *fill*         0x080052ec        0x4 
 .text.__ieee754_atan2
                0x080052f0      0x194 C:/clion/gcc-arm-none-eabi-10.3-2021.10/bin/../lib/gcc/arm-none-eabi/13.3.1/thumb/v7e-m/nofp\libm.a(libm_a-e_atan2.o)
                0x080052f0                __ieee754_atan2
 *fill*         0x08005484        0x4 
 .text.__ieee754_pow
                0x08005488      0xb50 C:/clion/gcc-arm-none-eabi-10.3-2021.10/bin/../lib/gcc/arm-none-eabi/13.3.1/thumb/v7e-m/nofp\libm.a(libm_a-e_pow.o)
                0x08005488                __ieee754_pow
 .text.atan     0x08005fd8      0x328 C:/clion/gcc-arm-none-eabi-10.3-2021.10/bin/../lib/gcc/arm-none-eabi/13.3.1/thumb/v7e-m/nofp\libm.a(libm_a-s_atan.o)
                0x08005fd8                atan
 .text.fabs     0x08006300        0x8 C:/clion/gcc-arm-none-eabi-10.3-2021.10/bin/../lib/gcc/arm-none-eabi/13.3.1/thumb/v7e-m/nofp\libm.a(libm_a-s_fabs.o)
                0x08006300                fabs
 .text.scalbn   0x08006308       0xe4 C:/clion/gcc-arm-none-eabi-10.3-2021.10/bin/../lib/gcc/arm-none-eabi/13.3.1/thumb/v7e-m/nofp\libm.a(libm_a-s_scalbn.o)
                0x08006308                scalbn
 .text.with_errno
                0x080063ec       0x18 C:/clion/gcc-arm-none-eabi-10.3-2021.10/bin/../lib/gcc/arm-none-eabi/13.3.1/thumb/v7e-m/nofp\libm.a(libm_a-math_err.o)
 .text.xflow    0x08006404       0x28 C:/clion/gcc-arm-none-eabi-10.3-2021.10/bin/../lib/gcc/arm-none-eabi/13.3.1/thumb/v7e-m/nofp\libm.a(libm_a-math_err.o)
 .text.__math_uflow
                0x0800642c        0xc C:/clion/gcc-arm-none-eabi-10.3-2021.10/bin/../lib/gcc/arm-none-eabi/13.3.1/thumb/v7e-m/nofp\libm.a(libm_a-math_err.o)
                0x0800642c                __math_uflow
 .text.__math_oflow
                0x08006438        0xc C:/clion/gcc-arm-none-eabi-10.3-2021.10/bin/../lib/gcc/arm-none-eabi/13.3.1/thumb/v7e-m/nofp\libm.a(libm_a-math_err.o)
                0x08006438                __math_oflow
 *(.glue_7)
 .glue_7        0x08006444        0x0 linker stubs
 *(.glue_7t)
 .glue_7t       0x08006444        0x0 linker stubs
 *(.eh_frame)
 .eh_frame      0x08006444        0x0 C:/clion/gcc-arm-none-eabi-10.3-2021.10/bin/../lib/gcc/arm-none-eabi/13.3.1/thumb/v7e-m/nofp/crtbegin.o
 *(.init)
 .init          0x08006444        0x4 C:/clion/gcc-arm-none-eabi-10.3-2021.10/bin/../lib/gcc/arm-none-eabi/13.3.1/thumb/v7e-m/nofp/crti.o
                0x08006444                _init
 .init          0x08006448        0x8 C:/clion/gcc-arm-none-eabi-10.3-2021.10/bin/../lib/gcc/arm-none-eabi/13.3.1/thumb/v7e-m/nofp/crtn.o
 *(.fini)
 .fini          0x08006450        0x4 C:/clion/gcc-arm-none-eabi-10.3-2021.10/bin/../lib/gcc/arm-none-eabi/13.3.1/thumb/v7e-m/nofp/crti.o
                0x08006450                _fini
 .fini          0x08006454        0x8 C:/clion/gcc-arm-none-eabi-10.3-2021.10/bin/../lib/gcc/arm-none-eabi/13.3.1/thumb/v7e-m/nofp/crtn.o
                0x0800645c                        . = ALIGN (0x4)
                0x0800645c                        _etext = .

.vfp11_veneer   0x0800645c        0x0
 .vfp11_veneer  0x0800645c        0x0 linker stubs

.v4_bx          0x0800645c        0x0
 .v4_bx         0x0800645c        0x0 linker stubs

.iplt           0x0800645c        0x0
 .iplt          0x0800645c        0x0 C:/clion/gcc-arm-none-eabi-10.3-2021.10/bin/../lib/gcc/arm-none-eabi/13.3.1/thumb/v7e-m/nofp/crtbegin.o

.rodata         0x08006460      0x3a0
                0x08006460                        . = ALIGN (0x4)
 *(.rodata)
 *(.rodata*)
 .rodata.wCRC_Table
                0x08006460      0x200 CMakeFiles/steer_chassis.elf.dir/App/UserSnc/refree.c.obj
 .rodata.CRC8_TAB
                0x08006660      0x100 CMakeFiles/steer_chassis.elf.dir/App/UserSnc/refree.c.obj
 .rodata.APBPrescTable
                0x08006760        0x8 CMakeFiles/steer_chassis.elf.dir/Core/Src/system_stm32f4xx.c.obj
                0x08006760                APBPrescTable
 .rodata.AHBPrescTable
                0x08006768       0x10 CMakeFiles/steer_chassis.elf.dir/Core/Src/system_stm32f4xx.c.obj
                0x08006768                AHBPrescTable
 .rodata.flagBitshiftOffset.0
                0x08006778        0x8 CMakeFiles/steer_chassis.elf.dir/Drivers/STM32F4xx_HAL_Driver/Src/stm32f4xx_hal_dma.c.obj
 .rodata.tiny   0x08006780        0x8 C:/clion/gcc-arm-none-eabi-10.3-2021.10/bin/../lib/gcc/arm-none-eabi/13.3.1/thumb/v7e-m/nofp\libm.a(libm_a-e_sqrt.o)
 .rodata.one    0x08006788        0x8 C:/clion/gcc-arm-none-eabi-10.3-2021.10/bin/../lib/gcc/arm-none-eabi/13.3.1/thumb/v7e-m/nofp\libm.a(libm_a-e_sqrt.o)
 .rodata.CSWTCH.9
                0x08006790       0x18 C:/clion/gcc-arm-none-eabi-10.3-2021.10/bin/../lib/gcc/arm-none-eabi/13.3.1/thumb/v7e-m/nofp\libm.a(libm_a-e_atan2.o)
 .rodata.CSWTCH.8
                0x080067a8       0x18 C:/clion/gcc-arm-none-eabi-10.3-2021.10/bin/../lib/gcc/arm-none-eabi/13.3.1/thumb/v7e-m/nofp\libm.a(libm_a-e_atan2.o)
 .rodata.atanlo
                0x080067c0       0x20 C:/clion/gcc-arm-none-eabi-10.3-2021.10/bin/../lib/gcc/arm-none-eabi/13.3.1/thumb/v7e-m/nofp\libm.a(libm_a-s_atan.o)
 .rodata.atanhi
                0x080067e0       0x20 C:/clion/gcc-arm-none-eabi-10.3-2021.10/bin/../lib/gcc/arm-none-eabi/13.3.1/thumb/v7e-m/nofp\libm.a(libm_a-s_atan.o)
                0x08006800                        . = ALIGN (0x4)

.ARM.extab      0x08006800        0x0
                0x08006800                        . = ALIGN (0x4)
 *(.ARM.extab* .gnu.linkonce.armextab.*)
                0x08006800                        . = ALIGN (0x4)

.ARM            0x08006800        0x8
                0x08006800                        . = ALIGN (0x4)
                0x08006800                        __exidx_start = .
 *(.ARM.exidx*)
 .ARM.exidx     0x08006800        0x8 C:/clion/gcc-arm-none-eabi-10.3-2021.10/bin/../lib/gcc/arm-none-eabi/13.3.1/thumb/v7e-m/nofp\libg.a(libc_a-memcpy.o)
 .ARM.exidx.text.__udivmoddi4
                0x08006808        0x0 C:/clion/gcc-arm-none-eabi-10.3-2021.10/bin/../lib/gcc/arm-none-eabi/13.3.1/thumb/v7e-m/nofp\libgcc.a(_udivmoddi4.o)
                                  0x8 (size before relaxing)
                0x08006808                        __exidx_end = .
                0x08006808                        . = ALIGN (0x4)

.preinit_array  0x08006808        0x0
                0x08006808                        . = ALIGN (0x4)
                0x08006808                        PROVIDE (__preinit_array_start = .)
 *(.preinit_array*)
                0x08006808                        PROVIDE (__preinit_array_end = .)
                0x08006808                        . = ALIGN (0x4)

.init_array     0x08006808        0x8
                0x08006808                        . = ALIGN (0x4)
                0x08006808                        PROVIDE (__init_array_start = .)
 *(SORT_BY_NAME(.init_array.*))
 .init_array.00000
                0x08006808        0x4 C:/clion/gcc-arm-none-eabi-10.3-2021.10/bin/../lib/gcc/arm-none-eabi/13.3.1/thumb/v7e-m/nofp\libg.a(libc_a-__call_atexit.o)
 *(.init_array*)
 .init_array    0x0800680c        0x4 C:/clion/gcc-arm-none-eabi-10.3-2021.10/bin/../lib/gcc/arm-none-eabi/13.3.1/thumb/v7e-m/nofp/crtbegin.o
                0x08006810                        PROVIDE (__init_array_end = .)
                0x08006810                        . = ALIGN (0x4)

.fini_array     0x08006810        0x4
                0x08006810                        . = ALIGN (0x4)
                0x08006810                        PROVIDE (__fini_array_start = .)
 *(SORT_BY_NAME(.fini_array.*))
 *(.fini_array*)
 .fini_array    0x08006810        0x4 C:/clion/gcc-arm-none-eabi-10.3-2021.10/bin/../lib/gcc/arm-none-eabi/13.3.1/thumb/v7e-m/nofp/crtbegin.o
                0x08006814                        PROVIDE (__fini_array_end = .)
                0x08006814                        . = ALIGN (0x4)
                0x08006814                        _sidata = LOADADDR (.data)

.rel.dyn        0x08006814        0x0
 .rel.iplt      0x08006814        0x0 C:/clion/gcc-arm-none-eabi-10.3-2021.10/bin/../lib/gcc/arm-none-eabi/13.3.1/thumb/v7e-m/nofp/crtbegin.o

.data           0x20000000      0x154 load address 0x08006814
                0x20000000                        . = ALIGN (0x4)
                0x20000000                        _sdata = .
 *(.data)
 *(.data*)
 .data.SystemCoreClock
                0x20000000        0x4 CMakeFiles/steer_chassis.elf.dir/Core/Src/system_stm32f4xx.c.obj
                0x20000000                SystemCoreClock
 .data.uwTickFreq
                0x20000004        0x1 CMakeFiles/steer_chassis.elf.dir/Drivers/STM32F4xx_HAL_Driver/Src/stm32f4xx_hal.c.obj
                0x20000004                uwTickFreq
 *fill*         0x20000005        0x3 
 .data.uwTickPrio
                0x20000008        0x4 CMakeFiles/steer_chassis.elf.dir/Drivers/STM32F4xx_HAL_Driver/Src/stm32f4xx_hal.c.obj
                0x20000008                uwTickPrio
 .data._impure_ptr
                0x2000000c        0x4 C:/clion/gcc-arm-none-eabi-10.3-2021.10/bin/../lib/gcc/arm-none-eabi/13.3.1/thumb/v7e-m/nofp\libg.a(libc_a-impure.o)
                0x2000000c                _impure_ptr
 .data._impure_data
                0x20000010      0x140 C:/clion/gcc-arm-none-eabi-10.3-2021.10/bin/../lib/gcc/arm-none-eabi/13.3.1/thumb/v7e-m/nofp\libg.a(libc_a-impure.o)
                0x20000010                _impure_data
 .data.__atexit_recursive_mutex
                0x20000150        0x4 C:/clion/gcc-arm-none-eabi-10.3-2021.10/bin/../lib/gcc/arm-none-eabi/13.3.1/thumb/v7e-m/nofp\libg.a(libc_a-__call_atexit.o)
                0x20000150                __atexit_recursive_mutex
 *(.RamFunc)
 *(.RamFunc*)
                0x20000154                        . = ALIGN (0x4)
                0x20000154                        _edata = .
                0x08006968                        _siccmram = LOADADDR (.ccmram)

.tm_clone_table
                0x20000154        0x0 load address 0x08006968
 .tm_clone_table
                0x20000154        0x0 C:/clion/gcc-arm-none-eabi-10.3-2021.10/bin/../lib/gcc/arm-none-eabi/13.3.1/thumb/v7e-m/nofp/crtbegin.o
 .tm_clone_table
                0x20000154        0x0 C:/clion/gcc-arm-none-eabi-10.3-2021.10/bin/../lib/gcc/arm-none-eabi/13.3.1/thumb/v7e-m/nofp/crtend.o

.igot.plt       0x20000154        0x0 load address 0x08006968
 .igot.plt      0x20000154        0x0 C:/clion/gcc-arm-none-eabi-10.3-2021.10/bin/../lib/gcc/arm-none-eabi/13.3.1/thumb/v7e-m/nofp/crtbegin.o

.ccmram         0x10000000        0x0 load address 0x08006968
                0x10000000                        . = ALIGN (0x4)
                0x10000000                        _sccmram = .
 *(.ccmram)
 *(.ccmram*)
                0x10000000                        . = ALIGN (0x4)
                0x10000000                        _eccmram = .
                0x10000000                        . = ALIGN (0x4)

.bss            0x20000154      0xbd8
                0x20000154                        _sbss = .
                0x20000154                        __bss_start__ = _sbss
 *(.bss)
 *(.bss*)
 .bss.completed.1
                0x20000154        0x1 C:/clion/gcc-arm-none-eabi-10.3-2021.10/bin/../lib/gcc/arm-none-eabi/13.3.1/thumb/v7e-m/nofp/crtbegin.o
 *fill*         0x20000155        0x3 
 .bss.object.0  0x20000158       0x18 C:/clion/gcc-arm-none-eabi-10.3-2021.10/bin/../lib/gcc/arm-none-eabi/13.3.1/thumb/v7e-m/nofp/crtbegin.o
 .bss.run       0x20000170        0x6 CMakeFiles/steer_chassis.elf.dir/App/UserSnc/DR16.c.obj
                0x20000170                run
 *fill*         0x20000176        0x2 
 .bss.RC_CtrlData
                0x20000178       0x14 CMakeFiles/steer_chassis.elf.dir/App/UserSnc/DR16.c.obj
                0x20000178                RC_CtrlData
 .bss.now_enc   0x2000018c       0x10 CMakeFiles/steer_chassis.elf.dir/App/UserSnc/chassis.c.obj
                0x2000018c                now_enc
 .bss.target_chassis_enc
                0x2000019c       0x10 CMakeFiles/steer_chassis.elf.dir/App/UserSnc/chassis.c.obj
                0x2000019c                target_chassis_enc
 .bss.target_chassis_speed
                0x200001ac       0x10 CMakeFiles/steer_chassis.elf.dir/App/UserSnc/chassis.c.obj
                0x200001ac                target_chassis_speed
 .bss.con_pitch
                0x200001bc        0x2 CMakeFiles/steer_chassis.elf.dir/App/UserSnc/mec.c.obj
                0x200001bc                con_pitch
 .bss.send2C    0x200001be        0x2 CMakeFiles/steer_chassis.elf.dir/App/UserSnc/mec.c.obj
                0x200001be                send2C
 .bss.wheel_theta
                0x200001c0       0x10 CMakeFiles/steer_chassis.elf.dir/App/UserSnc/mec.c.obj
                0x200001c0                wheel_theta
 .bss.motor_chassis_3508_info
                0x200001d0       0x70 CMakeFiles/steer_chassis.elf.dir/App/UserSnc/mycan.c.obj
                0x200001d0                motor_chassis_3508_info
 .bss.motor_chassis_6020_info
                0x20000240       0x70 CMakeFiles/steer_chassis.elf.dir/App/UserSnc/mycan.c.obj
                0x20000240                motor_chassis_6020_info
 .bss.chassis_angle_pid
                0x200002b0       0xd0 CMakeFiles/steer_chassis.elf.dir/App/UserSnc/pid.c.obj
                0x200002b0                chassis_angle_pid
 .bss.chassis_speed_pid
                0x20000380       0xd0 CMakeFiles/steer_chassis.elf.dir/App/UserSnc/pid.c.obj
                0x20000380                chassis_speed_pid
 .bss.chassis_3508_pid
                0x20000450       0xd0 CMakeFiles/steer_chassis.elf.dir/App/UserSnc/pid.c.obj
                0x20000450                chassis_3508_pid
 .bss.CRC16_Referee.0
                0x20000520        0x2 CMakeFiles/steer_chassis.elf.dir/App/UserSnc/refree.c.obj
 .bss.CRC16_Function.1
                0x20000522        0x2 CMakeFiles/steer_chassis.elf.dir/App/UserSnc/refree.c.obj
 .bss.data_len.2
                0x20000524        0x2 CMakeFiles/steer_chassis.elf.dir/App/UserSnc/refree.c.obj
 *fill*         0x20000526        0x2 
 .bss.protocol_packet.3
                0x20000528       0x3c CMakeFiles/steer_chassis.elf.dir/App/UserSnc/refree.c.obj
 .bss.index.4   0x20000564        0x4 CMakeFiles/steer_chassis.elf.dir/App/UserSnc/refree.c.obj
 .bss.unpack_step.5
                0x20000568        0x1 CMakeFiles/steer_chassis.elf.dir/App/UserSnc/refree.c.obj
 .bss.byte.6    0x20000569        0x1 CMakeFiles/steer_chassis.elf.dir/App/UserSnc/refree.c.obj
 *fill*         0x2000056a        0x2 
 .bss.read_len.7
                0x2000056c        0x4 CMakeFiles/steer_chassis.elf.dir/App/UserSnc/refree.c.obj
 .bss.RFdataBuff.8
                0x20000570      0x100 CMakeFiles/steer_chassis.elf.dir/App/UserSnc/refree.c.obj
 .bss.buff_read_index.9
                0x20000670        0x4 CMakeFiles/steer_chassis.elf.dir/App/UserSnc/refree.c.obj
 .bss.mini_map_data
                0x20000674        0xf CMakeFiles/steer_chassis.elf.dir/App/UserSnc/refree.c.obj
                0x20000674                mini_map_data
 *fill*         0x20000683        0x1 
 .bss.custom_control_data
                0x20000684       0x1e CMakeFiles/steer_chassis.elf.dir/App/UserSnc/refree.c.obj
                0x20000684                custom_control_data
 *fill*         0x200006a2        0x2 
 .bss.robot_rec_data
                0x200006a4       0x48 CMakeFiles/steer_chassis.elf.dir/App/UserSnc/refree.c.obj
                0x200006a4                robot_rec_data
 .bss.DartClientCmd
                0x200006ec        0x6 CMakeFiles/steer_chassis.elf.dir/App/UserSnc/refree.c.obj
                0x200006ec                DartClientCmd
 *fill*         0x200006f2        0x2 
 .bss.RFID_Status
                0x200006f4        0x4 CMakeFiles/steer_chassis.elf.dir/App/UserSnc/refree.c.obj
                0x200006f4                RFID_Status
 .bss.BulletRemaining
                0x200006f8        0x6 CMakeFiles/steer_chassis.elf.dir/App/UserSnc/refree.c.obj
                0x200006f8                BulletRemaining
 *fill*         0x200006fe        0x2 
 .bss.ShootData
                0x20000700        0x7 CMakeFiles/steer_chassis.elf.dir/App/UserSnc/refree.c.obj
                0x20000700                ShootData
 *fill*         0x20000707        0x1 
 .bss.RobotHurt
                0x20000708        0x1 CMakeFiles/steer_chassis.elf.dir/App/UserSnc/refree.c.obj
                0x20000708                RobotHurt
 *fill*         0x20000709        0x3 
 .bss.AerialEnergy
                0x2000070c        0x1 CMakeFiles/steer_chassis.elf.dir/App/UserSnc/refree.c.obj
                0x2000070c                AerialEnergy
 *fill*         0x2000070d        0x3 
 .bss.RobotBuff
                0x20000710        0x1 CMakeFiles/steer_chassis.elf.dir/App/UserSnc/refree.c.obj
                0x20000710                RobotBuff
 *fill*         0x20000711        0x3 
 .bss.RobotPos  0x20000714       0x10 CMakeFiles/steer_chassis.elf.dir/App/UserSnc/refree.c.obj
                0x20000714                RobotPos
 .bss.PowerHeatData
                0x20000724       0x10 CMakeFiles/steer_chassis.elf.dir/App/UserSnc/refree.c.obj
                0x20000724                PowerHeatData
 .bss.GameRobotState
                0x20000734       0x1b CMakeFiles/steer_chassis.elf.dir/App/UserSnc/refree.c.obj
                0x20000734                GameRobotState
 *fill*         0x2000074f        0x1 
 .bss.DartRemainTime
                0x20000750        0x1 CMakeFiles/steer_chassis.elf.dir/App/UserSnc/refree.c.obj
                0x20000750                DartRemainTime
 *fill*         0x20000751        0x3 
 .bss.RefereeWarning
                0x20000754        0x2 CMakeFiles/steer_chassis.elf.dir/App/UserSnc/refree.c.obj
                0x20000754                RefereeWarning
 *fill*         0x20000756        0x2 
 .bss.SupplyAction
                0x20000758        0x4 CMakeFiles/steer_chassis.elf.dir/App/UserSnc/refree.c.obj
                0x20000758                SupplyAction
 .bss.EventData
                0x2000075c        0x4 CMakeFiles/steer_chassis.elf.dir/App/UserSnc/refree.c.obj
                0x2000075c                EventData
 .bss.GameRobotHP
                0x20000760       0x20 CMakeFiles/steer_chassis.elf.dir/App/UserSnc/refree.c.obj
                0x20000760                GameRobotHP
 .bss.GameResult
                0x20000780        0x1 CMakeFiles/steer_chassis.elf.dir/App/UserSnc/refree.c.obj
                0x20000780                GameResult
 *fill*         0x20000781        0x3 
 .bss.GameState
                0x20000784        0xb CMakeFiles/steer_chassis.elf.dir/App/UserSnc/refree.c.obj
                0x20000784                GameState
 *fill*         0x2000078f        0x1 
 .bss.robot_client_ID
                0x20000790        0xd CMakeFiles/steer_chassis.elf.dir/App/UserSnc/refree.c.obj
                0x20000790                robot_client_ID
 *fill*         0x2000079d        0x3 
 .bss.HAL_RCC_CAN1_CLK_ENABLED
                0x200007a0        0x4 CMakeFiles/steer_chassis.elf.dir/Core/Src/can.c.obj
 .bss.hcan2     0x200007a4       0x28 CMakeFiles/steer_chassis.elf.dir/Core/Src/can.c.obj
                0x200007a4                hcan2
 .bss.hcan1     0x200007cc       0x28 CMakeFiles/steer_chassis.elf.dir/Core/Src/can.c.obj
                0x200007cc                hcan1
 .bss.UART_REFREE
                0x200007f4      0x100 CMakeFiles/steer_chassis.elf.dir/Core/Src/main.c.obj
                0x200007f4                UART_REFREE
 .bss.UART_RECV
                0x200008f4       0x12 CMakeFiles/steer_chassis.elf.dir/Core/Src/main.c.obj
                0x200008f4                UART_RECV
 *fill*         0x20000906        0x2 
 .bss.hdma_usart2_rx
                0x20000908       0x60 CMakeFiles/steer_chassis.elf.dir/Core/Src/usart.c.obj
                0x20000908                hdma_usart2_rx
 .bss.hdma_usart1_rx
                0x20000968       0x60 CMakeFiles/steer_chassis.elf.dir/Core/Src/usart.c.obj
                0x20000968                hdma_usart1_rx
 .bss.huart2    0x200009c8       0x48 CMakeFiles/steer_chassis.elf.dir/Core/Src/usart.c.obj
                0x200009c8                huart2
 .bss.huart1    0x20000a10       0x48 CMakeFiles/steer_chassis.elf.dir/Core/Src/usart.c.obj
                0x20000a10                huart1
 .bss.uwTick    0x20000a58        0x4 CMakeFiles/steer_chassis.elf.dir/Drivers/STM32F4xx_HAL_Driver/Src/stm32f4xx_hal.c.obj
                0x20000a58                uwTick
 .bss.__sf      0x20000a5c      0x138 C:/clion/gcc-arm-none-eabi-10.3-2021.10/bin/../lib/gcc/arm-none-eabi/13.3.1/thumb/v7e-m/nofp\libg.a(libc_a-findfp.o)
                0x20000a5c                __sf
 .bss.__lock___atexit_recursive_mutex
                0x20000b94        0x1 C:/clion/gcc-arm-none-eabi-10.3-2021.10/bin/../lib/gcc/arm-none-eabi/13.3.1/thumb/v7e-m/nofp\libg.a(libc_a-lock.o)
                0x20000b94                __lock___atexit_recursive_mutex
 *fill*         0x20000b95        0x3 
 .bss.__atexit  0x20000b98        0x4 C:/clion/gcc-arm-none-eabi-10.3-2021.10/bin/../lib/gcc/arm-none-eabi/13.3.1/thumb/v7e-m/nofp\libg.a(libc_a-__call_atexit.o)
                0x20000b98                __atexit
 .bss.__atexit0
                0x20000b9c      0x190 C:/clion/gcc-arm-none-eabi-10.3-2021.10/bin/../lib/gcc/arm-none-eabi/13.3.1/thumb/v7e-m/nofp\libg.a(libc_a-__atexit.o)
                0x20000b9c                __atexit0
 *(COMMON)
                0x20000d2c                        . = ALIGN (0x4)
                0x20000d2c                        _ebss = .
                0x20000d2c                        __bss_end__ = _ebss

._user_heap_stack
                0x20000d2c      0x604
                0x20000d30                        . = ALIGN (0x8)
 *fill*         0x20000d2c        0x4 
                [!provide]                        PROVIDE (end = .)
                0x20000d30                        PROVIDE (_end = .)
                0x20000f30                        . = (. + _Min_Heap_Size)
 *fill*         0x20000d30      0x200 
                0x20001330                        . = (. + _Min_Stack_Size)
 *fill*         0x20000f30      0x400 
                0x20001330                        . = ALIGN (0x8)

/DISCARD/
 libc.a(*)
 libm.a(*)
 libgcc.a(*)

.ARM.attributes
                0x00000000       0x2a
 *(.ARM.attributes)
 .ARM.attributes
                0x00000000       0x1e C:/clion/gcc-arm-none-eabi-10.3-2021.10/bin/../lib/gcc/arm-none-eabi/13.3.1/thumb/v7e-m/nofp/crti.o
 .ARM.attributes
                0x0000001e       0x2e C:/clion/gcc-arm-none-eabi-10.3-2021.10/bin/../lib/gcc/arm-none-eabi/13.3.1/thumb/v7e-m/nofp/crtbegin.o
 .ARM.attributes
                0x0000004c       0x2e CMakeFiles/steer_chassis.elf.dir/App/UserSnc/DR16.c.obj
 .ARM.attributes
                0x0000007a       0x2e CMakeFiles/steer_chassis.elf.dir/App/UserSnc/chassis.c.obj
 .ARM.attributes
                0x000000a8       0x2e CMakeFiles/steer_chassis.elf.dir/App/UserSnc/mec.c.obj
 .ARM.attributes
                0x000000d6       0x2e CMakeFiles/steer_chassis.elf.dir/App/UserSnc/mycan.c.obj
 .ARM.attributes
                0x00000104       0x2e CMakeFiles/steer_chassis.elf.dir/App/UserSnc/pid.c.obj
 .ARM.attributes
                0x00000132       0x2e CMakeFiles/steer_chassis.elf.dir/App/UserSnc/refree.c.obj
 .ARM.attributes
                0x00000160       0x2e CMakeFiles/steer_chassis.elf.dir/Core/Src/can.c.obj
 .ARM.attributes
                0x0000018e       0x2e CMakeFiles/steer_chassis.elf.dir/Core/Src/dma.c.obj
 .ARM.attributes
                0x000001bc       0x2e CMakeFiles/steer_chassis.elf.dir/Core/Src/gpio.c.obj
 .ARM.attributes
                0x000001ea       0x2e CMakeFiles/steer_chassis.elf.dir/Core/Src/main.c.obj
 .ARM.attributes
                0x00000218       0x2e CMakeFiles/steer_chassis.elf.dir/Core/Src/stm32f4xx_hal_msp.c.obj
 .ARM.attributes
                0x00000246       0x2e CMakeFiles/steer_chassis.elf.dir/Core/Src/stm32f4xx_it.c.obj
 .ARM.attributes
                0x00000274       0x2e CMakeFiles/steer_chassis.elf.dir/Core/Src/system_stm32f4xx.c.obj
 .ARM.attributes
                0x000002a2       0x2e CMakeFiles/steer_chassis.elf.dir/Core/Src/usart.c.obj
 .ARM.attributes
                0x000002d0       0x21 CMakeFiles/steer_chassis.elf.dir/Core/Startup/startup_stm32f427iihx.s.obj
 .ARM.attributes
                0x000002f1       0x2e CMakeFiles/steer_chassis.elf.dir/Drivers/STM32F4xx_HAL_Driver/Src/stm32f4xx_hal.c.obj
 .ARM.attributes
                0x0000031f       0x2e CMakeFiles/steer_chassis.elf.dir/Drivers/STM32F4xx_HAL_Driver/Src/stm32f4xx_hal_can.c.obj
 .ARM.attributes
                0x0000034d       0x2e CMakeFiles/steer_chassis.elf.dir/Drivers/STM32F4xx_HAL_Driver/Src/stm32f4xx_hal_cortex.c.obj
 .ARM.attributes
                0x0000037b       0x2e CMakeFiles/steer_chassis.elf.dir/Drivers/STM32F4xx_HAL_Driver/Src/stm32f4xx_hal_dma.c.obj
 .ARM.attributes
                0x000003a9       0x2e CMakeFiles/steer_chassis.elf.dir/Drivers/STM32F4xx_HAL_Driver/Src/stm32f4xx_hal_gpio.c.obj
 .ARM.attributes
                0x000003d7       0x2e CMakeFiles/steer_chassis.elf.dir/Drivers/STM32F4xx_HAL_Driver/Src/stm32f4xx_hal_rcc.c.obj
 .ARM.attributes
                0x00000405       0x2e CMakeFiles/steer_chassis.elf.dir/Drivers/STM32F4xx_HAL_Driver/Src/stm32f4xx_hal_uart.c.obj
 .ARM.attributes
                0x00000433       0x1e C:/clion/gcc-arm-none-eabi-10.3-2021.10/bin/../lib/gcc/arm-none-eabi/13.3.1/thumb/v7e-m/nofp\libgcc.a(_arm_mulsf3.o)
 .ARM.attributes
                0x00000451       0x1e C:/clion/gcc-arm-none-eabi-10.3-2021.10/bin/../lib/gcc/arm-none-eabi/13.3.1/thumb/v7e-m/nofp\libgcc.a(_arm_addsubdf3.o)
 .ARM.attributes
                0x0000046f       0x1e C:/clion/gcc-arm-none-eabi-10.3-2021.10/bin/../lib/gcc/arm-none-eabi/13.3.1/thumb/v7e-m/nofp\libgcc.a(_arm_muldivdf3.o)
 .ARM.attributes
                0x0000048d       0x1e C:/clion/gcc-arm-none-eabi-10.3-2021.10/bin/../lib/gcc/arm-none-eabi/13.3.1/thumb/v7e-m/nofp\libgcc.a(_arm_fixdfsi.o)
 .ARM.attributes
                0x000004ab       0x1e C:/clion/gcc-arm-none-eabi-10.3-2021.10/bin/../lib/gcc/arm-none-eabi/13.3.1/thumb/v7e-m/nofp\libgcc.a(_arm_fixunsdfsi.o)
 .ARM.attributes
                0x000004c9       0x1e C:/clion/gcc-arm-none-eabi-10.3-2021.10/bin/../lib/gcc/arm-none-eabi/13.3.1/thumb/v7e-m/nofp\libgcc.a(_arm_truncdfsf2.o)
 .ARM.attributes
                0x000004e7       0x1e C:/clion/gcc-arm-none-eabi-10.3-2021.10/bin/../lib/gcc/arm-none-eabi/13.3.1/thumb/v7e-m/nofp\libgcc.a(_arm_addsubsf3.o)
 .ARM.attributes
                0x00000505       0x1e C:/clion/gcc-arm-none-eabi-10.3-2021.10/bin/../lib/gcc/arm-none-eabi/13.3.1/thumb/v7e-m/nofp\libgcc.a(_arm_cmpsf2.o)
 .ARM.attributes
                0x00000523       0x1e C:/clion/gcc-arm-none-eabi-10.3-2021.10/bin/../lib/gcc/arm-none-eabi/13.3.1/thumb/v7e-m/nofp\libgcc.a(_arm_fixsfsi.o)
 .ARM.attributes
                0x00000541       0x1e C:/clion/gcc-arm-none-eabi-10.3-2021.10/bin/../lib/gcc/arm-none-eabi/13.3.1/thumb/v7e-m/nofp\libgcc.a(_aeabi_uldivmod.o)
 .ARM.attributes
                0x0000055f       0x2e C:/clion/gcc-arm-none-eabi-10.3-2021.10/bin/../lib/gcc/arm-none-eabi/13.3.1/thumb/v7e-m/nofp\libgcc.a(_udivmoddi4.o)
 .ARM.attributes
                0x0000058d       0x1e C:/clion/gcc-arm-none-eabi-10.3-2021.10/bin/../lib/gcc/arm-none-eabi/13.3.1/thumb/v7e-m/nofp\libgcc.a(_dvmd_tls.o)
 .ARM.attributes
                0x000005ab       0x2e C:/clion/gcc-arm-none-eabi-10.3-2021.10/bin/../lib/gcc/arm-none-eabi/13.3.1/thumb/v7e-m/nofp\libg.a(libc_a-findfp.o)
 .ARM.attributes
                0x000005d9       0x2e C:/clion/gcc-arm-none-eabi-10.3-2021.10/bin/../lib/gcc/arm-none-eabi/13.3.1/thumb/v7e-m/nofp\libg.a(libc_a-memset.o)
 .ARM.attributes
                0x00000607       0x2e C:/clion/gcc-arm-none-eabi-10.3-2021.10/bin/../lib/gcc/arm-none-eabi/13.3.1/thumb/v7e-m/nofp\libg.a(libc_a-impure.o)
 .ARM.attributes
                0x00000635       0x2e C:/clion/gcc-arm-none-eabi-10.3-2021.10/bin/../lib/gcc/arm-none-eabi/13.3.1/thumb/v7e-m/nofp\libg.a(libc_a-errno.o)
 .ARM.attributes
                0x00000663       0x2e C:/clion/gcc-arm-none-eabi-10.3-2021.10/bin/../lib/gcc/arm-none-eabi/13.3.1/thumb/v7e-m/nofp\libg.a(libc_a-init.o)
 .ARM.attributes
                0x00000691       0x2e C:/clion/gcc-arm-none-eabi-10.3-2021.10/bin/../lib/gcc/arm-none-eabi/13.3.1/thumb/v7e-m/nofp\libg.a(libc_a-lock.o)
 .ARM.attributes
                0x000006bf       0x1c C:/clion/gcc-arm-none-eabi-10.3-2021.10/bin/../lib/gcc/arm-none-eabi/13.3.1/thumb/v7e-m/nofp\libg.a(libc_a-memcpy.o)
 .ARM.attributes
                0x000006db       0x2e C:/clion/gcc-arm-none-eabi-10.3-2021.10/bin/../lib/gcc/arm-none-eabi/13.3.1/thumb/v7e-m/nofp\libg.a(libc_a-__call_atexit.o)
 .ARM.attributes
                0x00000709       0x2e C:/clion/gcc-arm-none-eabi-10.3-2021.10/bin/../lib/gcc/arm-none-eabi/13.3.1/thumb/v7e-m/nofp\libg.a(libc_a-atexit.o)
 .ARM.attributes
                0x00000737       0x2e C:/clion/gcc-arm-none-eabi-10.3-2021.10/bin/../lib/gcc/arm-none-eabi/13.3.1/thumb/v7e-m/nofp\libg.a(libc_a-fini.o)
 .ARM.attributes
                0x00000765       0x2e C:/clion/gcc-arm-none-eabi-10.3-2021.10/bin/../lib/gcc/arm-none-eabi/13.3.1/thumb/v7e-m/nofp\libg.a(libc_a-__atexit.o)
 .ARM.attributes
                0x00000793       0x2e C:/clion/gcc-arm-none-eabi-10.3-2021.10/bin/../lib/gcc/arm-none-eabi/13.3.1/thumb/v7e-m/nofp/crtend.o
 .ARM.attributes
                0x000007c1       0x1e C:/clion/gcc-arm-none-eabi-10.3-2021.10/bin/../lib/gcc/arm-none-eabi/13.3.1/thumb/v7e-m/nofp/crtn.o
OUTPUT(steer_chassis.elf elf32-littlearm)
LOAD linker stubs
LOAD C:/clion/gcc-arm-none-eabi-10.3-2021.10/bin/../lib/gcc/arm-none-eabi/13.3.1/thumb/v7e-m/nofp\libc.a
LOAD C:/clion/gcc-arm-none-eabi-10.3-2021.10/bin/../lib/gcc/arm-none-eabi/13.3.1/thumb/v7e-m/nofp\libm.a
LOAD C:/clion/gcc-arm-none-eabi-10.3-2021.10/bin/../lib/gcc/arm-none-eabi/13.3.1/thumb/v7e-m/nofp\libgcc.a

.debug_info     0x00000000    0x10c2c
 .debug_info    0x00000000      0x856 CMakeFiles/steer_chassis.elf.dir/App/UserSnc/DR16.c.obj
 .debug_info    0x00000856      0x998 CMakeFiles/steer_chassis.elf.dir/App/UserSnc/chassis.c.obj
 .debug_info    0x000011ee      0x532 CMakeFiles/steer_chassis.elf.dir/App/UserSnc/mec.c.obj
 .debug_info    0x00001720      0xc72 CMakeFiles/steer_chassis.elf.dir/App/UserSnc/mycan.c.obj
 .debug_info    0x00002392      0x424 CMakeFiles/steer_chassis.elf.dir/App/UserSnc/pid.c.obj
 .debug_info    0x000027b6     0x14fe CMakeFiles/steer_chassis.elf.dir/App/UserSnc/refree.c.obj
 .debug_info    0x00003cb4      0xd5c CMakeFiles/steer_chassis.elf.dir/Core/Src/can.c.obj
 .debug_info    0x00004a10      0x56a CMakeFiles/steer_chassis.elf.dir/Core/Src/dma.c.obj
 .debug_info    0x00004f7a      0x506 CMakeFiles/steer_chassis.elf.dir/Core/Src/gpio.c.obj
 .debug_info    0x00005480      0xfa8 CMakeFiles/steer_chassis.elf.dir/Core/Src/main.c.obj
 .debug_info    0x00006428      0x27d CMakeFiles/steer_chassis.elf.dir/Core/Src/stm32f4xx_hal_msp.c.obj
 .debug_info    0x000066a5      0xb11 CMakeFiles/steer_chassis.elf.dir/Core/Src/stm32f4xx_it.c.obj
 .debug_info    0x000071b6      0x34c CMakeFiles/steer_chassis.elf.dir/Core/Src/system_stm32f4xx.c.obj
 .debug_info    0x00007502      0xe25 CMakeFiles/steer_chassis.elf.dir/Core/Src/usart.c.obj
 .debug_info    0x00008327       0x30 CMakeFiles/steer_chassis.elf.dir/Core/Startup/startup_stm32f427iihx.s.obj
 .debug_info    0x00008357      0xa4c CMakeFiles/steer_chassis.elf.dir/Drivers/STM32F4xx_HAL_Driver/Src/stm32f4xx_hal.c.obj
 .debug_info    0x00008da3     0x11f0 CMakeFiles/steer_chassis.elf.dir/Drivers/STM32F4xx_HAL_Driver/Src/stm32f4xx_hal_can.c.obj
 .debug_info    0x00009f93     0x101f CMakeFiles/steer_chassis.elf.dir/Drivers/STM32F4xx_HAL_Driver/Src/stm32f4xx_hal_cortex.c.obj
 .debug_info    0x0000afb2      0xad9 CMakeFiles/steer_chassis.elf.dir/Drivers/STM32F4xx_HAL_Driver/Src/stm32f4xx_hal_dma.c.obj
 .debug_info    0x0000ba8b      0x71c CMakeFiles/steer_chassis.elf.dir/Drivers/STM32F4xx_HAL_Driver/Src/stm32f4xx_hal_gpio.c.obj
 .debug_info    0x0000c1a7      0xa85 CMakeFiles/steer_chassis.elf.dir/Drivers/STM32F4xx_HAL_Driver/Src/stm32f4xx_hal_rcc.c.obj
 .debug_info    0x0000cc2c     0x4000 CMakeFiles/steer_chassis.elf.dir/Drivers/STM32F4xx_HAL_Driver/Src/stm32f4xx_hal_uart.c.obj

.debug_abbrev   0x00000000     0x2cd0
 .debug_abbrev  0x00000000      0x20d CMakeFiles/steer_chassis.elf.dir/App/UserSnc/DR16.c.obj
 .debug_abbrev  0x0000020d      0x227 CMakeFiles/steer_chassis.elf.dir/App/UserSnc/chassis.c.obj
 .debug_abbrev  0x00000434      0x13d CMakeFiles/steer_chassis.elf.dir/App/UserSnc/mec.c.obj
 .debug_abbrev  0x00000571      0x23b CMakeFiles/steer_chassis.elf.dir/App/UserSnc/mycan.c.obj
 .debug_abbrev  0x000007ac      0x168 CMakeFiles/steer_chassis.elf.dir/App/UserSnc/pid.c.obj
 .debug_abbrev  0x00000914      0x2c2 CMakeFiles/steer_chassis.elf.dir/App/UserSnc/refree.c.obj
 .debug_abbrev  0x00000bd6      0x241 CMakeFiles/steer_chassis.elf.dir/Core/Src/can.c.obj
 .debug_abbrev  0x00000e17      0x12d CMakeFiles/steer_chassis.elf.dir/Core/Src/dma.c.obj
 .debug_abbrev  0x00000f44      0x164 CMakeFiles/steer_chassis.elf.dir/Core/Src/gpio.c.obj
 .debug_abbrev  0x000010a8      0x2c6 CMakeFiles/steer_chassis.elf.dir/Core/Src/main.c.obj
 .debug_abbrev  0x0000136e       0xd6 CMakeFiles/steer_chassis.elf.dir/Core/Src/stm32f4xx_hal_msp.c.obj
 .debug_abbrev  0x00001444      0x1f2 CMakeFiles/steer_chassis.elf.dir/Core/Src/stm32f4xx_it.c.obj
 .debug_abbrev  0x00001636      0x120 CMakeFiles/steer_chassis.elf.dir/Core/Src/system_stm32f4xx.c.obj
 .debug_abbrev  0x00001756      0x250 CMakeFiles/steer_chassis.elf.dir/Core/Src/usart.c.obj
 .debug_abbrev  0x000019a6       0x24 CMakeFiles/steer_chassis.elf.dir/Core/Startup/startup_stm32f427iihx.s.obj
 .debug_abbrev  0x000019ca      0x240 CMakeFiles/steer_chassis.elf.dir/Drivers/STM32F4xx_HAL_Driver/Src/stm32f4xx_hal.c.obj
 .debug_abbrev  0x00001c0a      0x27d CMakeFiles/steer_chassis.elf.dir/Drivers/STM32F4xx_HAL_Driver/Src/stm32f4xx_hal_can.c.obj
 .debug_abbrev  0x00001e87      0x391 CMakeFiles/steer_chassis.elf.dir/Drivers/STM32F4xx_HAL_Driver/Src/stm32f4xx_hal_cortex.c.obj
 .debug_abbrev  0x00002218      0x2c0 CMakeFiles/steer_chassis.elf.dir/Drivers/STM32F4xx_HAL_Driver/Src/stm32f4xx_hal_dma.c.obj
 .debug_abbrev  0x000024d8      0x202 CMakeFiles/steer_chassis.elf.dir/Drivers/STM32F4xx_HAL_Driver/Src/stm32f4xx_hal_gpio.c.obj
 .debug_abbrev  0x000026da      0x2c7 CMakeFiles/steer_chassis.elf.dir/Drivers/STM32F4xx_HAL_Driver/Src/stm32f4xx_hal_rcc.c.obj
 .debug_abbrev  0x000029a1      0x32f CMakeFiles/steer_chassis.elf.dir/Drivers/STM32F4xx_HAL_Driver/Src/stm32f4xx_hal_uart.c.obj

.debug_loclists
                0x00000000     0x5982
 .debug_loclists
                0x00000000       0x55 CMakeFiles/steer_chassis.elf.dir/App/UserSnc/DR16.c.obj
 .debug_loclists
                0x00000055      0x1fe CMakeFiles/steer_chassis.elf.dir/App/UserSnc/chassis.c.obj
 .debug_loclists
                0x00000253      0x113 CMakeFiles/steer_chassis.elf.dir/App/UserSnc/mec.c.obj
 .debug_loclists
                0x00000366      0x2b1 CMakeFiles/steer_chassis.elf.dir/App/UserSnc/mycan.c.obj
 .debug_loclists
                0x00000617       0x9b CMakeFiles/steer_chassis.elf.dir/App/UserSnc/pid.c.obj
 .debug_loclists
                0x000006b2      0x34d CMakeFiles/steer_chassis.elf.dir/App/UserSnc/refree.c.obj
 .debug_loclists
                0x000009ff       0xaf CMakeFiles/steer_chassis.elf.dir/Core/Src/can.c.obj
 .debug_loclists
                0x00000aae       0x64 CMakeFiles/steer_chassis.elf.dir/Core/Src/main.c.obj
 .debug_loclists
                0x00000b12       0xfa CMakeFiles/steer_chassis.elf.dir/Core/Src/system_stm32f4xx.c.obj
 .debug_loclists
                0x00000c0c       0x73 CMakeFiles/steer_chassis.elf.dir/Core/Src/usart.c.obj
 .debug_loclists
                0x00000c7f       0xe1 CMakeFiles/steer_chassis.elf.dir/Drivers/STM32F4xx_HAL_Driver/Src/stm32f4xx_hal.c.obj
 .debug_loclists
                0x00000d60      0xa57 CMakeFiles/steer_chassis.elf.dir/Drivers/STM32F4xx_HAL_Driver/Src/stm32f4xx_hal_can.c.obj
 .debug_loclists
                0x000017b7      0x54d CMakeFiles/steer_chassis.elf.dir/Drivers/STM32F4xx_HAL_Driver/Src/stm32f4xx_hal_cortex.c.obj
 .debug_loclists
                0x00001d04      0x88a CMakeFiles/steer_chassis.elf.dir/Drivers/STM32F4xx_HAL_Driver/Src/stm32f4xx_hal_dma.c.obj
 .debug_loclists
                0x0000258e      0x386 CMakeFiles/steer_chassis.elf.dir/Drivers/STM32F4xx_HAL_Driver/Src/stm32f4xx_hal_gpio.c.obj
 .debug_loclists
                0x00002914      0x3e5 CMakeFiles/steer_chassis.elf.dir/Drivers/STM32F4xx_HAL_Driver/Src/stm32f4xx_hal_rcc.c.obj
 .debug_loclists
                0x00002cf9     0x2c89 CMakeFiles/steer_chassis.elf.dir/Drivers/STM32F4xx_HAL_Driver/Src/stm32f4xx_hal_uart.c.obj

.debug_aranges  0x00000000      0xa18
 .debug_aranges
                0x00000000       0x30 CMakeFiles/steer_chassis.elf.dir/App/UserSnc/DR16.c.obj
 .debug_aranges
                0x00000030       0x50 CMakeFiles/steer_chassis.elf.dir/App/UserSnc/chassis.c.obj
 .debug_aranges
                0x00000080       0x28 CMakeFiles/steer_chassis.elf.dir/App/UserSnc/mec.c.obj
 .debug_aranges
                0x000000a8       0x58 CMakeFiles/steer_chassis.elf.dir/App/UserSnc/mycan.c.obj
 .debug_aranges
                0x00000100       0x30 CMakeFiles/steer_chassis.elf.dir/App/UserSnc/pid.c.obj
 .debug_aranges
                0x00000130       0x50 CMakeFiles/steer_chassis.elf.dir/App/UserSnc/refree.c.obj
 .debug_aranges
                0x00000180       0x38 CMakeFiles/steer_chassis.elf.dir/Core/Src/can.c.obj
 .debug_aranges
                0x000001b8       0x20 CMakeFiles/steer_chassis.elf.dir/Core/Src/dma.c.obj
 .debug_aranges
                0x000001d8       0x20 CMakeFiles/steer_chassis.elf.dir/Core/Src/gpio.c.obj
 .debug_aranges
                0x000001f8       0x38 CMakeFiles/steer_chassis.elf.dir/Core/Src/main.c.obj
 .debug_aranges
                0x00000230       0x20 CMakeFiles/steer_chassis.elf.dir/Core/Src/stm32f4xx_hal_msp.c.obj
 .debug_aranges
                0x00000250       0x98 CMakeFiles/steer_chassis.elf.dir/Core/Src/stm32f4xx_it.c.obj
 .debug_aranges
                0x000002e8       0x28 CMakeFiles/steer_chassis.elf.dir/Core/Src/system_stm32f4xx.c.obj
 .debug_aranges
                0x00000310       0x38 CMakeFiles/steer_chassis.elf.dir/Core/Src/usart.c.obj
 .debug_aranges
                0x00000348       0x28 CMakeFiles/steer_chassis.elf.dir/Core/Startup/startup_stm32f427iihx.s.obj
 .debug_aranges
                0x00000370      0x100 CMakeFiles/steer_chassis.elf.dir/Drivers/STM32F4xx_HAL_Driver/Src/stm32f4xx_hal.c.obj
 .debug_aranges
                0x00000470      0x138 CMakeFiles/steer_chassis.elf.dir/Drivers/STM32F4xx_HAL_Driver/Src/stm32f4xx_hal_can.c.obj
 .debug_aranges
                0x000005a8       0xf8 CMakeFiles/steer_chassis.elf.dir/Drivers/STM32F4xx_HAL_Driver/Src/stm32f4xx_hal_cortex.c.obj
 .debug_aranges
                0x000006a0       0x90 CMakeFiles/steer_chassis.elf.dir/Drivers/STM32F4xx_HAL_Driver/Src/stm32f4xx_hal_dma.c.obj
 .debug_aranges
                0x00000730       0x58 CMakeFiles/steer_chassis.elf.dir/Drivers/STM32F4xx_HAL_Driver/Src/stm32f4xx_hal_gpio.c.obj
 .debug_aranges
                0x00000788       0x88 CMakeFiles/steer_chassis.elf.dir/Drivers/STM32F4xx_HAL_Driver/Src/stm32f4xx_hal_rcc.c.obj
 .debug_aranges
                0x00000810      0x208 CMakeFiles/steer_chassis.elf.dir/Drivers/STM32F4xx_HAL_Driver/Src/stm32f4xx_hal_uart.c.obj

.debug_rnglists
                0x00000000      0x79c
 .debug_rnglists
                0x00000000       0x20 CMakeFiles/steer_chassis.elf.dir/App/UserSnc/DR16.c.obj
 .debug_rnglists
                0x00000020       0x46 CMakeFiles/steer_chassis.elf.dir/App/UserSnc/chassis.c.obj
 .debug_rnglists
                0x00000066       0x1b CMakeFiles/steer_chassis.elf.dir/App/UserSnc/mec.c.obj
 .debug_rnglists
                0x00000081       0x4c CMakeFiles/steer_chassis.elf.dir/App/UserSnc/mycan.c.obj
 .debug_rnglists
                0x000000cd       0x21 CMakeFiles/steer_chassis.elf.dir/App/UserSnc/pid.c.obj
 .debug_rnglists
                0x000000ee       0x39 CMakeFiles/steer_chassis.elf.dir/App/UserSnc/refree.c.obj
 .debug_rnglists
                0x00000127       0x27 CMakeFiles/steer_chassis.elf.dir/Core/Src/can.c.obj
 .debug_rnglists
                0x0000014e       0x13 CMakeFiles/steer_chassis.elf.dir/Core/Src/dma.c.obj
 .debug_rnglists
                0x00000161       0x14 CMakeFiles/steer_chassis.elf.dir/Core/Src/gpio.c.obj
 .debug_rnglists
                0x00000175       0x27 CMakeFiles/steer_chassis.elf.dir/Core/Src/main.c.obj
 .debug_rnglists
                0x0000019c       0x13 CMakeFiles/steer_chassis.elf.dir/Core/Src/stm32f4xx_hal_msp.c.obj
 .debug_rnglists
                0x000001af       0x6d CMakeFiles/steer_chassis.elf.dir/Core/Src/stm32f4xx_it.c.obj
 .debug_rnglists
                0x0000021c       0x1a CMakeFiles/steer_chassis.elf.dir/Core/Src/system_stm32f4xx.c.obj
 .debug_rnglists
                0x00000236       0x26 CMakeFiles/steer_chassis.elf.dir/Core/Src/usart.c.obj
 .debug_rnglists
                0x0000025c       0x19 CMakeFiles/steer_chassis.elf.dir/Core/Startup/startup_stm32f427iihx.s.obj
 .debug_rnglists
                0x00000275       0xbb CMakeFiles/steer_chassis.elf.dir/Drivers/STM32F4xx_HAL_Driver/Src/stm32f4xx_hal.c.obj
 .debug_rnglists
                0x00000330       0xf6 CMakeFiles/steer_chassis.elf.dir/Drivers/STM32F4xx_HAL_Driver/Src/stm32f4xx_hal_can.c.obj
 .debug_rnglists
                0x00000426       0xb5 CMakeFiles/steer_chassis.elf.dir/Drivers/STM32F4xx_HAL_Driver/Src/stm32f4xx_hal_cortex.c.obj
 .debug_rnglists
                0x000004db       0x6c CMakeFiles/steer_chassis.elf.dir/Drivers/STM32F4xx_HAL_Driver/Src/stm32f4xx_hal_dma.c.obj
 .debug_rnglists
                0x00000547       0x3f CMakeFiles/steer_chassis.elf.dir/Drivers/STM32F4xx_HAL_Driver/Src/stm32f4xx_hal_gpio.c.obj
 .debug_rnglists
                0x00000586       0x75 CMakeFiles/steer_chassis.elf.dir/Drivers/STM32F4xx_HAL_Driver/Src/stm32f4xx_hal_rcc.c.obj
 .debug_rnglists
                0x000005fb      0x1a1 CMakeFiles/steer_chassis.elf.dir/Drivers/STM32F4xx_HAL_Driver/Src/stm32f4xx_hal_uart.c.obj

.debug_line     0x00000000     0xaa4c
 .debug_line    0x00000000      0x399 CMakeFiles/steer_chassis.elf.dir/App/UserSnc/DR16.c.obj
 .debug_line    0x00000399      0x49c CMakeFiles/steer_chassis.elf.dir/App/UserSnc/chassis.c.obj
 .debug_line    0x00000835      0x29f CMakeFiles/steer_chassis.elf.dir/App/UserSnc/mec.c.obj
 .debug_line    0x00000ad4      0x6a2 CMakeFiles/steer_chassis.elf.dir/App/UserSnc/mycan.c.obj
 .debug_line    0x00001176      0x1b5 CMakeFiles/steer_chassis.elf.dir/App/UserSnc/pid.c.obj
 .debug_line    0x0000132b      0x727 CMakeFiles/steer_chassis.elf.dir/App/UserSnc/refree.c.obj
 .debug_line    0x00001a52      0x47f CMakeFiles/steer_chassis.elf.dir/Core/Src/can.c.obj
 .debug_line    0x00001ed1      0x1b7 CMakeFiles/steer_chassis.elf.dir/Core/Src/dma.c.obj
 .debug_line    0x00002088      0x238 CMakeFiles/steer_chassis.elf.dir/Core/Src/gpio.c.obj
 .debug_line    0x000022c0      0x478 CMakeFiles/steer_chassis.elf.dir/Core/Src/main.c.obj
 .debug_line    0x00002738      0x171 CMakeFiles/steer_chassis.elf.dir/Core/Src/stm32f4xx_hal_msp.c.obj
 .debug_line    0x000028a9      0x37e CMakeFiles/steer_chassis.elf.dir/Core/Src/stm32f4xx_it.c.obj
 .debug_line    0x00002c27      0x238 CMakeFiles/steer_chassis.elf.dir/Core/Src/system_stm32f4xx.c.obj
 .debug_line    0x00002e5f      0x4ed CMakeFiles/steer_chassis.elf.dir/Core/Src/usart.c.obj
 .debug_line    0x0000334c       0x7a CMakeFiles/steer_chassis.elf.dir/Core/Startup/startup_stm32f427iihx.s.obj
 .debug_line    0x000033c6      0x5e5 CMakeFiles/steer_chassis.elf.dir/Drivers/STM32F4xx_HAL_Driver/Src/stm32f4xx_hal.c.obj
 .debug_line    0x000039ab     0x1191 CMakeFiles/steer_chassis.elf.dir/Drivers/STM32F4xx_HAL_Driver/Src/stm32f4xx_hal_can.c.obj
 .debug_line    0x00004b3c      0x870 CMakeFiles/steer_chassis.elf.dir/Drivers/STM32F4xx_HAL_Driver/Src/stm32f4xx_hal_cortex.c.obj
 .debug_line    0x000053ac      0xe63 CMakeFiles/steer_chassis.elf.dir/Drivers/STM32F4xx_HAL_Driver/Src/stm32f4xx_hal_dma.c.obj
 .debug_line    0x0000620f      0x74d CMakeFiles/steer_chassis.elf.dir/Drivers/STM32F4xx_HAL_Driver/Src/stm32f4xx_hal_gpio.c.obj
 .debug_line    0x0000695c      0xbed CMakeFiles/steer_chassis.elf.dir/Drivers/STM32F4xx_HAL_Driver/Src/stm32f4xx_hal_rcc.c.obj
 .debug_line    0x00007549     0x3503 CMakeFiles/steer_chassis.elf.dir/Drivers/STM32F4xx_HAL_Driver/Src/stm32f4xx_hal_uart.c.obj

.debug_str      0x00000000     0x41c0
 .debug_str     0x00000000     0x41c0 CMakeFiles/steer_chassis.elf.dir/App/UserSnc/DR16.c.obj
                                0x734 (size before relaxing)
 .debug_str     0x000041c0      0x4ef CMakeFiles/steer_chassis.elf.dir/App/UserSnc/chassis.c.obj
 .debug_str     0x000041c0      0x29b CMakeFiles/steer_chassis.elf.dir/App/UserSnc/mec.c.obj
 .debug_str     0x000041c0      0x847 CMakeFiles/steer_chassis.elf.dir/App/UserSnc/mycan.c.obj
 .debug_str     0x000041c0      0x27c CMakeFiles/steer_chassis.elf.dir/App/UserSnc/pid.c.obj
 .debug_str     0x000041c0     0x144e CMakeFiles/steer_chassis.elf.dir/App/UserSnc/refree.c.obj
 .debug_str     0x000041c0      0xbf7 CMakeFiles/steer_chassis.elf.dir/Core/Src/can.c.obj
 .debug_str     0x000041c0      0x83b CMakeFiles/steer_chassis.elf.dir/Core/Src/dma.c.obj
 .debug_str     0x000041c0      0x39b CMakeFiles/steer_chassis.elf.dir/Core/Src/gpio.c.obj
 .debug_str     0x000041c0      0xb35 CMakeFiles/steer_chassis.elf.dir/Core/Src/main.c.obj
 .debug_str     0x000041c0      0x2dc CMakeFiles/steer_chassis.elf.dir/Core/Src/stm32f4xx_hal_msp.c.obj
 .debug_str     0x000041c0      0xa1e CMakeFiles/steer_chassis.elf.dir/Core/Src/stm32f4xx_it.c.obj
 .debug_str     0x000041c0      0x342 CMakeFiles/steer_chassis.elf.dir/Core/Src/system_stm32f4xx.c.obj
 .debug_str     0x000041c0      0xe2d CMakeFiles/steer_chassis.elf.dir/Core/Src/usart.c.obj
 .debug_str     0x000041c0       0x7f CMakeFiles/steer_chassis.elf.dir/Core/Startup/startup_stm32f427iihx.s.obj
 .debug_str     0x000041c0      0xc0d CMakeFiles/steer_chassis.elf.dir/Drivers/STM32F4xx_HAL_Driver/Src/stm32f4xx_hal.c.obj
 .debug_str     0x000041c0      0xa43 CMakeFiles/steer_chassis.elf.dir/Drivers/STM32F4xx_HAL_Driver/Src/stm32f4xx_hal_can.c.obj
 .debug_str     0x000041c0      0xcd0 CMakeFiles/steer_chassis.elf.dir/Drivers/STM32F4xx_HAL_Driver/Src/stm32f4xx_hal_cortex.c.obj
 .debug_str     0x000041c0      0x784 CMakeFiles/steer_chassis.elf.dir/Drivers/STM32F4xx_HAL_Driver/Src/stm32f4xx_hal_dma.c.obj
 .debug_str     0x000041c0      0x501 CMakeFiles/steer_chassis.elf.dir/Drivers/STM32F4xx_HAL_Driver/Src/stm32f4xx_hal_gpio.c.obj
 .debug_str     0x000041c0      0x727 CMakeFiles/steer_chassis.elf.dir/Drivers/STM32F4xx_HAL_Driver/Src/stm32f4xx_hal_rcc.c.obj
 .debug_str     0x000041c0      0xda9 CMakeFiles/steer_chassis.elf.dir/Drivers/STM32F4xx_HAL_Driver/Src/stm32f4xx_hal_uart.c.obj

.comment        0x00000000       0x45
 .comment       0x00000000       0x45 CMakeFiles/steer_chassis.elf.dir/App/UserSnc/DR16.c.obj
                                 0x46 (size before relaxing)
 .comment       0x00000045       0x46 CMakeFiles/steer_chassis.elf.dir/App/UserSnc/chassis.c.obj
 .comment       0x00000045       0x46 CMakeFiles/steer_chassis.elf.dir/App/UserSnc/mec.c.obj
 .comment       0x00000045       0x46 CMakeFiles/steer_chassis.elf.dir/App/UserSnc/mycan.c.obj
 .comment       0x00000045       0x46 CMakeFiles/steer_chassis.elf.dir/App/UserSnc/pid.c.obj
 .comment       0x00000045       0x46 CMakeFiles/steer_chassis.elf.dir/App/UserSnc/refree.c.obj
 .comment       0x00000045       0x46 CMakeFiles/steer_chassis.elf.dir/Core/Src/can.c.obj
 .comment       0x00000045       0x46 CMakeFiles/steer_chassis.elf.dir/Core/Src/dma.c.obj
 .comment       0x00000045       0x46 CMakeFiles/steer_chassis.elf.dir/Core/Src/gpio.c.obj
 .comment       0x00000045       0x46 CMakeFiles/steer_chassis.elf.dir/Core/Src/main.c.obj
 .comment       0x00000045       0x46 CMakeFiles/steer_chassis.elf.dir/Core/Src/stm32f4xx_hal_msp.c.obj
 .comment       0x00000045       0x46 CMakeFiles/steer_chassis.elf.dir/Core/Src/stm32f4xx_it.c.obj
 .comment       0x00000045       0x46 CMakeFiles/steer_chassis.elf.dir/Core/Src/system_stm32f4xx.c.obj
 .comment       0x00000045       0x46 CMakeFiles/steer_chassis.elf.dir/Core/Src/usart.c.obj
 .comment       0x00000045       0x46 CMakeFiles/steer_chassis.elf.dir/Drivers/STM32F4xx_HAL_Driver/Src/stm32f4xx_hal.c.obj
 .comment       0x00000045       0x46 CMakeFiles/steer_chassis.elf.dir/Drivers/STM32F4xx_HAL_Driver/Src/stm32f4xx_hal_can.c.obj
 .comment       0x00000045       0x46 CMakeFiles/steer_chassis.elf.dir/Drivers/STM32F4xx_HAL_Driver/Src/stm32f4xx_hal_cortex.c.obj
 .comment       0x00000045       0x46 CMakeFiles/steer_chassis.elf.dir/Drivers/STM32F4xx_HAL_Driver/Src/stm32f4xx_hal_dma.c.obj
 .comment       0x00000045       0x46 CMakeFiles/steer_chassis.elf.dir/Drivers/STM32F4xx_HAL_Driver/Src/stm32f4xx_hal_gpio.c.obj
 .comment       0x00000045       0x46 CMakeFiles/steer_chassis.elf.dir/Drivers/STM32F4xx_HAL_Driver/Src/stm32f4xx_hal_rcc.c.obj
 .comment       0x00000045       0x46 CMakeFiles/steer_chassis.elf.dir/Drivers/STM32F4xx_HAL_Driver/Src/stm32f4xx_hal_uart.c.obj

.debug_frame    0x00000000     0x1e3c
 .debug_frame   0x00000000       0x50 CMakeFiles/steer_chassis.elf.dir/App/UserSnc/DR16.c.obj
 .debug_frame   0x00000050       0xd8 CMakeFiles/steer_chassis.elf.dir/App/UserSnc/chassis.c.obj
 .debug_frame   0x00000128       0x68 CMakeFiles/steer_chassis.elf.dir/App/UserSnc/mec.c.obj
 .debug_frame   0x00000190      0x110 CMakeFiles/steer_chassis.elf.dir/App/UserSnc/mycan.c.obj
 .debug_frame   0x000002a0       0x6c CMakeFiles/steer_chassis.elf.dir/App/UserSnc/pid.c.obj
 .debug_frame   0x0000030c       0xac CMakeFiles/steer_chassis.elf.dir/App/UserSnc/refree.c.obj
 .debug_frame   0x000003b8       0x78 CMakeFiles/steer_chassis.elf.dir/Core/Src/can.c.obj
 .debug_frame   0x00000430       0x30 CMakeFiles/steer_chassis.elf.dir/Core/Src/dma.c.obj
 .debug_frame   0x00000460       0x38 CMakeFiles/steer_chassis.elf.dir/Core/Src/gpio.c.obj
 .debug_frame   0x00000498       0x78 CMakeFiles/steer_chassis.elf.dir/Core/Src/main.c.obj
 .debug_frame   0x00000510       0x28 CMakeFiles/steer_chassis.elf.dir/Core/Src/stm32f4xx_hal_msp.c.obj