Archive member included to satisfy reference by file (symbol)

C:/clion/gcc-arm-none-eabi-10.3-2021.10/bin/../lib/gcc/arm-none-eabi/13.3.1/thumb/v7e-m/nofp\libgcc.a(_arm_muldf3.o)
                              CMakeFiles/steer_chassis.elf.dir/App/UserSnc/chassis.c.obj (__aeabi_dmul)
C:/clion/gcc-arm-none-eabi-10.3-2021.10/bin/../lib/gcc/arm-none-eabi/13.3.1/thumb/v7e-m/nofp\libgcc.a(_arm_mulsf3.o)
                              CMakeFiles/steer_chassis.elf.dir/App/UserSnc/chassis.c.obj (__aeabi_fmul)
C:/clion/gcc-arm-none-eabi-10.3-2021.10/bin/../lib/gcc/arm-none-eabi/13.3.1/thumb/v7e-m/nofp\libgcc.a(_arm_addsubdf3.o)
                              CMakeFiles/steer_chassis.elf.dir/App/UserSnc/chassis.c.obj (__aeabi_dsub)
C:/clion/gcc-arm-none-eabi-10.3-2021.10/bin/../lib/gcc/arm-none-eabi/13.3.1/thumb/v7e-m/nofp\libgcc.a(_arm_muldivdf3.o)
                              CMakeFiles/steer_chassis.elf.dir/App/UserSnc/chassis.c.obj (__aeabi_ddiv)
C:/clion/gcc-arm-none-eabi-10.3-2021.10/bin/../lib/gcc/arm-none-eabi/13.3.1/thumb/v7e-m/nofp\libgcc.a(_arm_fixdfsi.o)
                              CMakeFiles/steer_chassis.elf.dir/App/UserSnc/mec.c.obj (__aeabi_d2iz)
C:/clion/gcc-arm-none-eabi-10.3-2021.10/bin/../lib/gcc/arm-none-eabi/13.3.1/thumb/v7e-m/nofp\libgcc.a(_arm_fixunsdfsi.o)
                              CMakeFiles/steer_chassis.elf.dir/Core/Src/main.c.obj (__aeabi_d2uiz)
C:/clion/gcc-arm-none-eabi-10.3-2021.10/bin/../lib/gcc/arm-none-eabi/13.3.1/thumb/v7e-m/nofp\libgcc.a(_arm_truncdfsf2.o)
                              CMakeFiles/steer_chassis.elf.dir/App/UserSnc/mec.c.obj (__aeabi_d2f)
C:/clion/gcc-arm-none-eabi-10.3-2021.10/bin/../lib/gcc/arm-none-eabi/13.3.1/thumb/v7e-m/nofp\libgcc.a(_arm_addsubsf3.o)
                              CMakeFiles/steer_chassis.elf.dir/App/UserSnc/chassis.c.obj (__aeabi_fsub)
C:/clion/gcc-arm-none-eabi-10.3-2021.10/bin/../lib/gcc/arm-none-eabi/13.3.1/thumb/v7e-m/nofp\libgcc.a(_arm_cmpsf2.o)
                              CMakeFiles/steer_chassis.elf.dir/App/UserSnc/chassis.c.obj (__aeabi_fcmplt)
C:/clion/gcc-arm-none-eabi-10.3-2021.10/bin/../lib/gcc/arm-none-eabi/13.3.1/thumb/v7e-m/nofp\libgcc.a(_arm_fixsfsi.o)
                              CMakeFiles/steer_chassis.elf.dir/App/UserSnc/chassis.c.obj (__aeabi_f2iz)
C:/clion/gcc-arm-none-eabi-10.3-2021.10/bin/../lib/gcc/arm-none-eabi/13.3.1/thumb/v7e-m/nofp\libgcc.a(_aeabi_uldivmod.o)
                              CMakeFiles/steer_chassis.elf.dir/Drivers/STM32F4xx_HAL_Driver/Src/stm32f4xx_hal_rcc.c.obj (__aeabi_uldivmod)
C:/clion/gcc-arm-none-eabi-10.3-2021.10/bin/../lib/gcc/arm-none-eabi/13.3.1/thumb/v7e-m/nofp\libgcc.a(_udivmoddi4.o)
                              C:/clion/gcc-arm-none-eabi-10.3-2021.10/bin/../lib/gcc/arm-none-eabi/13.3.1/thumb/v7e-m/nofp\libgcc.a(_aeabi_uldivmod.o) (__udivmoddi4)
C:/clion/gcc-arm-none-eabi-10.3-2021.10/bin/../lib/gcc/arm-none-eabi/13.3.1/thumb/v7e-m/nofp\libgcc.a(_dvmd_tls.o)
                              C:/clion/gcc-arm-none-eabi-10.3-2021.10/bin/../lib/gcc/arm-none-eabi/13.3.1/thumb/v7e-m/nofp\libgcc.a(_aeabi_uldivmod.o) (__aeabi_ldiv0)
C:/clion/gcc-arm-none-eabi-10.3-2021.10/bin/../lib/gcc/arm-none-eabi/13.3.1/thumb/v7e-m/nofp\libg.a(libc_a-exit.o)
                              C:/clion/gcc-arm-none-eabi-10.3-2021.10/bin/../lib/gcc/arm-none-eabi/13.3.1/thumb/v7e-m/nofp/crt0.o (exit)
C:/clion/gcc-arm-none-eabi-10.3-2021.10/bin/../lib/gcc/arm-none-eabi/13.3.1/thumb/v7e-m/nofp\libg.a(libc_a-findfp.o)
                              C:/clion/gcc-arm-none-eabi-10.3-2021.10/bin/../lib/gcc/arm-none-eabi/13.3.1/thumb/v7e-m/nofp\libg.a(libc_a-exit.o) (__stdio_exit_handler)
C:/clion/gcc-arm-none-eabi-10.3-2021.10/bin/../lib/gcc/arm-none-eabi/13.3.1/thumb/v7e-m/nofp\libg.a(libc_a-fwalk.o)
                              C:/clion/gcc-arm-none-eabi-10.3-2021.10/bin/../lib/gcc/arm-none-eabi/13.3.1/thumb/v7e-m/nofp\libg.a(libc_a-findfp.o) (_fwalk_sglue)
C:/clion/gcc-arm-none-eabi-10.3-2021.10/bin/../lib/gcc/arm-none-eabi/13.3.1/thumb/v7e-m/nofp\libg.a(libc_a-stdio.o)
                              C:/clion/gcc-arm-none-eabi-10.3-2021.10/bin/../lib/gcc/arm-none-eabi/13.3.1/thumb/v7e-m/nofp\libg.a(libc_a-findfp.o) (__sread)
C:/clion/gcc-arm-none-eabi-10.3-2021.10/bin/../lib/gcc/arm-none-eabi/13.3.1/thumb/v7e-m/nofp\libg.a(libc_a-memset.o)
                              C:/clion/gcc-arm-none-eabi-10.3-2021.10/bin/../lib/gcc/arm-none-eabi/13.3.1/thumb/v7e-m/nofp/crt0.o (memset)
C:/clion/gcc-arm-none-eabi-10.3-2021.10/bin/../lib/gcc/arm-none-eabi/13.3.1/thumb/v7e-m/nofp\libg.a(libc_a-closer.o)
                              C:/clion/gcc-arm-none-eabi-10.3-2021.10/bin/../lib/gcc/arm-none-eabi/13.3.1/thumb/v7e-m/nofp\libg.a(libc_a-stdio.o) (_close_r)
C:/clion/gcc-arm-none-eabi-10.3-2021.10/bin/../lib/gcc/arm-none-eabi/13.3.1/thumb/v7e-m/nofp\libg.a(libc_a-reent.o)
                              C:/clion/gcc-arm-none-eabi-10.3-2021.10/bin/../lib/gcc/arm-none-eabi/13.3.1/thumb/v7e-m/nofp\libg.a(libc_a-closer.o) (errno)
[...]
Memory Configuration

Name             Origin             Length             Attributes
CCMRAM           0x10000000         0x00010000         xrw
RAM              0x20000000         0x00030000         xrw
FLASH            0x08000000         0x00200000         xr
*default*        0x00000000         0xffffffff

Linker script and memory map

LOAD C:/clion/gcc-arm-none-eabi-10.3-2021.10/bin/../lib/gcc/arm-none-eabi/13.3.1/thumb/v7e-m/nofp/crti.o
LOAD C:/clion/gcc-arm-none-eabi-10.3-2021.10/bin/../lib/gcc/arm-none-eabi/13.3.1/thumb/v7e-m/nofp/crtbegin.o
LOAD C:/clion/gcc-arm-none-eabi-10.3-2021.10/bin/../lib/gcc/arm-none-eabi/13.3.1/thumb/v7e-m/nofp/crt0.o
LOAD CMakeFiles/steer_chassis.elf.dir/App/UserSnc/DR16.c.obj
LOAD CMakeFiles/steer_chassis.elf.dir/App/UserSnc/chassis.c.obj
LOAD CMakeFiles/steer_chassis.elf.dir/App/UserSnc/crc.c.obj
LOAD CMakeFiles/steer_chassis.elf.dir/App/UserSnc/mec.c.obj
LOAD CMakeFiles/steer_chassis.elf.dir/App/UserSnc/mycan.c.obj
LOAD CMakeFiles/steer_chassis.elf.dir/App/UserSnc/pid.c.obj
LOAD CMakeFiles/steer_chassis.elf.dir/App/UserSnc/refree.c.obj
LOAD CMakeFiles/steer_chassis.elf.dir/App/UserSnc/supercap.c.obj
LOAD CMakeFiles/steer_chassis.elf.dir/Core/Src/can.c.obj
LOAD CMakeFiles/steer_chassis.elf.dir/Core/Src/dma.c.obj
LOAD CMakeFiles/steer_chassis.elf.dir/Core/Src/gpio.c.obj
LOAD CMakeFiles/steer_chassis.elf.dir/Core/Src/main.c.obj
LOAD CMakeFiles/steer_chassis.elf.dir/Core/Src/stm32f4xx_hal_msp.c.obj
LOAD CMakeFiles/steer_chassis.elf.dir/Core/Src/stm32f4xx_it.c.obj
LOAD CMakeFiles/steer_chassis.elf.dir/Core/Src/syscalls.c.obj
LOAD CMakeFiles/steer_chassis.elf.dir/Core/Src/sysmem.c.obj
LOAD CMakeFiles/steer_chassis.elf.dir/Core/Src/system_stm32f4xx.c.obj
LOAD CMakeFiles/steer_chassis.elf.dir/Core/Src/usart.c.obj
LOAD CMakeFiles/steer_chassis.elf.dir/Core/Startup/startup_stm32f427iihx.s.obj
LOAD CMakeFiles/steer_chassis.elf.dir/Drivers/STM32F4xx_HAL_Driver/Src/stm32f4xx_hal.c.obj
LOAD CMakeFiles/steer_chassis.elf.dir/Drivers/STM32F4xx_HAL_Driver/Src/stm32f4xx_hal_can.c.obj
LOAD CMakeFiles/steer_chassis.elf.dir/Drivers/STM32F4xx_HAL_Driver/Src/stm32f4xx_hal_cortex.c.obj
LOAD CMakeFiles/steer_chassis.elf.dir/Drivers/STM32F4xx_HAL_Driver/Src/stm32f4xx_hal_dma.c.obj
LOAD CMakeFiles/steer_chassis.elf.dir/Drivers/STM32F4xx_HAL_Driver/Src/stm32f4xx_hal_dma_ex.c.obj
LOAD CMakeFiles/steer_chassis.elf.dir/Drivers/STM32F4xx_HAL_Driver/Src/stm32f4xx_hal_exti.c.obj
LOAD CMakeFiles/steer_chassis.elf.dir/Drivers/STM32F4xx_HAL_Driver/Src/stm32f4xx_hal_flash.c.obj
LOAD CMakeFiles/steer_chassis.elf.dir/Drivers/STM32F4xx_HAL_Driver/Src/stm32f4xx_hal_flash_ex.c.obj
LOAD CMakeFiles/steer_chassis.elf.dir/Drivers/STM32F4xx_HAL_Driver/Src/stm32f4xx_hal_flash_ramfunc.c.obj
LOAD CMakeFiles/steer_chassis.elf.dir/Drivers/STM32F4xx_HAL_Driver/Src/stm32f4xx_hal_gpio.c.obj
LOAD CMakeFiles/steer_chassis.elf.dir/Drivers/STM32F4xx_HAL_Driver/Src/stm32f4xx_hal_pwr.c.obj
LOAD CMakeFiles/steer_chassis.elf.dir/Drivers/STM32F4xx_HAL_Driver/Src/stm32f4xx_hal_pwr_ex.c.obj
LOAD CMakeFiles/steer_chassis.elf.dir/Drivers/STM32F4xx_HAL_Driver/Src/stm32f4xx_hal_rcc.c.obj
LOAD CMakeFiles/steer_chassis.elf.dir/Drivers/STM32F4xx_HAL_Driver/Src/stm32f4xx_hal_rcc_ex.c.obj
LOAD CMakeFiles/steer_chassis.elf.dir/Drivers/STM32F4xx_HAL_Driver/Src/stm32f4xx_hal_tim.c.obj
LOAD CMakeFiles/steer_chassis.elf.dir/Drivers/STM32F4xx_HAL_Driver/Src/stm32f4xx_hal_tim_ex.c.obj
LOAD CMakeFiles/steer_chassis.elf.dir/Drivers/STM32F4xx_HAL_Driver/Src/stm32f4xx_hal_uart.c.obj
START GROUP
LOAD C:/clion/gcc-arm-none-eabi-10.3-2021.10/bin/../lib/gcc/arm-none-eabi/13.3.1/thumb/v7e-m/nofp\libgcc.a
LOAD C:/clion/gcc-arm-none-eabi-10.3-2021.10/bin/../lib/gcc/arm-none-eabi/13.3.1/thumb/v7e-m/nofp\libg.a
LOAD C:/clion/gcc-arm-none-eabi-10.3-2021.10/bin/../lib/gcc/arm-none-eabi/13.3.1/thumb/v7e-m/nofp\libc.a
END GROUP
LOAD C:/clion/gcc-arm-none-eabi-10.3-2021.10/bin/../lib/gcc/arm-none-eabi/13.3.1/thumb/v7e-m/nofp/crtend.o
LOAD C:/clion/gcc-arm-none-eabi-10.3-2021.10/bin/../lib/gcc/arm-none-eabi/13.3.1/thumb/v7e-m/nofp/crtn.o
                0x20030000                        _estack = (ORIGIN (RAM) + LENGTH (RAM))
                0x00000200                        _Min_Heap_Size = 0x200
                0x00000400                        _Min_Stack_Size = 0x400

.isr_vector     0x08000000      0x1ac
                0x08000000                        . = ALIGN (0x4)
 *(.isr_vector)
 .isr_vector    0x08000000      0x1ac CMakeFiles/steer_chassis.elf.dir/Core/Startup/startup_stm32f427iihx.s.obj
                0x08000000                g_pfnVectors
                0x080001ac                        . = ALIGN (0x4)

.text           0x080001b0     0x6034
                0x080001b0                        . = ALIGN (0x4)
 *(.text)
 .text          0x080001b0      0x168 C:/clion/gcc-arm-none-eabi-10.3-2021.10/bin/../lib/gcc/arm-none-eabi/13.3.1/thumb/v7e-m/nofp\libgcc.a(_arm_mulsf3.o)
                0x080001b0                __aeabi_fmul
                0x080001b0                __mulsf3
 .text          0x08000318      0x378 C:/clion/gcc-arm-none-eabi-10.3-2021.10/bin/../lib/gcc/arm-none-eabi/13.3.1/thumb/v7e-m/nofp\libgcc.a(_arm_addsubdf3.o)
                0x08000318                __aeabi_drsub
                0x08000320                __aeabi_dsub
                0x08000320                __subdf3
                0x08000324                __aeabi_dadd
                0x08000324                __adddf3
                0x0800059c                __floatunsidf
                0x0800059c                __aeabi_ui2d
                0x080005bc                __floatsidf
                0x080005bc                __aeabi_i2d
                0x080005e0                __aeabi_f2d
                0x080005e0                __extendsfdf2
                0x08000624                __floatundidf
                0x08000624                __aeabi_ul2d
                0x08000634                __floatdidf
                0x08000634                __aeabi_l2d
 .text          0x08000690      0x424 C:/clion/gcc-arm-none-eabi-10.3-2021.10/bin/../lib/gcc/arm-none-eabi/13.3.1/thumb/v7e-m/nofp\libgcc.a(_arm_muldivdf3.o)
                0x08000690                __aeabi_dmul
                0x08000690                __muldf3
                0x080008e4                __divdf3
                0x080008e4                __aeabi_ddiv
 .text          0x08000ab4       0x50 C:/clion/gcc-arm-none-eabi-10.3-2021.10/bin/../lib/gcc/arm-none-eabi/13.3.1/thumb/v7e-m/nofp\libgcc.a(_arm_fixdfsi.o)
                0x08000ab4                __aeabi_d2iz
                0x08000ab4                __fixdfsi
 .text          0x08000b04       0x40 C:/clion/gcc-arm-none-eabi-10.3-2021.10/bin/../lib/gcc/arm-none-eabi/13.3.1/thumb/v7e-m/nofp\libgcc.a(_arm_fixunsdfsi.o)
                0x08000b04                __aeabi_d2uiz
                0x08000b04                __fixunsdfsi
 .text          0x08000b44       0xa0 C:/clion/gcc-arm-none-eabi-10.3-2021.10/bin/../lib/gcc/arm-none-eabi/13.3.1/thumb/v7e-m/nofp\libgcc.a(_arm_truncdfsf2.o)
                0x08000b44                __truncdfsf2
                0x08000b44                __aeabi_d2f
 .text          0x08000be4      0x21c C:/clion/gcc-arm-none-eabi-10.3-2021.10/bin/../lib/gcc/arm-none-eabi/13.3.1/thumb/v7e-m/nofp\libgcc.a(_arm_addsubsf3.o)
                0x08000be4                __aeabi_frsub
                0x08000bec                __subsf3
                0x08000bec                __aeabi_fsub
                0x08000bf0                __aeabi_fadd
                0x08000bf0                __addsf3
                0x08000d50                __aeabi_ui2f
                0x08000d50                __floatunsisf
                0x08000d58                __aeabi_i2f
                0x08000d58                __floatsisf
                0x08000d74                __aeabi_ul2f
                0x08000d74                __floatundisf
                0x08000d84                __aeabi_l2f
                0x08000d84                __floatdisf
 .text          0x08000e00       0xec C:/clion/gcc-arm-none-eabi-10.3-2021.10/bin/../lib/gcc/arm-none-eabi/13.3.1/thumb/v7e-m/nofp\libgcc.a(_arm_cmpsf2.o)
                0x08000e00                __gesf2
                0x08000e00                __gtsf2
                0x08000e08                __lesf2
                0x08000e08                __ltsf2
                0x08000e10                __nesf2
                0x08000e10                __eqsf2
                0x08000e10                __cmpsf2
                0x08000e70                __aeabi_cfrcmple
                0x08000e78                __aeabi_cfcmpeq
                0x08000e78                __aeabi_cfcmple
                0x08000e88                __aeabi_fcmpeq
                0x08000e9c                __aeabi_fcmplt
                0x08000eb0                __aeabi_fcmple
                0x08000ec4                __aeabi_fcmpge
                0x08000ed8                __aeabi_fcmpgt
 .text          0x08000eec       0x4c C:/clion/gcc-arm-none-eabi-10.3-2021.10/bin/../lib/gcc/arm-none-eabi/13.3.1/thumb/v7e-m/nofp\libgcc.a(_arm_fixsfsi.o)
                0x08000eec                __aeabi_f2iz
                0x08000eec                __fixsfsi
 .text          0x08000f38       0x30 C:/clion/gcc-arm-none-eabi-10.3-2021.10/bin/../lib/gcc/arm-none-eabi/13.3.1/thumb/v7e-m/nofp\libgcc.a(_aeabi_uldivmod.o)
                0x08000f38                __aeabi_uldivmod
 .text          0x08000f68        0x4 C:/clion/gcc-arm-none-eabi-10.3-2021.10/bin/../lib/gcc/arm-none-eabi/13.3.1/thumb/v7e-m/nofp\libgcc.a(_dvmd_tls.o)
                0x08000f68                __aeabi_idiv0
                0x08000f68                __aeabi_ldiv0
 .text          0x08000f6c      0x110 C:/clion/gcc-arm-none-eabi-10.3-2021.10/bin/../lib/gcc/arm-none-eabi/13.3.1/thumb/v7e-m/nofp\libgcc.a(_arm_cmpdf2.o)
                0x08000f6c                __gtdf2
                0x08000f6c                __gedf2
                0x08000f74                __ltdf2
                0x08000f74                __ledf2
                0x08000f7c                __nedf2
                0x08000f7c                __eqdf2
                0x08000f7c                __cmpdf2
                0x08000ff8                __aeabi_cdrcmple
                0x08001008                __aeabi_cdcmpeq
                0x08001008                __aeabi_cdcmple
                0x08001018                __aeabi_dcmpeq
                0x0800102c                __aeabi_dcmplt
                0x08001040                __aeabi_dcmple
                0x08001054                __aeabi_dcmpge
                0x08001068                __aeabi_dcmpgt
 .text          0x0800107c       0x2c C:/clion/gcc-arm-none-eabi-10.3-2021.10/bin/../lib/gcc/arm-none-eabi/13.3.1/thumb/v7e-m/nofp\libgcc.a(_arm_unorddf2.o)
                0x0800107c                __unorddf2
                0x0800107c                __aeabi_dcmpun
 *(.text*)
 .text.deregister_tm_clones
                0x080010a8       0x1c C:/clion/gcc-arm-none-eabi-10.3-2021.10/bin/../lib/gcc/arm-none-eabi/13.3.1/thumb/v7e-m/nofp/crtbegin.o
 .text.register_tm_clones
                0x080010c4       0x24 C:/clion/gcc-arm-none-eabi-10.3-2021.10/bin/../lib/gcc/arm-none-eabi/13.3.1/thumb/v7e-m/nofp/crtbegin.o
 .text.__do_global_dtors_aux
                0x080010e8       0x28 C:/clion/gcc-arm-none-eabi-10.3-2021.10/bin/../lib/gcc/arm-none-eabi/13.3.1/thumb/v7e-m/nofp/crtbegin.o
 .text.frame_dummy
                0x08001110       0x24 C:/clion/gcc-arm-none-eabi-10.3-2021.10/bin/../lib/gcc/arm-none-eabi/13.3.1/thumb/v7e-m/nofp/crtbegin.o
 .text.RemoteDataProcess
                0x08001134       0x84 CMakeFiles/steer_chassis.elf.dir/App/UserSnc/DR16.c.obj
                0x08001134                RemoteDataProcess
 .text.RC_Init  0x080011b8       0x24 CMakeFiles/steer_chassis.elf.dir/App/UserSnc/DR16.c.obj
                0x080011b8                RC_Init
 .text.RC_Robot_Ctrl
                0x080011dc       0x6c CMakeFiles/steer_chassis.elf.dir/App/UserSnc/DR16.c.obj
                0x080011dc                RC_Robot_Ctrl
 .text.msp      0x08001248       0x54 CMakeFiles/steer_chassis.elf.dir/App/UserSnc/chassis.c.obj
                0x08001248                msp
 .text.set_chassis_3508_speed
                0x0800129c       0xa0 CMakeFiles/steer_chassis.elf.dir/App/UserSnc/chassis.c.obj
                0x0800129c                set_chassis_3508_speed
 .text.set_chassis_6020_angle
                0x0800133c      0x2f0 CMakeFiles/steer_chassis.elf.dir/App/UserSnc/chassis.c.obj
                0x0800133c                set_chassis_6020_angle
 .text.stop     0x0800162c       0x10 CMakeFiles/steer_chassis.elf.dir/App/UserSnc/chassis.c.obj
                0x0800162c                stop
 .text.all_stop
                0x0800163c       0x1c CMakeFiles/steer_chassis.elf.dir/App/UserSnc/chassis.c.obj
                0x0800163c                all_stop
 .text.Get_CRC8_Check_Sum
                0x08001658       0x20 CMakeFiles/steer_chassis.elf.dir/App/UserSnc/crc.c.obj
                0x08001658                Get_CRC8_Check_Sum
 .text.Verify_CRC8_Check_Sum
                0x08001678       0x28 CMakeFiles/steer_chassis.elf.dir/App/UserSnc/crc.c.obj
                0x08001678                Verify_CRC8_Check_Sum
 .text.Get_CRC16_Check_Sum
                0x080016a0       0x38 CMakeFiles/steer_chassis.elf.dir/App/UserSnc/crc.c.obj
                0x080016a0                Get_CRC16_Check_Sum
 .text.Verify_CRC16_Check_Sum
                0x080016d8       0x48 CMakeFiles/steer_chassis.elf.dir/App/UserSnc/crc.c.obj
                0x080016d8                Verify_CRC16_Check_Sum
 .text.move_steer_chassis
                0x08001720      0x180 CMakeFiles/steer_chassis.elf.dir/App/UserSnc/mec.c.obj
                0x08001720                move_steer_chassis
 .text.move_chassis_steer
                0x080018a0      0x148 CMakeFiles/steer_chassis.elf.dir/App/UserSnc/mec.c.obj
                0x080018a0                move_chassis_steer
 .text.my_can1_init
                0x080019e8       0x4c CMakeFiles/steer_chassis.elf.dir/App/UserSnc/mycan.c.obj
                0x080019e8                my_can1_init
 .text.my_can2_init
                0x08001a34       0x4c CMakeFiles/steer_chassis.elf.dir/App/UserSnc/mycan.c.obj
                0x08001a34                my_can2_init
 .text.set_chassis_3508_v
                0x08001a80       0x5c CMakeFiles/steer_chassis.elf.dir/App/UserSnc/mycan.c.obj
                0x08001a80                set_chassis_3508_v
 .text.set_chassis_6020_v
                0x08001adc       0x5c CMakeFiles/steer_chassis.elf.dir/App/UserSnc/mycan.c.obj
                0x08001adc                set_chassis_6020_v
 .text.send_msg
                0x08001b38       0x5c CMakeFiles/steer_chassis.elf.dir/App/UserSnc/mycan.c.obj
                0x08001b38                send_msg
 .text.send     0x08001b94       0x5c CMakeFiles/steer_chassis.elf.dir/App/UserSnc/mycan.c.obj
                0x08001b94                send
 .text.HAL_CAN_RxFifo0MsgPendingCallback
                0x08001bf0       0xb8 CMakeFiles/steer_chassis.elf.dir/App/UserSnc/mycan.c.obj
                0x08001bf0                HAL_CAN_RxFifo0MsgPendingCallback
 .text.HAL_CAN_RxFifo1MsgPendingCallback
                0x08001ca8       0xc8 CMakeFiles/steer_chassis.elf.dir/App/UserSnc/mycan.c.obj
                0x08001ca8                HAL_CAN_RxFifo1MsgPendingCallback
 .text.pid_init
                0x08001d70       0x10 CMakeFiles/steer_chassis.elf.dir/App/UserSnc/pid.c.obj
                0x08001d70                pid_init
 .text.pid_calc
                0x08001d80       0xb6 CMakeFiles/steer_chassis.elf.dir/App/UserSnc/pid.c.obj
                0x08001d80                pid_calc
 *fill*         0x08001e36        0x2 
 .text.all_pid_init
                0x08001e38       0xd4 CMakeFiles/steer_chassis.elf.dir/App/UserSnc/pid.c.obj
                0x08001e38                all_pid_init
 .text.decode   0x08001f0c      0x218 CMakeFiles/steer_chassis.elf.dir/App/UserSnc/refree.c.obj
                0x08001f0c                decode
 .text.RefereeCallback
                0x08002124       0x30 CMakeFiles/steer_chassis.elf.dir/App/UserSnc/refree.c.obj
                0x08002124                RefereeCallback
 .text.referee_init
                0x08002154       0x28 CMakeFiles/steer_chassis.elf.dir/App/UserSnc/refree.c.obj
                0x08002154                referee_init
 .text.send2supercap
                0x0800217c       0x5c CMakeFiles/steer_chassis.elf.dir/App/UserSnc/supercap.c.obj
                0x0800217c                send2supercap
 .text.MX_CAN1_Init
                0x080021d8       0x44 CMakeFiles/steer_chassis.elf.dir/Core/Src/can.c.obj
                0x080021d8                MX_CAN1_Init
 .text.MX_CAN2_Init
                0x0800221c       0x44 CMakeFiles/steer_chassis.elf.dir/Core/Src/can.c.obj
                0x0800221c                MX_CAN2_Init
 .text.HAL_CAN_MspInit
                0x08002260      0x144 CMakeFiles/steer_chassis.elf.dir/Core/Src/can.c.obj
                0x08002260                HAL_CAN_MspInit
 .text.MX_DMA_Init
                0x080023a4       0x58 CMakeFiles/steer_chassis.elf.dir/Core/Src/dma.c.obj
                0x080023a4                MX_DMA_Init
 .text.MX_GPIO_Init
                0x080023fc      0x108 CMakeFiles/steer_chassis.elf.dir/Core/Src/gpio.c.obj
                0x080023fc                MX_GPIO_Init
 .text.HAL_UARTEx_RxEventCallback
                0x08002504       0x4c CMakeFiles/steer_chassis.elf.dir/Core/Src/main.c.obj
                0x08002504                HAL_UARTEx_RxEventCallback
 .text.Error_Handler
                0x08002550        0x4 CMakeFiles/steer_chassis.elf.dir/Core/Src/main.c.obj
                0x08002550                Error_Handler
 .text.SystemClock_Config
                0x08002554       0xa8 CMakeFiles/steer_chassis.elf.dir/Core/Src/main.c.obj
                0x08002554                SystemClock_Config
 *fill*         0x080025fc        0x4 
 .text.main     0x08002600       0xe8 CMakeFiles/steer_chassis.elf.dir/Core/Src/main.c.obj
                0x08002600                main
 .text.HAL_MspInit
                0x080026e8       0x38 CMakeFiles/steer_chassis.elf.dir/Core/Src/stm32f4xx_hal_msp.c.obj
                0x080026e8                HAL_MspInit
 .text.NMI_Handler
                0x08002720        0x2 CMakeFiles/steer_chassis.elf.dir/Core/Src/stm32f4xx_it.c.obj
                0x08002720                NMI_Handler
 .text.HardFault_Handler
                0x08002722        0x2 CMakeFiles/steer_chassis.elf.dir/Core/Src/stm32f4xx_it.c.obj
                0x08002722                HardFault_Handler
 .text.MemManage_Handler
                0x08002724        0x2 CMakeFiles/steer_chassis.elf.dir/Core/Src/stm32f4xx_it.c.obj
                0x08002724                MemManage_Handler
 .text.BusFault_Handler
                0x08002726        0x2 CMakeFiles/steer_chassis.elf.dir/Core/Src/stm32f4xx_it.c.obj
                0x08002726                BusFault_Handler
 .text.UsageFault_Handler
                0x08002728        0x2 CMakeFiles/steer_chassis.elf.dir/Core/Src/stm32f4xx_it.c.obj
                0x08002728                UsageFault_Handler
 .text.SVC_Handler
                0x0800272a        0x2 CMakeFiles/steer_chassis.elf.dir/Core/Src/stm32f4xx_it.c.obj
                0x0800272a                SVC_Handler
 .text.DebugMon_Handler
                0x0800272c        0x2 CMakeFiles/steer_chassis.elf.dir/Core/Src/stm32f4xx_it.c.obj
                0x0800272c                DebugMon_Handler
 .text.PendSV_Handler
                0x0800272e        0x2 CMakeFiles/steer_chassis.elf.dir/Core/Src/stm32f4xx_it.c.obj
                0x0800272e                PendSV_Handler
 .text.SysTick_Handler
                0x08002730        0x8 CMakeFiles/steer_chassis.elf.dir/Core/Src/stm32f4xx_it.c.obj
                0x08002730                SysTick_Handler
 .text.DMA1_Stream5_IRQHandler
                0x08002738       0x10 CMakeFiles/steer_chassis.elf.dir/Core/Src/stm32f4xx_it.c.obj
                0x08002738                DMA1_Stream5_IRQHandler
 .text.CAN1_TX_IRQHandler
                0x08002748       0x10 CMakeFiles/steer_chassis.elf.dir/Core/Src/stm32f4xx_it.c.obj
                0x08002748                CAN1_TX_IRQHandler
 .text.CAN1_RX0_IRQHandler
                0x08002758       0x10 CMakeFiles/steer_chassis.elf.dir/Core/Src/stm32f4xx_it.c.obj
                0x08002758                CAN1_RX0_IRQHandler
 .text.USART2_IRQHandler
                0x08002768       0x10 CMakeFiles/steer_chassis.elf.dir/Core/Src/stm32f4xx_it.c.obj
                0x08002768                USART2_IRQHandler
 .text.DMA2_Stream2_IRQHandler
                0x08002778       0x10 CMakeFiles/steer_chassis.elf.dir/Core/Src/stm32f4xx_it.c.obj
                0x08002778                DMA2_Stream2_IRQHandler
 .text.CAN2_TX_IRQHandler
                0x08002788       0x10 CMakeFiles/steer_chassis.elf.dir/Core/Src/stm32f4xx_it.c.obj
                0x08002788                CAN2_TX_IRQHandler
 .text.CAN2_RX1_IRQHandler
                0x08002798       0x10 CMakeFiles/steer_chassis.elf.dir/Core/Src/stm32f4xx_it.c.obj
                0x08002798                CAN2_RX1_IRQHandler
 .text.SystemInit
                0x080027a8        0x2 CMakeFiles/steer_chassis.elf.dir/Core/Src/system_stm32f4xx.c.obj
                0x080027a8                SystemInit
 *fill*         0x080027aa        0x2 
 .text.MX_USART1_UART_Init
                0x080027ac       0x3c CMakeFiles/steer_chassis.elf.dir/Core/Src/usart.c.obj
                0x080027ac                MX_USART1_UART_Init
 .text.MX_USART2_UART_Init
                0x080027e8       0x34 CMakeFiles/steer_chassis.elf.dir/Core/Src/usart.c.obj
                0x080027e8                MX_USART2_UART_Init
 .text.HAL_UART_MspInit
                0x0800281c      0x184 CMakeFiles/steer_chassis.elf.dir/Core/Src/usart.c.obj
                0x0800281c                HAL_UART_MspInit
 .text.Reset_Handler
                0x080029a0       0x50 CMakeFiles/steer_chassis.elf.dir/Core/Startup/startup_stm32f427iihx.s.obj
                0x080029a0                Reset_Handler
 .text.Default_Handler
                0x080029f0        0x2 CMakeFiles/steer_chassis.elf.dir/Core/Startup/startup_stm32f427iihx.s.obj
                0x080029f0                RTC_Alarm_IRQHandler
                0x080029f0                HASH_RNG_IRQHandler
                0x080029f0                EXTI2_IRQHandler
                0x080029f0                TIM8_CC_IRQHandler
                0x080029f0                UART8_IRQHandler
                0x080029f0                SPI4_IRQHandler
                0x080029f0                TIM1_CC_IRQHandler
                0x080029f0                DMA2_Stream5_IRQHandler
                0x080029f0                PVD_IRQHandler
                0x080029f0                SDIO_IRQHandler
                0x080029f0                TAMP_STAMP_IRQHandler
                0x080029f0                EXTI3_IRQHandler
                0x080029f0                TIM8_TRG_COM_TIM14_IRQHandler
                0x080029f0                TIM1_UP_TIM10_IRQHandler
                0x080029f0                TIM8_UP_TIM13_IRQHandler
                0x080029f0                I2C3_ER_IRQHandler
                0x080029f0                EXTI0_IRQHandler
                0x080029f0                I2C2_EV_IRQHandler
                0x080029f0                DMA1_Stream2_IRQHandler
                0x080029f0                FPU_IRQHandler
                0x080029f0                OTG_HS_WKUP_IRQHandler
                0x080029f0                CAN2_SCE_IRQHandler
                0x080029f0                SPI1_IRQHandler
                0x080029f0                TIM6_DAC_IRQHandler
                0x080029f0                TIM1_BRK_TIM9_IRQHandler
                0x080029f0                DCMI_IRQHandler
                0x080029f0                CAN2_RX0_IRQHandler
                0x080029f0                DMA2_Stream3_IRQHandler
                0x080029f0                USART6_IRQHandler
                0x080029f0                USART3_IRQHandler
                0x080029f0                CAN1_RX1_IRQHandler
                0x080029f0                UART5_IRQHandler
                0x080029f0                DMA2_Stream0_IRQHandler
                0x080029f0                TIM4_IRQHandler
                0x080029f0                I2C1_EV_IRQHandler
                0x080029f0                DMA1_Stream6_IRQHandler
                0x080029f0                DMA1_Stream1_IRQHandler
                0x080029f0                UART4_IRQHandler
                0x080029f0                TIM3_IRQHandler
                0x080029f0                RCC_IRQHandler
                0x080029f0                TIM8_BRK_TIM12_IRQHandler
                0x080029f0                Default_Handler
                0x080029f0                EXTI15_10_IRQHandler
                0x080029f0                ADC_IRQHandler
                0x080029f0                DMA1_Stream7_IRQHandler
                0x080029f0                SPI5_IRQHandler
                0x080029f0                TIM7_IRQHandler
                0x080029f0                TIM5_IRQHandler
                0x080029f0                DMA2_Stream7_IRQHandler
                0x080029f0                I2C3_EV_IRQHandler
                0x080029f0                EXTI9_5_IRQHandler
                0x080029f0                RTC_WKUP_IRQHandler
                0x080029f0                ETH_WKUP_IRQHandler
                0x080029f0                SPI2_IRQHandler
                0x080029f0                OTG_HS_EP1_IN_IRQHandler
                0x080029f0                DMA1_Stream0_IRQHandler
                0x080029f0                EXTI4_IRQHandler
                0x080029f0                ETH_IRQHandler
                0x080029f0                OTG_HS_EP1_OUT_IRQHandler
                0x080029f0                WWDG_IRQHandler
                0x080029f0                SPI6_IRQHandler
                0x080029f0                TIM2_IRQHandler
                0x080029f0                OTG_FS_WKUP_IRQHandler
                0x080029f0                TIM1_TRG_COM_TIM11_IRQHandler
                0x080029f0                OTG_HS_IRQHandler
                0x080029f0                DMA2D_IRQHandler
                0x080029f0                EXTI1_IRQHandler
                0x080029f0                UART7_IRQHandler
                0x080029f0                I2C2_ER_IRQHandler
                0x080029f0                DMA2_Stream1_IRQHandler
                0x080029f0                CAN1_SCE_IRQHandler
                0x080029f0                FLASH_IRQHandler
                0x080029f0                DMA2_Stream4_IRQHandler
                0x080029f0                USART1_IRQHandler
                0x080029f0                OTG_FS_IRQHandler
                0x080029f0                SPI3_IRQHandler
                0x080029f0                DMA1_Stream4_IRQHandler
                0x080029f0                I2C1_ER_IRQHandler
                0x080029f0                FMC_IRQHandler
                0x080029f0                DMA2_Stream6_IRQHandler
                0x080029f0                SAI1_IRQHandler
                0x080029f0                DMA1_Stream3_IRQHandler
 *fill*         0x080029f2        0x2 
 .text.HAL_InitTick
                0x080029f4       0x4c CMakeFiles/steer_chassis.elf.dir/Drivers/STM32F4xx_HAL_Driver/Src/stm32f4xx_hal.c.obj
                0x080029f4                HAL_InitTick
 .text.HAL_Init
                0x08002a40       0x34 CMakeFiles/steer_chassis.elf.dir/Drivers/STM32F4xx_HAL_Driver/Src/stm32f4xx_hal.c.obj
                0x08002a40                HAL_Init
 .text.HAL_IncTick
                0x08002a74       0x18 CMakeFiles/steer_chassis.elf.dir/Drivers/STM32F4xx_HAL_Driver/Src/stm32f4xx_hal.c.obj
                0x08002a74                HAL_IncTick
 .text.HAL_GetTick
                0x08002a8c        0xc CMakeFiles/steer_chassis.elf.dir/Drivers/STM32F4xx_HAL_Driver/Src/stm32f4xx_hal.c.obj
                0x08002a8c                HAL_GetTick
 .text.HAL_Delay
                0x08002a98       0x28 CMakeFiles/steer_chassis.elf.dir/Drivers/STM32F4xx_HAL_Driver/Src/stm32f4xx_hal.c.obj
                0x08002a98                HAL_Delay
 .text.HAL_CAN_Init
                0x08002ac0      0x14c CMakeFiles/steer_chassis.elf.dir/Drivers/STM32F4xx_HAL_Driver/Src/stm32f4xx_hal_can.c.obj
                0x08002ac0                HAL_CAN_Init
 .text.HAL_CAN_ConfigFilter
                0x08002c0c      0x13c CMakeFiles/steer_chassis.elf.dir/Drivers/STM32F4xx_HAL_Driver/Src/stm32f4xx_hal_can.c.obj
                0x08002c0c                HAL_CAN_ConfigFilter
 .text.HAL_CAN_Start
                0x08002d48       0x5c CMakeFiles/steer_chassis.elf.dir/Drivers/STM32F4xx_HAL_Driver/Src/stm32f4xx_hal_can.c.obj
                0x08002d48                HAL_CAN_Start
 .text.HAL_CAN_AddTxMessage
                0x08002da4       0xea CMakeFiles/steer_chassis.elf.dir/Drivers/STM32F4xx_HAL_Driver/Src/stm32f4xx_hal_can.c.obj
                0x08002da4                HAL_CAN_AddTxMessage
 .text.HAL_CAN_GetTxMailboxesFreeLevel
                0x08002e8e       0x32 CMakeFiles/steer_chassis.elf.dir/Drivers/STM32F4xx_HAL_Driver/Src/stm32f4xx_hal_can.c.obj
                0x08002e8e                HAL_CAN_GetTxMailboxesFreeLevel
 .text.HAL_CAN_GetRxMessage
                0x08002ec0      0x16a CMakeFiles/steer_chassis.elf.dir/Drivers/STM32F4xx_HAL_Driver/Src/stm32f4xx_hal_can.c.obj
                0x08002ec0                HAL_CAN_GetRxMessage
 .text.HAL_CAN_ActivateNotification
                0x0800302a       0x24 CMakeFiles/steer_chassis.elf.dir/Drivers/STM32F4xx_HAL_Driver/Src/stm32f4xx_hal_can.c.obj
                0x0800302a                HAL_CAN_ActivateNotification
 .text.HAL_CAN_TxMailbox0CompleteCallback
                0x0800304e        0x2 CMakeFiles/steer_chassis.elf.dir/Drivers/STM32F4xx_HAL_Driver/Src/stm32f4xx_hal_can.c.obj
                0x0800304e                HAL_CAN_TxMailbox0CompleteCallback
 .text.HAL_CAN_TxMailbox1CompleteCallback
                0x08003050        0x2 CMakeFiles/steer_chassis.elf.dir/Drivers/STM32F4xx_HAL_Driver/Src/stm32f4xx_hal_can.c.obj
                0x08003050                HAL_CAN_TxMailbox1CompleteCallback
 .text.HAL_CAN_TxMailbox2CompleteCallback
                0x08003052        0x2 CMakeFiles/steer_chassis.elf.dir/Drivers/STM32F4xx_HAL_Driver/Src/stm32f4xx_hal_can.c.obj
                0x08003052                HAL_CAN_TxMailbox2CompleteCallback
 .text.HAL_CAN_TxMailbox0AbortCallback
                0x08003054        0x2 CMakeFiles/steer_chassis.elf.dir/Drivers/STM32F4xx_HAL_Driver/Src/stm32f4xx_hal_can.c.obj
                0x08003054                HAL_CAN_TxMailbox0AbortCallback
 .text.HAL_CAN_TxMailbox1AbortCallback
                0x08003056        0x2 CMakeFiles/steer_chassis.elf.dir/Drivers/STM32F4xx_HAL_Driver/Src/stm32f4xx_hal_can.c.obj
                0x08003056                HAL_CAN_TxMailbox1AbortCallback
 .text.HAL_CAN_TxMailbox2AbortCallback
                0x08003058        0x2 CMakeFiles/steer_chassis.elf.dir/Drivers/STM32F4xx_HAL_Driver/Src/stm32f4xx_hal_can.c.obj
                0x08003058                HAL_CAN_TxMailbox2AbortCallback
 .text.HAL_CAN_RxFifo0FullCallback
                0x0800305a        0x2 CMakeFiles/steer_chassis.elf.dir/Drivers/STM32F4xx_HAL_Driver/Src/stm32f4xx_hal_can.c.obj
                0x0800305a                HAL_CAN_RxFifo0FullCallback
 .text.HAL_CAN_RxFifo1FullCallback
                0x0800305c        0x2 CMakeFiles/steer_chassis.elf.dir/Drivers/STM32F4xx_HAL_Driver/Src/stm32f4xx_hal_can.c.obj
                0x0800305c                HAL_CAN_RxFifo1FullCallback
 .text.HAL_CAN_SleepCallback
                0x0800305e        0x2 CMakeFiles/steer_chassis.elf.dir/Drivers/STM32F4xx_HAL_Driver/Src/stm32f4xx_hal_can.c.obj
                0x0800305e                HAL_CAN_SleepCallback
 .text.HAL_CAN_WakeUpFromRxMsgCallback
                0x08003060        0x2 CMakeFiles/steer_chassis.elf.dir/Drivers/STM32F4xx_HAL_Driver/Src/stm32f4xx_hal_can.c.obj
                0x08003060                HAL_CAN_WakeUpFromRxMsgCallback
 .text.HAL_CAN_ErrorCallback
                0x08003062        0x2 CMakeFiles/steer_chassis.elf.dir/Drivers/STM32F4xx_HAL_Driver/Src/stm32f4xx_hal_can.c.obj
                0x08003062                HAL_CAN_ErrorCallback
 .text.HAL_CAN_IRQHandler
                0x08003064      0x250 CMakeFiles/steer_chassis.elf.dir/Drivers/STM32F4xx_HAL_Driver/Src/stm32f4xx_hal_can.c.obj
                0x08003064                HAL_CAN_IRQHandler
 .text.__NVIC_EnableIRQ
                0x080032b4       0x1c CMakeFiles/steer_chassis.elf.dir/Drivers/STM32F4xx_HAL_Driver/Src/stm32f4xx_hal_cortex.c.obj
 .text.__NVIC_SetPriority
                0x080032d0       0x28 CMakeFiles/steer_chassis.elf.dir/Drivers/STM32F4xx_HAL_Driver/Src/stm32f4xx_hal_cortex.c.obj
 .text.NVIC_EncodePriority
                0x080032f8       0x3e CMakeFiles/steer_chassis.elf.dir/Drivers/STM32F4xx_HAL_Driver/Src/stm32f4xx_hal_cortex.c.obj
 *fill*         0x08003336        0x2 
 .text.HAL_NVIC_SetPriorityGrouping
                0x08003338       0x24 CMakeFiles/steer_chassis.elf.dir/Drivers/STM32F4xx_HAL_Driver/Src/stm32f4xx_hal_cortex.c.obj
                0x08003338                HAL_NVIC_SetPriorityGrouping
 .text.HAL_NVIC_SetPriority
                0x0800335c       0x20 CMakeFiles/steer_chassis.elf.dir/Drivers/STM32F4xx_HAL_Driver/Src/stm32f4xx_hal_cortex.c.obj
                0x0800335c                HAL_NVIC_SetPriority
 .text.HAL_NVIC_EnableIRQ
                0x0800337c        0x8 CMakeFiles/steer_chassis.elf.dir/Drivers/STM32F4xx_HAL_Driver/Src/stm32f4xx_hal_cortex.c.obj
                0x0800337c                HAL_NVIC_EnableIRQ
 .text.HAL_SYSTICK_Config
                0x08003384       0x28 CMakeFiles/steer_chassis.elf.dir/Drivers/STM32F4xx_HAL_Driver/Src/stm32f4xx_hal_cortex.c.obj
                0x08003384                HAL_SYSTICK_Config
 .text.DMA_SetConfig
                0x080033ac       0x2c CMakeFiles/steer_chassis.elf.dir/Drivers/STM32F4xx_HAL_Driver/Src/stm32f4xx_hal_dma.c.obj
 .text.DMA_CalcBaseAndBitshift
                0x080033d8       0x38 CMakeFiles/steer_chassis.elf.dir/Drivers/STM32F4xx_HAL_Driver/Src/stm32f4xx_hal_dma.c.obj
 .text.DMA_CheckFifoParam
                0x08003410       0x8e CMakeFiles/steer_chassis.elf.dir/Drivers/STM32F4xx_HAL_Driver/Src/stm32f4xx_hal_dma.c.obj
 *fill*         0x0800349e        0x2 
 .text.HAL_DMA_Init
                0x080034a0       0xcc CMakeFiles/steer_chassis.elf.dir/Drivers/STM32F4xx_HAL_Driver/Src/stm32f4xx_hal_dma.c.obj
                0x080034a0                HAL_DMA_Init
 .text.HAL_DMA_Start_IT
                0x0800356c       0x6a CMakeFiles/steer_chassis.elf.dir/Drivers/STM32F4xx_HAL_Driver/Src/stm32f4xx_hal_dma.c.obj
                0x0800356c                HAL_DMA_Start_IT
 .text.HAL_DMA_Abort
                0x080035d6       0x94 CMakeFiles/steer_chassis.elf.dir/Drivers/STM32F4xx_HAL_Driver/Src/stm32f4xx_hal_dma.c.obj
                0x080035d6                HAL_DMA_Abort
 .text.HAL_DMA_Abort_IT
                0x0800366a       0x26 CMakeFiles/steer_chassis.elf.dir/Drivers/STM32F4xx_HAL_Driver/Src/stm32f4xx_hal_dma.c.obj
                0x0800366a                HAL_DMA_Abort_IT
 .text.HAL_DMA_IRQHandler
                0x08003690      0x1dc CMakeFiles/steer_chassis.elf.dir/Drivers/STM32F4xx_HAL_Driver/Src/stm32f4xx_hal_dma.c.obj
                0x08003690                HAL_DMA_IRQHandler
 .text.HAL_GPIO_Init
                0x0800386c      0x20c CMakeFiles/steer_chassis.elf.dir/Drivers/STM32F4xx_HAL_Driver/Src/stm32f4xx_hal_gpio.c.obj
                0x0800386c                HAL_GPIO_Init
 .text.HAL_GPIO_WritePin
                0x08003a78        0xc CMakeFiles/steer_chassis.elf.dir/Drivers/STM32F4xx_HAL_Driver/Src/stm32f4xx_hal_gpio.c.obj
                0x08003a78                HAL_GPIO_WritePin
 .text.HAL_RCC_OscConfig
                0x08003a84      0x3f8 CMakeFiles/steer_chassis.elf.dir/Drivers/STM32F4xx_HAL_Driver/Src/stm32f4xx_hal_rcc.c.obj
                0x08003a84                HAL_RCC_OscConfig
 .text.HAL_RCC_GetSysClockFreq
                0x08003e7c       0xa8 CMakeFiles/steer_chassis.elf.dir/Drivers/STM32F4xx_HAL_Driver/Src/stm32f4xx_hal_rcc.c.obj
                0x08003e7c                HAL_RCC_GetSysClockFreq
 .text.HAL_RCC_ClockConfig
                0x08003f24      0x160 CMakeFiles/steer_chassis.elf.dir/Drivers/STM32F4xx_HAL_Driver/Src/stm32f4xx_hal_rcc.c.obj
                0x08003f24                HAL_RCC_ClockConfig
 .text.HAL_RCC_GetHCLKFreq
                0x08004084        0xc CMakeFiles/steer_chassis.elf.dir/Drivers/STM32F4xx_HAL_Driver/Src/stm32f4xx_hal_rcc.c.obj
                0x08004084                HAL_RCC_GetHCLKFreq
 .text.HAL_RCC_GetPCLK1Freq
                0x08004090       0x20 CMakeFiles/steer_chassis.elf.dir/Drivers/STM32F4xx_HAL_Driver/Src/stm32f4xx_hal_rcc.c.obj
                0x08004090                HAL_RCC_GetPCLK1Freq
 .text.HAL_RCC_GetPCLK2Freq
                0x080040b0       0x20 CMakeFiles/steer_chassis.elf.dir/Drivers/STM32F4xx_HAL_Driver/Src/stm32f4xx_hal_rcc.c.obj
                0x080040b0                HAL_RCC_GetPCLK2Freq
 .text.UART_EndTxTransfer
                0x080040d0       0x20 CMakeFiles/steer_chassis.elf.dir/Drivers/STM32F4xx_HAL_Driver/Src/stm32f4xx_hal_uart.c.obj
 .text.UART_EndRxTransfer
                0x080040f0       0x5c CMakeFiles/steer_chassis.elf.dir/Drivers/STM32F4xx_HAL_Driver/Src/stm32f4xx_hal_uart.c.obj
 .text.UART_Transmit_IT
                0x0800414c       0x60 CMakeFiles/steer_chassis.elf.dir/Drivers/STM32F4xx_HAL_Driver/Src/stm32f4xx_hal_uart.c.obj
 .text.UART_SetConfig
                0x080041ac      0x110 CMakeFiles/steer_chassis.elf.dir/Drivers/STM32F4xx_HAL_Driver/Src/stm32f4xx_hal_uart.c.obj
 .text.HAL_UART_Init
                0x080042bc       0x60 CMakeFiles/steer_chassis.elf.dir/Drivers/STM32F4xx_HAL_Driver/Src/stm32f4xx_hal_uart.c.obj
                0x080042bc                HAL_UART_Init
 .text.HAL_UART_TxCpltCallback
                0x0800431c        0x2 CMakeFiles/steer_chassis.elf.dir/Drivers/STM32F4xx_HAL_Driver/Src/stm32f4xx_hal_uart.c.obj
                0x0800431c                HAL_UART_TxCpltCallback
 .text.UART_EndTransmit_IT
                0x0800431e       0x1a CMakeFiles/steer_chassis.elf.dir/Drivers/STM32F4xx_HAL_Driver/Src/stm32f4xx_hal_uart.c.obj
 .text.HAL_UART_RxCpltCallback
                0x08004338        0x2 CMakeFiles/steer_chassis.elf.dir/Drivers/STM32F4xx_HAL_Driver/Src/stm32f4xx_hal_uart.c.obj
                0x08004338                HAL_UART_RxCpltCallback
 .text.HAL_UART_RxHalfCpltCallback
                0x0800433a        0x2 CMakeFiles/steer_chassis.elf.dir/Drivers/STM32F4xx_HAL_Driver/Src/stm32f4xx_hal_uart.c.obj
                0x0800433a                HAL_UART_RxHalfCpltCallback
 .text.HAL_UART_ErrorCallback
                0x0800433c        0x2 CMakeFiles/steer_chassis.elf.dir/Drivers/STM32F4xx_HAL_Driver/Src/stm32f4xx_hal_uart.c.obj
                0x0800433c                HAL_UART_ErrorCallback
 .text.UART_DMAError
                0x0800433e       0x58 CMakeFiles/steer_chassis.elf.dir/Drivers/STM32F4xx_HAL_Driver/Src/stm32f4xx_hal_uart.c.obj
 .text.UART_DMAAbortOnError
                0x08004396       0x10 CMakeFiles/steer_chassis.elf.dir/Drivers/STM32F4xx_HAL_Driver/Src/stm32f4xx_hal_uart.c.obj
 .text.UART_Receive_IT
                0x080043a6       0xe6 CMakeFiles/steer_chassis.elf.dir/Drivers/STM32F4xx_HAL_Driver/Src/stm32f4xx_hal_uart.c.obj
 .text.HAL_UART_IRQHandler
                0x0800448c      0x284 CMakeFiles/steer_chassis.elf.dir/Drivers/STM32F4xx_HAL_Driver/Src/stm32f4xx_hal_uart.c.obj
                0x0800448c                HAL_UART_IRQHandler
 .text.UART_DMARxHalfCplt
                0x08004710       0x1e CMakeFiles/steer_chassis.elf.dir/Drivers/STM32F4xx_HAL_Driver/Src/stm32f4xx_hal_uart.c.obj
 .text.UART_DMAReceiveCplt
                0x0800472e       0x9a CMakeFiles/steer_chassis.elf.dir/Drivers/STM32F4xx_HAL_Driver/Src/stm32f4xx_hal_uart.c.obj
 .text.UART_Start_Receive_DMA
                0x080047c8       0xa4 CMakeFiles/steer_chassis.elf.dir/Drivers/STM32F4xx_HAL_Driver/Src/stm32f4xx_hal_uart.c.obj
                0x080047c8                UART_Start_Receive_DMA
 .text.HAL_UARTEx_ReceiveToIdle_DMA
                0x0800486c       0x66 CMakeFiles/steer_chassis.elf.dir/Drivers/STM32F4xx_HAL_Driver/Src/stm32f4xx_hal_uart.c.obj
                0x0800486c                HAL_UARTEx_ReceiveToIdle_DMA
 *fill*         0x080048d2        0x2 
 .text.__udivmoddi4
                0x080048d4      0x2bc C:/clion/gcc-arm-none-eabi-10.3-2021.10/bin/../lib/gcc/arm-none-eabi/13.3.1/thumb/v7e-m/nofp\libgcc.a(_udivmoddi4.o)
                0x080048d4                __udivmoddi4
 .text.memset   0x08004b90       0xa4 C:/clion/gcc-arm-none-eabi-10.3-2021.10/bin/../lib/gcc/arm-none-eabi/13.3.1/thumb/v7e-m/nofp\libg.a(libc_a-memset.o)
                0x08004b90                memset
 .text.__errno  0x08004c34        0xc C:/clion/gcc-arm-none-eabi-10.3-2021.10/bin/../lib/gcc/arm-none-eabi/13.3.1/thumb/v7e-m/nofp\libg.a(libc_a-errno.o)
                0x08004c34                __errno
 .text.__libc_init_array
                0x08004c40       0x50 C:/clion/gcc-arm-none-eabi-10.3-2021.10/bin/../lib/gcc/arm-none-eabi/13.3.1/thumb/v7e-m/nofp\libg.a(libc_a-init.o)
                0x08004c40                __libc_init_array
 .text.__retarget_lock_acquire_recursive
                0x08004c90        0x4 C:/clion/gcc-arm-none-eabi-10.3-2021.10/bin/../lib/gcc/arm-none-eabi/13.3.1/thumb/v7e-m/nofp\libg.a(libc_a-lock.o)
                0x08004c90                __retarget_lock_acquire_recursive
 .text.__retarget_lock_release_recursive
                0x08004c94        0x4 C:/clion/gcc-arm-none-eabi-10.3-2021.10/bin/../lib/gcc/arm-none-eabi/13.3.1/thumb/v7e-m/nofp\libg.a(libc_a-lock.o)
                0x08004c94                __retarget_lock_release_recursive
 .text.startup.register_fini
                0x08004c98       0x14 C:/clion/gcc-arm-none-eabi-10.3-2021.10/bin/../lib/gcc/arm-none-eabi/13.3.1/thumb/v7e-m/nofp\libg.a(libc_a-__call_atexit.o)
 .text.atexit   0x08004cac        0xc C:/clion/gcc-arm-none-eabi-10.3-2021.10/bin/../lib/gcc/arm-none-eabi/13.3.1/thumb/v7e-m/nofp\libg.a(libc_a-atexit.o)
                0x08004cac                atexit
 .text.__libc_fini_array
                0x08004cb8       0x28 C:/clion/gcc-arm-none-eabi-10.3-2021.10/bin/../lib/gcc/arm-none-eabi/13.3.1/thumb/v7e-m/nofp\libg.a(libc_a-fini.o)
                0x08004cb8                __libc_fini_array
 .text.__register_exitproc
                0x08004ce0       0x80 C:/clion/gcc-arm-none-eabi-10.3-2021.10/bin/../lib/gcc/arm-none-eabi/13.3.1/thumb/v7e-m/nofp\libg.a(libc_a-__atexit.o)
                0x08004ce0                __register_exitproc
 .text.atan2    0x08004d60        0x4 C:/clion/gcc-arm-none-eabi-10.3-2021.10/bin/../lib/gcc/arm-none-eabi/13.3.1/thumb/v7e-m/nofp\libm.a(libm_a-w_atan2.o)
                0x08004d60                atan2
 .text.pow      0x08004d64       0xdc C:/clion/gcc-arm-none-eabi-10.3-2021.10/bin/../lib/gcc/arm-none-eabi/13.3.1/thumb/v7e-m/nofp\libm.a(libm_a-w_pow.o)
                0x08004d64                pow
 .text.sqrt     0x08004e40       0x50 C:/clion/gcc-arm-none-eabi-10.3-2021.10/bin/../lib/gcc/arm-none-eabi/13.3.1/thumb/v7e-m/nofp\libm.a(libm_a-w_sqrt.o)
                0x08004e40                sqrt
 .text.finite   0x08004e90        0xc C:/clion/gcc-arm-none-eabi-10.3-2021.10/bin/../lib/gcc/arm-none-eabi/13.3.1/thumb/v7e-m/nofp\libm.a(libm_a-s_finite.o)
                0x08004e90                finite
 .text.__ieee754_sqrt
                0x08004e9c      0x1d8 C:/clion/gcc-arm-none-eabi-10.3-2021.10/bin/../lib/gcc/arm-none-eabi/13.3.1/thumb/v7e-m/nofp\libm.a(libm_a-e_sqrt.o)
                0x08004e9c                __ieee754_sqrt
 *fill*         0x08005074        0x4 
 .text.__ieee754_atan2
                0x08005078      0x194 C:/clion/gcc-arm-none-eabi-10.3-2021.10/bin/../lib/gcc/arm-none-eabi/13.3.1/thumb/v7e-m/nofp\libm.a(libm_a-e_atan2.o)
                0x08005078                __ieee754_atan2
 *fill*         0x0800520c        0x4 
 .text.__ieee754_pow
                0x08005210      0xb50 C:/clion/gcc-arm-none-eabi-10.3-2021.10/bin/../lib/gcc/arm-none-eabi/13.3.1/thumb/v7e-m/nofp\libm.a(libm_a-e_pow.o)
                0x08005210                __ieee754_pow
 .text.atan     0x08005d60      0x328 C:/clion/gcc-arm-none-eabi-10.3-2021.10/bin/../lib/gcc/arm-none-eabi/13.3.1/thumb/v7e-m/nofp\libm.a(libm_a-s_atan.o)
                0x08005d60                atan
 .text.fabs     0x08006088        0x8 C:/clion/gcc-arm-none-eabi-10.3-2021.10/bin/../lib/gcc/arm-none-eabi/13.3.1/thumb/v7e-m/nofp\libm.a(libm_a-s_fabs.o)
                0x08006088                fabs
 .text.scalbn   0x08006090       0xe4 C:/clion/gcc-arm-none-eabi-10.3-2021.10/bin/../lib/gcc/arm-none-eabi/13.3.1/thumb/v7e-m/nofp\libm.a(libm_a-s_scalbn.o)
                0x08006090                scalbn
 .text.with_errno
                0x08006174       0x18 C:/clion/gcc-arm-none-eabi-10.3-2021.10/bin/../lib/gcc/arm-none-eabi/13.3.1/thumb/v7e-m/nofp\libm.a(libm_a-math_err.o)
 .text.xflow    0x0800618c       0x28 C:/clion/gcc-arm-none-eabi-10.3-2021.10/bin/../lib/gcc/arm-none-eabi/13.3.1/thumb/v7e-m/nofp\libm.a(libm_a-math_err.o)
 .text.__math_uflow
                0x080061b4        0xc C:/clion/gcc-arm-none-eabi-10.3-2021.10/bin/../lib/gcc/arm-none-eabi/13.3.1/thumb/v7e-m/nofp\libm.a(libm_a-math_err.o)
                0x080061b4                __math_uflow
 .text.__math_oflow
                0x080061c0        0xc C:/clion/gcc-arm-none-eabi-10.3-2021.10/bin/../lib/gcc/arm-none-eabi/13.3.1/thumb/v7e-m/nofp\libm.a(libm_a-math_err.o)
                0x080061c0                __math_oflow
 *(.glue_7)
 .glue_7        0x080061cc        0x0 linker stubs
 *(.glue_7t)
 .glue_7t       0x080061cc        0x0 linker stubs
 *(.eh_frame)
 .eh_frame      0x080061cc        0x0 C:/clion/gcc-arm-none-eabi-10.3-2021.10/bin/../lib/gcc/arm-none-eabi/13.3.1/thumb/v7e-m/nofp/crtbegin.o
 *(.init)
 .init          0x080061cc        0x4 C:/clion/gcc-arm-none-eabi-10.3-2021.10/bin/../lib/gcc/arm-none-eabi/13.3.1/thumb/v7e-m/nofp/crti.o
                0x080061cc                _init
 .init          0x080061d0        0x8 C:/clion/gcc-arm-none-eabi-10.3-2021.10/bin/../lib/gcc/arm-none-eabi/13.3.1/thumb/v7e-m/nofp/crtn.o
 *(.fini)
 .fini          0x080061d8        0x4 C:/clion/gcc-arm-none-eabi-10.3-2021.10/bin/../lib/gcc/arm-none-eabi/13.3.1/thumb/v7e-m/nofp/crti.o
                0x080061d8                _fini
 .fini          0x080061dc        0x8 C:/clion/gcc-arm-none-eabi-10.3-2021.10/bin/../lib/gcc/arm-none-eabi/13.3.1/thumb/v7e-m/nofp/crtn.o
                0x080061e4                        . = ALIGN (0x4)
                0x080061e4                        _etext = .

.vfp11_veneer   0x080061e4        0x0
 .vfp11_veneer  0x080061e4        0x0 linker stubs

.v4_bx          0x080061e4        0x0
 .v4_bx         0x080061e4        0x0 linker stubs

.iplt           0x080061e4        0x0
 .iplt          0x080061e4        0x0 C:/clion/gcc-arm-none-eabi-10.3-2021.10/bin/../lib/gcc/arm-none-eabi/13.3.1/thumb/v7e-m/nofp/crtbegin.o

.rodata         0x080061e8      0x3a0
                0x080061e8                        . = ALIGN (0x4)
 *(.rodata)
 *(.rodata*)
 .rodata.wCRC_Table
                0x080061e8      0x200 CMakeFiles/steer_chassis.elf.dir/App/UserSnc/crc.c.obj
                0x080061e8                wCRC_Table
 .rodata.CRC8_TAB
                0x080063e8      0x100 CMakeFiles/steer_chassis.elf.dir/App/UserSnc/crc.c.obj
                0x080063e8                CRC8_TAB
 .rodata.APBPrescTable
                0x080064e8        0x8 CMakeFiles/steer_chassis.elf.dir/Core/Src/system_stm32f4xx.c.obj
                0x080064e8                APBPrescTable
 .rodata.AHBPrescTable
                0x080064f0       0x10 CMakeFiles/steer_chassis.elf.dir/Core/Src/system_stm32f4xx.c.obj
                0x080064f0                AHBPrescTable
 .rodata.flagBitshiftOffset.0
                0x08006500        0x8 CMakeFiles/steer_chassis.elf.dir/Drivers/STM32F4xx_HAL_Driver/Src/stm32f4xx_hal_dma.c.obj
 .rodata.tiny   0x08006508        0x8 C:/clion/gcc-arm-none-eabi-10.3-2021.10/bin/../lib/gcc/arm-none-eabi/13.3.1/thumb/v7e-m/nofp\libm.a(libm_a-e_sqrt.o)
 .rodata.one    0x08006510        0x8 C:/clion/gcc-arm-none-eabi-10.3-2021.10/bin/../lib/gcc/arm-none-eabi/13.3.1/thumb/v7e-m/nofp\libm.a(libm_a-e_sqrt.o)
 .rodata.CSWTCH.9
                0x08006518       0x18 C:/clion/gcc-arm-none-eabi-10.3-2021.10/bin/../lib/gcc/arm-none-eabi/13.3.1/thumb/v7e-m/nofp\libm.a(libm_a-e_atan2.o)
 .rodata.CSWTCH.8
                0x08006530       0x18 C:/clion/gcc-arm-none-eabi-10.3-2021.10/bin/../lib/gcc/arm-none-eabi/13.3.1/thumb/v7e-m/nofp\libm.a(libm_a-e_atan2.o)
 .rodata.atanlo
                0x08006548       0x20 C:/clion/gcc-arm-none-eabi-10.3-2021.10/bin/../lib/gcc/arm-none-eabi/13.3.1/thumb/v7e-m/nofp\libm.a(libm_a-s_atan.o)
 .rodata.atanhi
                0x08006568       0x20 C:/clion/gcc-arm-none-eabi-10.3-2021.10/bin/../lib/gcc/arm-none-eabi/13.3.1/thumb/v7e-m/nofp\libm.a(libm_a-s_atan.o)
                0x08006588                        . = ALIGN (0x4)

.ARM.extab      0x08006588        0x0
                0x08006588                        . = ALIGN (0x4)
 *(.ARM.extab* .gnu.linkonce.armextab.*)
                0x08006588                        . = ALIGN (0x4)

.ARM            0x08006588        0x8
                0x08006588                        . = ALIGN (0x4)
                0x08006588                        __exidx_start = .
 *(.ARM.exidx*)
 .ARM.exidx.text.__udivmoddi4
                0x08006588        0x8 C:/clion/gcc-arm-none-eabi-10.3-2021.10/bin/../lib/gcc/arm-none-eabi/13.3.1/thumb/v7e-m/nofp\libgcc.a(_udivmoddi4.o)
                0x08006590                        __exidx_end = .
                0x08006590                        . = ALIGN (0x4)

.preinit_array  0x08006590        0x0
                0x08006590                        . = ALIGN (0x4)
                0x08006590                        PROVIDE (__preinit_array_start = .)
 *(.preinit_array*)
                0x08006590                        PROVIDE (__preinit_array_end = .)
                0x08006590                        . = ALIGN (0x4)

.init_array     0x08006590        0x8
                0x08006590                        . = ALIGN (0x4)
                0x08006590                        PROVIDE (__init_array_start = .)
 *(SORT_BY_NAME(.init_array.*))
 .init_array.00000
                0x08006590        0x4 C:/clion/gcc-arm-none-eabi-10.3-2021.10/bin/../lib/gcc/arm-none-eabi/13.3.1/thumb/v7e-m/nofp\libg.a(libc_a-__call_atexit.o)
 *(.init_array*)
 .init_array    0x08006594        0x4 C:/clion/gcc-arm-none-eabi-10.3-2021.10/bin/../lib/gcc/arm-none-eabi/13.3.1/thumb/v7e-m/nofp/crtbegin.o
                0x08006598                        PROVIDE (__init_array_end = .)
                0x08006598                        . = ALIGN (0x4)

.fini_array     0x08006598        0x4
                0x08006598                        . = ALIGN (0x4)
                0x08006598                        PROVIDE (__fini_array_start = .)
 *(SORT_BY_NAME(.fini_array.*))
 *(.fini_array*)
 .fini_array    0x08006598        0x4 C:/clion/gcc-arm-none-eabi-10.3-2021.10/bin/../lib/gcc/arm-none-eabi/13.3.1/thumb/v7e-m/nofp/crtbegin.o
                0x0800659c                        PROVIDE (__fini_array_end = .)
                0x0800659c                        . = ALIGN (0x4)
                0x0800659c                        _sidata = LOADADDR (.data)

.rel.dyn        0x0800659c        0x0
 .rel.iplt      0x0800659c        0x0 C:/clion/gcc-arm-none-eabi-10.3-2021.10/bin/../lib/gcc/arm-none-eabi/13.3.1/thumb/v7e-m/nofp/crtbegin.o

.data           0x20000000      0x15c load address 0x0800659c
                0x20000000                        . = ALIGN (0x4)
                0x20000000                        _sdata = .
 *(.data)
 *(.data*)
 .data.CRC_INIT
                0x20000000        0x2 CMakeFiles/steer_chassis.elf.dir/App/UserSnc/crc.c.obj
                0x20000000                CRC_INIT
 *fill*         0x20000002        0x2 
 .data.SystemCoreClock
                0x20000004        0x4 CMakeFiles/steer_chassis.elf.dir/Core/Src/system_stm32f4xx.c.obj
                0x20000004                SystemCoreClock
 .data.uwTickFreq
                0x20000008        0x1 CMakeFiles/steer_chassis.elf.dir/Drivers/STM32F4xx_HAL_Driver/Src/stm32f4xx_hal.c.obj
                0x20000008                uwTickFreq
 *fill*         0x20000009        0x3 
 .data.uwTickPrio
                0x2000000c        0x4 CMakeFiles/steer_chassis.elf.dir/Drivers/STM32F4xx_HAL_Driver/Src/stm32f4xx_hal.c.obj
                0x2000000c                uwTickPrio
 .data._impure_ptr
                0x20000010        0x4 C:/clion/gcc-arm-none-eabi-10.3-2021.10/bin/../lib/gcc/arm-none-eabi/13.3.1/thumb/v7e-m/nofp\libg.a(libc_a-impure.o)
                0x20000010                _impure_ptr
 *fill*         0x20000014        0x4 
 .data._impure_data
                0x20000018      0x140 C:/clion/gcc-arm-none-eabi-10.3-2021.10/bin/../lib/gcc/arm-none-eabi/13.3.1/thumb/v7e-m/nofp\libg.a(libc_a-impure.o)
                0x20000018                _impure_data
 .data.__atexit_recursive_mutex
                0x20000158        0x4 C:/clion/gcc-arm-none-eabi-10.3-2021.10/bin/../lib/gcc/arm-none-eabi/13.3.1/thumb/v7e-m/nofp\libg.a(libc_a-__call_atexit.o)
                0x20000158                __atexit_recursive_mutex
 *(.RamFunc)
 *(.RamFunc*)
                0x2000015c                        . = ALIGN (0x4)
                0x2000015c                        _edata = .
                0x080066f8                        _siccmram = LOADADDR (.ccmram)

.tm_clone_table
                0x2000015c        0x0 load address 0x080066f8
 .tm_clone_table
                0x2000015c        0x0 C:/clion/gcc-arm-none-eabi-10.3-2021.10/bin/../lib/gcc/arm-none-eabi/13.3.1/thumb/v7e-m/nofp/crtbegin.o
 .tm_clone_table
                0x2000015c        0x0 C:/clion/gcc-arm-none-eabi-10.3-2021.10/bin/../lib/gcc/arm-none-eabi/13.3.1/thumb/v7e-m/nofp/crtend.o

.igot.plt       0x2000015c        0x0 load address 0x080066f8
 .igot.plt      0x2000015c        0x0 C:/clion/gcc-arm-none-eabi-10.3-2021.10/bin/../lib/gcc/arm-none-eabi/13.3.1/thumb/v7e-m/nofp/crtbegin.o

.ccmram         0x10000000        0x0 load address 0x080066f8
                0x10000000                        . = ALIGN (0x4)
                0x10000000                        _sccmram = .
 *(.ccmram)
 *(.ccmram*)
                0x10000000                        . = ALIGN (0x4)
                0x10000000                        _eccmram = .
                0x10000000                        . = ALIGN (0x4)

.bss            0x2000015c      0x988
                0x2000015c                        _sbss = .
                0x2000015c                        __bss_start__ = _sbss
 *(.bss)
 *(.bss*)
 .bss.completed.1
                0x2000015c        0x1 C:/clion/gcc-arm-none-eabi-10.3-2021.10/bin/../lib/gcc/arm-none-eabi/13.3.1/thumb/v7e-m/nofp/crtbegin.o
 *fill*         0x2000015d        0x3 
 .bss.object.0  0x20000160       0x18 C:/clion/gcc-arm-none-eabi-10.3-2021.10/bin/../lib/gcc/arm-none-eabi/13.3.1/thumb/v7e-m/nofp/crtbegin.o
 .bss.run       0x20000178        0x6 CMakeFiles/steer_chassis.elf.dir/App/UserSnc/DR16.c.obj
                0x20000178                run
 *fill*         0x2000017e        0x2 
 .bss.RC_CtrlData
                0x20000180       0x14 CMakeFiles/steer_chassis.elf.dir/App/UserSnc/DR16.c.obj
                0x20000180                RC_CtrlData
 .bss.now_enc   0x20000194       0x10 CMakeFiles/steer_chassis.elf.dir/App/UserSnc/chassis.c.obj
                0x20000194                now_enc
 .bss.target_chassis_enc
                0x200001a4       0x10 CMakeFiles/steer_chassis.elf.dir/App/UserSnc/chassis.c.obj
                0x200001a4                target_chassis_enc
 .bss.target_chassis_speed
                0x200001b4       0x10 CMakeFiles/steer_chassis.elf.dir/App/UserSnc/chassis.c.obj
                0x200001b4                target_chassis_speed
 .bss.con_pitch
                0x200001c4        0x2 CMakeFiles/steer_chassis.elf.dir/App/UserSnc/mec.c.obj
                0x200001c4                con_pitch
 .bss.send2C    0x200001c6        0x2 CMakeFiles/steer_chassis.elf.dir/App/UserSnc/mec.c.obj
                0x200001c6                send2C
 .bss.wheel_theta
                0x200001c8       0x10 CMakeFiles/steer_chassis.elf.dir/App/UserSnc/mec.c.obj
                0x200001c8                wheel_theta
 .bss.supercap_recv
                0x200001d8        0x6 CMakeFiles/steer_chassis.elf.dir/App/UserSnc/mycan.c.obj
                0x200001d8                supercap_recv
 *fill*         0x200001de        0x2 
 .bss.motor_chassis_3508_info
                0x200001e0       0x70 CMakeFiles/steer_chassis.elf.dir/App/UserSnc/mycan.c.obj
                0x200001e0                motor_chassis_3508_info
 .bss.motor_chassis_6020_info
                0x20000250       0x70 CMakeFiles/steer_chassis.elf.dir/App/UserSnc/mycan.c.obj
                0x20000250                motor_chassis_6020_info
 .bss.chassis_angle_pid
                0x200002c0       0xd0 CMakeFiles/steer_chassis.elf.dir/App/UserSnc/pid.c.obj
                0x200002c0                chassis_angle_pid
 .bss.chassis_speed_pid
                0x20000390       0xd0 CMakeFiles/steer_chassis.elf.dir/App/UserSnc/pid.c.obj
                0x20000390                chassis_speed_pid
 .bss.chassis_3508_pid
                0x20000460       0xd0 CMakeFiles/steer_chassis.elf.dir/App/UserSnc/pid.c.obj
                0x20000460                chassis_3508_pid
 .bss.FrameHeader
                0x20000530        0x5 CMakeFiles/steer_chassis.elf.dir/App/UserSnc/refree.c.obj
                0x20000530                FrameHeader
 *fill*         0x20000535        0x3 
 .bss.rawData   0x20000538       0x89 CMakeFiles/steer_chassis.elf.dir/App/UserSnc/refree.c.obj
                0x20000538                rawData
 *fill*         0x200005c1        0x3 
 .bss.remote_control
                0x200005c4        0xc CMakeFiles/steer_chassis.elf.dir/App/UserSnc/refree.c.obj
                0x200005c4                remote_control
 .bss.projectile_allowance
                0x200005d0        0x6 CMakeFiles/steer_chassis.elf.dir/App/UserSnc/refree.c.obj
                0x200005d0                projectile_allowance
 *fill*         0x200005d6        0x2 
 .bss.shoot_data
                0x200005d8        0x7 CMakeFiles/steer_chassis.elf.dir/App/UserSnc/refree.c.obj
                0x200005d8                shoot_data
 *fill*         0x200005df        0x1 
 .bss.hurt_data
                0x200005e0        0x1 CMakeFiles/steer_chassis.elf.dir/App/UserSnc/refree.c.obj
                0x200005e0                hurt_data
 *fill*         0x200005e1        0x3 
 .bss.air_support_data
                0x200005e4        0x2 CMakeFiles/steer_chassis.elf.dir/App/UserSnc/refree.c.obj
                0x200005e4                air_support_data
 *fill*         0x200005e6        0x2 
 .bss.buff      0x200005e8        0x6 CMakeFiles/steer_chassis.elf.dir/App/UserSnc/refree.c.obj
                0x200005e8                buff
 *fill*         0x200005ee        0x2 
 .bss.robot_pos
                0x200005f0        0xc CMakeFiles/steer_chassis.elf.dir/App/UserSnc/refree.c.obj
                0x200005f0                robot_pos
 .bss.power_heat_data
                0x200005fc       0x10 CMakeFiles/steer_chassis.elf.dir/App/UserSnc/refree.c.obj
                0x200005fc                power_heat_data
 .bss.robot_status
                0x2000060c        0xd CMakeFiles/steer_chassis.elf.dir/App/UserSnc/refree.c.obj
                0x2000060c                robot_status
 *fill*         0x20000619        0x3 
 .bss.referee_warning
                0x2000061c        0x3 CMakeFiles/steer_chassis.elf.dir/App/UserSnc/refree.c.obj
                0x2000061c                referee_warning
 *fill*         0x2000061f        0x1 
 .bss.ext_supply_projectile_action
                0x20000620        0x4 CMakeFiles/steer_chassis.elf.dir/App/UserSnc/refree.c.obj
                0x20000620                ext_supply_projectile_action
 .bss.event_data
                0x20000624        0x4 CMakeFiles/steer_chassis.elf.dir/App/UserSnc/refree.c.obj
                0x20000624                event_data
 .bss.game_robot_HP
                0x20000628       0x20 CMakeFiles/steer_chassis.elf.dir/App/UserSnc/refree.c.obj
                0x20000628                game_robot_HP
 .bss.game_result
                0x20000648        0x1 CMakeFiles/steer_chassis.elf.dir/App/UserSnc/refree.c.obj
                0x20000648                game_result
 *fill*         0x20000649        0x3 
 .bss.game_status
                0x2000064c        0xb CMakeFiles/steer_chassis.elf.dir/App/UserSnc/refree.c.obj
                0x2000064c                game_status
 *fill*         0x20000657        0x1 
 .bss.HAL_RCC_CAN1_CLK_ENABLED
                0x20000658        0x4 CMakeFiles/steer_chassis.elf.dir/Core/Src/can.c.obj
 .bss.hcan2     0x2000065c       0x28 CMakeFiles/steer_chassis.elf.dir/Core/Src/can.c.obj
                0x2000065c                hcan2
 .bss.hcan1     0x20000684       0x28 CMakeFiles/steer_chassis.elf.dir/Core/Src/can.c.obj
                0x20000684                hcan1
 .bss.UART_RECV
                0x200006ac       0x12 CMakeFiles/steer_chassis.elf.dir/Core/Src/main.c.obj
                0x200006ac                UART_RECV
 *fill*         0x200006be        0x2 
 .bss.hdma_usart2_rx
                0x200006c0       0x60 CMakeFiles/steer_chassis.elf.dir/Core/Src/usart.c.obj
                0x200006c0                hdma_usart2_rx
 .bss.hdma_usart1_rx
                0x20000720       0x60 CMakeFiles/steer_chassis.elf.dir/Core/Src/usart.c.obj
                0x20000720                hdma_usart1_rx
 .bss.huart2    0x20000780       0x48 CMakeFiles/steer_chassis.elf.dir/Core/Src/usart.c.obj
                0x20000780                huart2
 .bss.huart1    0x200007c8       0x48 CMakeFiles/steer_chassis.elf.dir/Core/Src/usart.c.obj
                0x200007c8                huart1
 .bss.uwTick    0x20000810        0x4 CMakeFiles/steer_chassis.elf.dir/Drivers/STM32F4xx_HAL_Driver/Src/stm32f4xx_hal.c.obj
                0x20000810                uwTick
 .bss.__sf      0x20000814      0x138 C:/clion/gcc-arm-none-eabi-10.3-2021.10/bin/../lib/gcc/arm-none-eabi/13.3.1/thumb/v7e-m/nofp\libg.a(libc_a-findfp.o)
                0x20000814                __sf
 .bss.__lock___atexit_recursive_mutex
                0x2000094c        0x1 C:/clion/gcc-arm-none-eabi-10.3-2021.10/bin/../lib/gcc/arm-none-eabi/13.3.1/thumb/v7e-m/nofp\libg.a(libc_a-lock.o)
                0x2000094c                __lock___atexit_recursive_mutex
 *fill*         0x2000094d        0x3 
 .bss.__atexit  0x20000950        0x4 C:/clion/gcc-arm-none-eabi-10.3-2021.10/bin/../lib/gcc/arm-none-eabi/13.3.1/thumb/v7e-m/nofp\libg.a(libc_a-__call_atexit.o)
                0x20000950                __atexit
 .bss.__atexit0
                0x20000954      0x190 C:/clion/gcc-arm-none-eabi-10.3-2021.10/bin/../lib/gcc/arm-none-eabi/13.3.1/thumb/v7e-m/nofp\libg.a(libc_a-__atexit.o)
                0x20000954                __atexit0
 *(COMMON)
                0x20000ae4                        . = ALIGN (0x4)
                0x20000ae4                        _ebss = .
                0x20000ae4                        __bss_end__ = _ebss

._user_heap_stack
                0x20000ae4      0x604
                0x20000ae8                        . = ALIGN (0x8)
 *fill*         0x20000ae4        0x4 
                [!provide]                        PROVIDE (end = .)
                0x20000ae8                        PROVIDE (_end = .)
                0x20000ce8                        . = (. + _Min_Heap_Size)
 *fill*         0x20000ae8      0x200 
                0x200010e8                        . = (. + _Min_Stack_Size)
 *fill*         0x20000ce8      0x400 
                0x200010e8                        . = ALIGN (0x8)

/DISCARD/
 libc.a(*)
 libm.a(*)
 libgcc.a(*)

.ARM.attributes
                0x00000000       0x2a
 *(.ARM.attributes)
 .ARM.attributes
                0x00000000       0x1e C:/clion/gcc-arm-none-eabi-10.3-2021.10/bin/../lib/gcc/arm-none-eabi/13.3.1/thumb/v7e-m/nofp/crti.o
 .ARM.attributes
                0x0000001e       0x2e C:/clion/gcc-arm-none-eabi-10.3-2021.10/bin/../lib/gcc/arm-none-eabi/13.3.1/thumb/v7e-m/nofp/crtbegin.o
 .ARM.attributes
                0x0000004c       0x2e CMakeFiles/steer_chassis.elf.dir/App/UserSnc/DR16.c.obj
 .ARM.attributes
                0x0000007a       0x2e CMakeFiles/steer_chassis.elf.dir/App/UserSnc/chassis.c.obj
 .ARM.attributes
                0x000000a8       0x2e CMakeFiles/steer_chassis.elf.dir/App/UserSnc/crc.c.obj
 .ARM.attributes
                0x000000d6       0x2e CMakeFiles/steer_chassis.elf.dir/App/UserSnc/mec.c.obj
 .ARM.attributes
                0x00000104       0x2e CMakeFiles/steer_chassis.elf.dir/App/UserSnc/mycan.c.obj
 .ARM.attributes
                0x00000132       0x2e CMakeFiles/steer_chassis.elf.dir/App/UserSnc/pid.c.obj
 .ARM.attributes
                0x00000160       0x2e CMakeFiles/steer_chassis.elf.dir/App/UserSnc/refree.c.obj
 .ARM.attributes
                0x0000018e       0x2e CMakeFiles/steer_chassis.elf.dir/App/UserSnc/supercap.c.obj
 .ARM.attributes
                0x000001bc       0x2e CMakeFiles/steer_chassis.elf.dir/Core/Src/can.c.obj
 .ARM.attributes
                0x000001ea       0x2e CMakeFiles/steer_chassis.elf.dir/Core/Src/dma.c.obj
 .ARM.attributes
                0x00000218       0x2e CMakeFiles/steer_chassis.elf.dir/Core/Src/gpio.c.obj
 .ARM.attributes
                0x00000246       0x2e CMakeFiles/steer_chassis.elf.dir/Core/Src/main.c.obj
 .ARM.attributes
                0x00000274       0x2e CMakeFiles/steer_chassis.elf.dir/Core/Src/stm32f4xx_hal_msp.c.obj
 .ARM.attributes
                0x000002a2       0x2e CMakeFiles/steer_chassis.elf.dir/Core/Src/stm32f4xx_it.c.obj
 .ARM.attributes
                0x000002d0       0x2e CMakeFiles/steer_chassis.elf.dir/Core/Src/system_stm32f4xx.c.obj
 .ARM.attributes
                0x000002fe       0x2e CMakeFiles/steer_chassis.elf.dir/Core/Src/usart.c.obj
 .ARM.attributes
                0x0000032c       0x21 CMakeFiles/steer_chassis.elf.dir/Core/Startup/startup_stm32f427iihx.s.obj
 .ARM.attributes
                0x0000034d       0x2e CMakeFiles/steer_chassis.elf.dir/Drivers/STM32F4xx_HAL_Driver/Src/stm32f4xx_hal.c.obj
 .ARM.attributes
                0x0000037b       0x2e CMakeFiles/steer_chassis.elf.dir/Drivers/STM32F4xx_HAL_Driver/Src/stm32f4xx_hal_can.c.obj
 .ARM.attributes
                0x000003a9       0x2e CMakeFiles/steer_chassis.elf.dir/Drivers/STM32F4xx_HAL_Driver/Src/stm32f4xx_hal_cortex.c.obj
 .ARM.attributes
                0x000003d7       0x2e CMakeFiles/steer_chassis.elf.dir/Drivers/STM32F4xx_HAL_Driver/Src/stm32f4xx_hal_dma.c.obj
 .ARM.attributes
                0x00000405       0x2e CMakeFiles/steer_chassis.elf.dir/Drivers/STM32F4xx_HAL_Driver/Src/stm32f4xx_hal_gpio.c.obj
 .ARM.attributes
                0x00000433       0x2e CMakeFiles/steer_chassis.elf.dir/Drivers/STM32F4xx_HAL_Driver/Src/stm32f4xx_hal_rcc.c.obj
 .ARM.attributes
                0x00000461       0x2e CMakeFiles/steer_chassis.elf.dir/Drivers/STM32F4xx_HAL_Driver/Src/stm32f4xx_hal_uart.c.obj
 .ARM.attributes
                0x0000048f       0x1e C:/clion/gcc-arm-none-eabi-10.3-2021.10/bin/../lib/gcc/arm-none-eabi/13.3.1/thumb/v7e-m/nofp\libgcc.a(_arm_mulsf3.o)
 .ARM.attributes
                0x000004ad       0x1e C:/clion/gcc-arm-none-eabi-10.3-2021.10/bin/../lib/gcc/arm-none-eabi/13.3.1/thumb/v7e-m/nofp\libgcc.a(_arm_addsubdf3.o)
 .ARM.attributes
                0x000004cb       0x1e C:/clion/gcc-arm-none-eabi-10.3-2021.10/bin/../lib/gcc/arm-none-eabi/13.3.1/thumb/v7e-m/nofp\libgcc.a(_arm_muldivdf3.o)
 .ARM.attributes
                0x000004e9       0x1e C:/clion/gcc-arm-none-eabi-10.3-2021.10/bin/../lib/gcc/arm-none-eabi/13.3.1/thumb/v7e-m/nofp\libgcc.a(_arm_fixdfsi.o)
 .ARM.attributes
                0x00000507       0x1e C:/clion/gcc-arm-none-eabi-10.3-2021.10/bin/../lib/gcc/arm-none-eabi/13.3.1/thumb/v7e-m/nofp\libgcc.a(_arm_fixunsdfsi.o)
 .ARM.attributes
                0x00000525       0x1e C:/clion/gcc-arm-none-eabi-10.3-2021.10/bin/../lib/gcc/arm-none-eabi/13.3.1/thumb/v7e-m/nofp\libgcc.a(_arm_truncdfsf2.o)
 .ARM.attributes
                0x00000543       0x1e C:/clion/gcc-arm-none-eabi-10.3-2021.10/bin/../lib/gcc/arm-none-eabi/13.3.1/thumb/v7e-m/nofp\libgcc.a(_arm_addsubsf3.o)
 .ARM.attributes
                0x00000561       0x1e C:/clion/gcc-arm-none-eabi-10.3-2021.10/bin/../lib/gcc/arm-none-eabi/13.3.1/thumb/v7e-m/nofp\libgcc.a(_arm_cmpsf2.o)
 .ARM.attributes
                0x0000057f       0x1e C:/clion/gcc-arm-none-eabi-10.3-2021.10/bin/../lib/gcc/arm-none-eabi/13.3.1/thumb/v7e-m/nofp\libgcc.a(_arm_fixsfsi.o)
 .ARM.attributes
                0x0000059d       0x1e C:/clion/gcc-arm-none-eabi-10.3-2021.10/bin/../lib/gcc/arm-none-eabi/13.3.1/thumb/v7e-m/nofp\libgcc.a(_aeabi_uldivmod.o)
 .ARM.attributes
                0x000005bb       0x2e C:/clion/gcc-arm-none-eabi-10.3-2021.10/bin/../lib/gcc/arm-none-eabi/13.3.1/thumb/v7e-m/nofp\libgcc.a(_udivmoddi4.o)
 .ARM.attributes
                0x000005e9       0x1e C:/clion/gcc-arm-none-eabi-10.3-2021.10/bin/../lib/gcc/arm-none-eabi/13.3.1/thumb/v7e-m/nofp\libgcc.a(_dvmd_tls.o)
 .ARM.attributes
                0x00000607       0x2e C:/clion/gcc-arm-none-eabi-10.3-2021.10/bin/../lib/gcc/arm-none-eabi/13.3.1/thumb/v7e-m/nofp\libg.a(libc_a-findfp.o)
 .ARM.attributes
                0x00000635       0x2e C:/clion/gcc-arm-none-eabi-10.3-2021.10/bin/../lib/gcc/arm-none-eabi/13.3.1/thumb/v7e-m/nofp\libg.a(libc_a-memset.o)
 .ARM.attributes
                0x00000663       0x2e C:/clion/gcc-arm-none-eabi-10.3-2021.10/bin/../lib/gcc/arm-none-eabi/13.3.1/thumb/v7e-m/nofp\libg.a(libc_a-impure.o)
 .ARM.attributes
                0x00000691       0x2e C:/clion/gcc-arm-none-eabi-10.3-2021.10/bin/../lib/gcc/arm-none-eabi/13.3.1/thumb/v7e-m/nofp\libg.a(libc_a-errno.o)
 .ARM.attributes
                0x000006bf       0x2e C:/clion/gcc-arm-none-eabi-10.3-2021.10/bin/../lib/gcc/arm-none-eabi/13.3.1/thumb/v7e-m/nofp\libg.a(libc_a-init.o)
 .ARM.attributes
                0x000006ed       0x2e C:/clion/gcc-arm-none-eabi-10.3-2021.10/bin/../lib/gcc/arm-none-eabi/13.3.1/thumb/v7e-m/nofp\libg.a(libc_a-lock.o)
 .ARM.attributes
                0x0000071b       0x2e C:/clion/gcc-arm-none-eabi-10.3-2021.10/bin/../lib/gcc/arm-none-eabi/13.3.1/thumb/v7e-m/nofp\libg.a(libc_a-__call_atexit.o)
 .ARM.attributes
                0x00000749       0x2e C:/clion/gcc-arm-none-eabi-10.3-2021.10/bin/../lib/gcc/arm-none-eabi/13.3.1/thumb/v7e-m/nofp\libg.a(libc_a-atexit.o)
 .ARM.attributes
                0x00000777       0x2e C:/clion/gcc-arm-none-eabi-10.3-2021.10/bin/../lib/gcc/arm-none-eabi/13.3.1/thumb/v7e-m/nofp\libg.a(libc_a-fini.o)
 .ARM.attributes
                0x000007a5       0x2e C:/clion/gcc-arm-none-eabi-10.3-2021.10/bin/../lib/gcc/arm-none-eabi/13.3.1/thumb/v7e-m/nofp\libg.a(libc_a-__atexit.o)
 .ARM.attributes
                0x000007d3       0x2e C:/clion/gcc-arm-none-eabi-10.3-2021.10/bin/../lib/gcc/arm-none-eabi/13.3.1/thumb/v7e-m/nofp/crtend.o
 .ARM.attributes
                0x00000801       0x1e C:/clion/gcc-arm-none-eabi-10.3-2021.10/bin/../lib/gcc/arm-none-eabi/13.3.1/thumb/v7e-m/nofp/crtn.o
OUTPUT(steer_chassis.elf elf32-littlearm)
LOAD linker stubs
LOAD C:/clion/gcc-arm-none-eabi-10.3-2021.10/bin/../lib/gcc/arm-none-eabi/13.3.1/thumb/v7e-m/nofp\libc.a
LOAD C:/clion/gcc-arm-none-eabi-10.3-2021.10/bin/../lib/gcc/arm-none-eabi/13.3.1/thumb/v7e-m/nofp\libm.a
LOAD C:/clion/gcc-arm-none-eabi-10.3-2021.10/bin/../lib/gcc/arm-none-eabi/13.3.1/thumb/v7e-m/nofp\libgcc.a

.debug_info     0x00000000    0x114f9
 .debug_info    0x00000000      0x856 CMakeFiles/steer_chassis.elf.dir/App/UserSnc/DR16.c.obj
 .debug_info    0x00000856      0x998 CMakeFiles/steer_chassis.elf.dir/App/UserSnc/chassis.c.obj
 .debug_info    0x000011ee      0x34b CMakeFiles/steer_chassis.elf.dir/App/UserSnc/crc.c.obj
 .debug_info    0x00001539      0x532 CMakeFiles/steer_chassis.elf.dir/App/UserSnc/mec.c.obj
 .debug_info    0x00001a6b      0xcc1 CMakeFiles/steer_chassis.elf.dir/App/UserSnc/mycan.c.obj
 .debug_info    0x0000272c      0x424 CMakeFiles/steer_chassis.elf.dir/App/UserSnc/pid.c.obj
 .debug_info    0x00002b50     0x13a0 CMakeFiles/steer_chassis.elf.dir/App/UserSnc/refree.c.obj
 .debug_info    0x00003ef0      0x613 CMakeFiles/steer_chassis.elf.dir/App/UserSnc/supercap.c.obj
 .debug_info    0x00004503      0xd5c CMakeFiles/steer_chassis.elf.dir/Core/Src/can.c.obj
 .debug_info    0x0000525f      0x56a CMakeFiles/steer_chassis.elf.dir/Core/Src/dma.c.obj
 .debug_info    0x000057c9      0x506 CMakeFiles/steer_chassis.elf.dir/Core/Src/gpio.c.obj
 .debug_info    0x00005ccf     0x1026 CMakeFiles/steer_chassis.elf.dir/Core/Src/main.c.obj
 .debug_info    0x00006cf5      0x27d CMakeFiles/steer_chassis.elf.dir/Core/Src/stm32f4xx_hal_msp.c.obj
 .debug_info    0x00006f72      0xb11 CMakeFiles/steer_chassis.elf.dir/Core/Src/stm32f4xx_it.c.obj
 .debug_info    0x00007a83      0x34c CMakeFiles/steer_chassis.elf.dir/Core/Src/system_stm32f4xx.c.obj
 .debug_info    0x00007dcf      0xe25 CMakeFiles/steer_chassis.elf.dir/Core/Src/usart.c.obj
 .debug_info    0x00008bf4       0x30 CMakeFiles/steer_chassis.elf.dir/Core/Startup/startup_stm32f427iihx.s.obj
 .debug_info    0x00008c24      0xa4c CMakeFiles/steer_chassis.elf.dir/Drivers/STM32F4xx_HAL_Driver/Src/stm32f4xx_hal.c.obj
 .debug_info    0x00009670     0x11f0 CMakeFiles/steer_chassis.elf.dir/Drivers/STM32F4xx_HAL_Driver/Src/stm32f4xx_hal_can.c.obj
 .debug_info    0x0000a860     0x101f CMakeFiles/steer_chassis.elf.dir/Drivers/STM32F4xx_HAL_Driver/Src/stm32f4xx_hal_cortex.c.obj
 .debug_info    0x0000b87f      0xad9 CMakeFiles/steer_chassis.elf.dir/Drivers/STM32F4xx_HAL_Driver/Src/stm32f4xx_hal_dma.c.obj
 .debug_info    0x0000c358      0x71c CMakeFiles/steer_chassis.elf.dir/Drivers/STM32F4xx_HAL_Driver/Src/stm32f4xx_hal_gpio.c.obj
 .debug_info    0x0000ca74      0xa85 CMakeFiles/steer_chassis.elf.dir/Drivers/STM32F4xx_HAL_Driver/Src/stm32f4xx_hal_rcc.c.obj
 .debug_info    0x0000d4f9     0x4000 CMakeFiles/steer_chassis.elf.dir/Drivers/STM32F4xx_HAL_Driver/Src/stm32f4xx_hal_uart.c.obj

.debug_abbrev   0x00000000     0x2f09
 .debug_abbrev  0x00000000      0x20d CMakeFiles/steer_chassis.elf.dir/App/UserSnc/DR16.c.obj
 .debug_abbrev  0x0000020d      0x227 CMakeFiles/steer_chassis.elf.dir/App/UserSnc/chassis.c.obj
 .debug_abbrev  0x00000434      0x100 CMakeFiles/steer_chassis.elf.dir/App/UserSnc/crc.c.obj
 .debug_abbrev  0x00000534      0x13d CMakeFiles/steer_chassis.elf.dir/App/UserSnc/mec.c.obj
 .debug_abbrev  0x00000671      0x23a CMakeFiles/steer_chassis.elf.dir/App/UserSnc/mycan.c.obj
 .debug_abbrev  0x000008ab      0x168 CMakeFiles/steer_chassis.elf.dir/App/UserSnc/pid.c.obj
 .debug_abbrev  0x00000a13      0x23f CMakeFiles/steer_chassis.elf.dir/App/UserSnc/refree.c.obj
 .debug_abbrev  0x00000c52      0x1b4 CMakeFiles/steer_chassis.elf.dir/App/UserSnc/supercap.c.obj
 .debug_abbrev  0x00000e06      0x241 CMakeFiles/steer_chassis.elf.dir/Core/Src/can.c.obj
 .debug_abbrev  0x00001047      0x12d CMakeFiles/steer_chassis.elf.dir/Core/Src/dma.c.obj
 .debug_abbrev  0x00001174      0x164 CMakeFiles/steer_chassis.elf.dir/Core/Src/gpio.c.obj
 .debug_abbrev  0x000012d8      0x2cf CMakeFiles/steer_chassis.elf.dir/Core/Src/main.c.obj
 .debug_abbrev  0x000015a7       0xd6 CMakeFiles/steer_chassis.elf.dir/Core/Src/stm32f4xx_hal_msp.c.obj
 .debug_abbrev  0x0000167d      0x1f2 CMakeFiles/steer_chassis.elf.dir/Core/Src/stm32f4xx_it.c.obj
 .debug_abbrev  0x0000186f      0x120 CMakeFiles/steer_chassis.elf.dir/Core/Src/system_stm32f4xx.c.obj
 .debug_abbrev  0x0000198f      0x250 CMakeFiles/steer_chassis.elf.dir/Core/Src/usart.c.obj
 .debug_abbrev  0x00001bdf       0x24 CMakeFiles/steer_chassis.elf.dir/Core/Startup/startup_stm32f427iihx.s.obj
 .debug_abbrev  0x00001c03      0x240 CMakeFiles/steer_chassis.elf.dir/Drivers/STM32F4xx_HAL_Driver/Src/stm32f4xx_hal.c.obj
 .debug_abbrev  0x00001e43      0x27d CMakeFiles/steer_chassis.elf.dir/Drivers/STM32F4xx_HAL_Driver/Src/stm32f4xx_hal_can.c.obj
 .debug_abbrev  0x000020c0      0x391 CMakeFiles/steer_chassis.elf.dir/Drivers/STM32F4xx_HAL_Driver/Src/stm32f4xx_hal_cortex.c.obj
 .debug_abbrev  0x00002451      0x2c0 CMakeFiles/steer_chassis.elf.dir/Drivers/STM32F4xx_HAL_Driver/Src/stm32f4xx_hal_dma.c.obj
 .debug_abbrev  0x00002711      0x202 CMakeFiles/steer_chassis.elf.dir/Drivers/STM32F4xx_HAL_Driver/Src/stm32f4xx_hal_gpio.c.obj
 .debug_abbrev  0x00002913      0x2c7 CMakeFiles/steer_chassis.elf.dir/Drivers/STM32F4xx_HAL_Driver/Src/stm32f4xx_hal_rcc.c.obj
 .debug_abbrev  0x00002bda      0x32f CMakeFiles/steer_chassis.elf.dir/Drivers/STM32F4xx_HAL_Driver/Src/stm32f4xx_hal_uart.c.obj

.debug_loclists
                0x00000000     0x5bbb
 .debug_loclists
                0x00000000       0x55 CMakeFiles/steer_chassis.elf.dir/App/UserSnc/DR16.c.obj
 .debug_loclists
                0x00000055      0x1fe CMakeFiles/steer_chassis.elf.dir/App/UserSnc/chassis.c.obj
 .debug_loclists
                0x00000253      0x287 CMakeFiles/steer_chassis.elf.dir/App/UserSnc/crc.c.obj
 .debug_loclists
                0x000004da      0x113 CMakeFiles/steer_chassis.elf.dir/App/UserSnc/mec.c.obj
 .debug_loclists
                0x000005ed      0x2b2 CMakeFiles/steer_chassis.elf.dir/App/UserSnc/mycan.c.obj
 .debug_loclists
                0x0000089f       0x9b CMakeFiles/steer_chassis.elf.dir/App/UserSnc/pid.c.obj
 .debug_loclists
                0x0000093a      0x2a5 CMakeFiles/steer_chassis.elf.dir/App/UserSnc/refree.c.obj
 .debug_loclists
                0x00000bdf       0x80 CMakeFiles/steer_chassis.elf.dir/App/UserSnc/supercap.c.obj
 .debug_loclists
                0x00000c5f       0xaf CMakeFiles/steer_chassis.elf.dir/Core/Src/can.c.obj
 .debug_loclists
                0x00000d0e       0x3d CMakeFiles/steer_chassis.elf.dir/Core/Src/main.c.obj
 .debug_loclists
                0x00000d4b       0xfa CMakeFiles/steer_chassis.elf.dir/Core/Src/system_stm32f4xx.c.obj
 .debug_loclists
                0x00000e45       0x73 CMakeFiles/steer_chassis.elf.dir/Core/Src/usart.c.obj
 .debug_loclists
                0x00000eb8       0xe1 CMakeFiles/steer_chassis.elf.dir/Drivers/STM32F4xx_HAL_Driver/Src/stm32f4xx_hal.c.obj
 .debug_loclists
                0x00000f99      0xa57 CMakeFiles/steer_chassis.elf.dir/Drivers/STM32F4xx_HAL_Driver/Src/stm32f4xx_hal_can.c.obj
 .debug_loclists
                0x000019f0      0x54d CMakeFiles/steer_chassis.elf.dir/Drivers/STM32F4xx_HAL_Driver/Src/stm32f4xx_hal_cortex.c.obj
 .debug_loclists
                0x00001f3d      0x88a CMakeFiles/steer_chassis.elf.dir/Drivers/STM32F4xx_HAL_Driver/Src/stm32f4xx_hal_dma.c.obj
 .debug_loclists
                0x000027c7      0x386 CMakeFiles/steer_chassis.elf.dir/Drivers/STM32F4xx_HAL_Driver/Src/stm32f4xx_hal_gpio.c.obj
 .debug_loclists
                0x00002b4d      0x3e5 CMakeFiles/steer_chassis.elf.dir/Drivers/STM32F4xx_HAL_Driver/Src/stm32f4xx_hal_rcc.c.obj
 .debug_loclists
                0x00002f32     0x2c89 CMakeFiles/steer_chassis.elf.dir/Drivers/STM32F4xx_HAL_Driver/Src/stm32f4xx_hal_uart.c.obj

.debug_aranges  0x00000000      0xa58
 .debug_aranges
                0x00000000       0x30 CMakeFiles/steer_chassis.elf.dir/App/UserSnc/DR16.c.obj
 .debug_aranges
                0x00000030       0x50 CMakeFiles/steer_chassis.elf.dir/App/UserSnc/chassis.c.obj
 .debug_aranges
                0x00000080       0x40 CMakeFiles/steer_chassis.elf.dir/App/UserSnc/crc.c.obj
 .debug_aranges
                0x000000c0       0x28 CMakeFiles/steer_chassis.elf.dir/App/UserSnc/mec.c.obj
 .debug_aranges
                0x000000e8       0x58 CMakeFiles/steer_chassis.elf.dir/App/UserSnc/mycan.c.obj
 .debug_aranges
                0x00000140       0x30 CMakeFiles/steer_chassis.elf.dir/App/UserSnc/pid.c.obj
 .debug_aranges
                0x00000170       0x30 CMakeFiles/steer_chassis.elf.dir/App/UserSnc/refree.c.obj
 .debug_aranges
                0x000001a0       0x20 CMakeFiles/steer_chassis.elf.dir/App/UserSnc/supercap.c.obj
 .debug_aranges
                0x000001c0       0x38 CMakeFiles/steer_chassis.elf.dir/Core/Src/can.c.obj
 .debug_aranges
                0x000001f8       0x20 CMakeFiles/steer_chassis.elf.dir/Core/Src/dma.c.obj
 .debug_aranges
                0x00000218       0x20 CMakeFiles/steer_chassis.elf.dir/Core/Src/gpio.c.obj
 .debug_aranges
                0x00000238       0x38 CMakeFiles/steer_chassis.elf.dir/Core/Src/main.c.obj
 .debug_aranges
                0x00000270       0x20 CMakeFiles/steer_chassis.elf.dir/Core/Src/stm32f4xx_hal_msp.c.obj
 .debug_aranges
                0x00000290       0x98 CMakeFiles/steer_chassis.elf.dir/Core/Src/stm32f4xx_it.c.obj
 .debug_aranges
                0x00000328       0x28 CMakeFiles/steer_chassis.elf.dir/Core/Src/system_stm32f4xx.c.obj
 .debug_aranges
                0x00000350       0x38 CMakeFiles/steer_chassis.elf.dir/Core/Src/usart.c.obj
 .debug_aranges
                0x00000388       0x28 CMakeFiles/steer_chassis.elf.dir/Core/Startup/startup_stm32f427iihx.s.obj
 .debug_aranges
                0x000003b0      0x100 CMakeFiles/steer_chassis.elf.dir/Drivers/STM32F4xx_HAL_Driver/Src/stm32f4xx_hal.c.obj
 .debug_aranges
                0x000004b0      0x138 CMakeFiles/steer_chassis.elf.dir/Drivers/STM32F4xx_HAL_Driver/Src/stm32f4xx_hal_can.c.obj
 .debug_aranges
                0x000005e8       0xf8 CMakeFiles/steer_chassis.elf.dir/Drivers/STM32F4xx_HAL_Driver/Src/stm32f4xx_hal_cortex.c.obj
 .debug_aranges
                0x000006e0       0x90 CMakeFiles/steer_chassis.elf.dir/Drivers/STM32F4xx_HAL_Driver/Src/stm32f4xx_hal_dma.c.obj
 .debug_aranges
                0x00000770       0x58 CMakeFiles/steer_chassis.elf.dir/Drivers/STM32F4xx_HAL_Driver/Src/stm32f4xx_hal_gpio.c.obj
 .debug_aranges
                0x000007c8       0x88 CMakeFiles/steer_chassis.elf.dir/Drivers/STM32F4xx_HAL_Driver/Src/stm32f4xx_hal_rcc.c.obj
 .debug_aranges
                0x00000850      0x208 CMakeFiles/steer_chassis.elf.dir/Drivers/STM32F4xx_HAL_Driver/Src/stm32f4xx_hal_uart.c.obj

.debug_rnglists
                0x00000000      0x7c2
 .debug_rnglists
                0x00000000       0x20 CMakeFiles/steer_chassis.elf.dir/App/UserSnc/DR16.c.obj
 .debug_rnglists
                0x00000020       0x46 CMakeFiles/steer_chassis.elf.dir/App/UserSnc/chassis.c.obj
 .debug_rnglists
                0x00000066       0x2b CMakeFiles/steer_chassis.elf.dir/App/UserSnc/crc.c.obj
 .debug_rnglists
                0x00000091       0x1b CMakeFiles/steer_chassis.elf.dir/App/UserSnc/mec.c.obj
 .debug_rnglists
                0x000000ac       0x4d CMakeFiles/steer_chassis.elf.dir/App/UserSnc/mycan.c.obj
 .debug_rnglists
                0x000000f9       0x21 CMakeFiles/steer_chassis.elf.dir/App/UserSnc/pid.c.obj
 .debug_rnglists
                0x0000011a       0x20 CMakeFiles/steer_chassis.elf.dir/App/UserSnc/refree.c.obj
 .debug_rnglists
                0x0000013a       0x13 CMakeFiles/steer_chassis.elf.dir/App/UserSnc/supercap.c.obj
 .debug_rnglists
                0x0000014d       0x27 CMakeFiles/steer_chassis.elf.dir/Core/Src/can.c.obj
 .debug_rnglists
                0x00000174       0x13 CMakeFiles/steer_chassis.elf.dir/Core/Src/dma.c.obj
 .debug_rnglists
                0x00000187       0x14 CMakeFiles/steer_chassis.elf.dir/Core/Src/gpio.c.obj
 .debug_rnglists
                0x0000019b       0x27 CMakeFiles/steer_chassis.elf.dir/Core/Src/main.c.obj
 .debug_rnglists
                0x000001c2       0x13 CMakeFiles/steer_chassis.elf.dir/Core/Src/stm32f4xx_hal_msp.c.obj
 .debug_rnglists
                0x000001d5       0x6d CMakeFiles/steer_chassis.elf.dir/Core/Src/stm32f4xx_it.c.obj
 .debug_rnglists
                0x00000242       0x1a CMakeFiles/steer_chassis.elf.dir/Core/Src/system_stm32f4xx.c.obj
 .debug_rnglists
                0x0000025c       0x26 CMakeFiles/steer_chassis.elf.dir/Core/Src/usart.c.obj
 .debug_rnglists
                0x00000282       0x19 CMakeFiles/steer_chassis.elf.dir/Core/Startup/startup_stm32f427iihx.s.obj
 .debug_rnglists
                0x0000029b       0xbb CMakeFiles/steer_chassis.elf.dir/Drivers/STM32F4xx_HAL_Driver/Src/stm32f4xx_hal.c.obj
 .debug_rnglists
                0x00000356       0xf6 CMakeFiles/steer_chassis.elf.dir/Drivers/STM32F4xx_HAL_Driver/Src/stm32f4xx_hal_can.c.obj
 .debug_rnglists
                0x0000044c       0xb5 CMakeFiles/steer_chassis.elf.dir/Drivers/STM32F4xx_HAL_Driver/Src/stm32f4xx_hal_cortex.c.obj
 .debug_rnglists
                0x00000501       0x6c CMakeFiles/steer_chassis.elf.dir/Drivers/STM32F4xx_HAL_Driver/Src/stm32f4xx_hal_dma.c.obj
 .debug_rnglists
                0x0000056d       0x3f CMakeFiles/steer_chassis.elf.dir/Drivers/STM32F4xx_HAL_Driver/Src/stm32f4xx_hal_gpio.c.obj
 .debug_rnglists
                0x000005ac       0x75 CMakeFiles/steer_chassis.elf.dir/Drivers/STM32F4xx_HAL_Driver/Src/stm32f4xx_hal_rcc.c.obj
 .debug_rnglists
                0x00000621      0x1a1 CMakeFiles/steer_chassis.elf.dir/Drivers/STM32F4xx_HAL_Driver/Src/stm32f4xx_hal_uart.c.obj

.debug_line     0x00000000     0xabc1
 .debug_line    0x00000000      0x399 CMakeFiles/steer_chassis.elf.dir/App/UserSnc/DR16.c.obj
 .debug_line    0x00000399      0x49c CMakeFiles/steer_chassis.elf.dir/App/UserSnc/chassis.c.obj
 .debug_line    0x00000835      0x287 CMakeFiles/steer_chassis.elf.dir/App/UserSnc/crc.c.obj
 .debug_line    0x00000abc      0x29f CMakeFiles/steer_chassis.elf.dir/App/UserSnc/mec.c.obj
 .debug_line    0x00000d5b      0x6ef CMakeFiles/steer_chassis.elf.dir/App/UserSnc/mycan.c.obj
 .debug_line    0x0000144a      0x1b5 CMakeFiles/steer_chassis.elf.dir/App/UserSnc/pid.c.obj
 .debug_line    0x000015ff      0x341 CMakeFiles/steer_chassis.elf.dir/App/UserSnc/refree.c.obj
 .debug_line    0x00001940      0x275 CMakeFiles/steer_chassis.elf.dir/App/UserSnc/supercap.c.obj
 .debug_line    0x00001bb5      0x47f CMakeFiles/steer_chassis.elf.dir/Core/Src/can.c.obj
 .debug_line    0x00002034      0x1b7 CMakeFiles/steer_chassis.elf.dir/Core/Src/dma.c.obj
 .debug_line    0x000021eb      0x238 CMakeFiles/steer_chassis.elf.dir/Core/Src/gpio.c.obj
 .debug_line    0x00002423      0x48a CMakeFiles/steer_chassis.elf.dir/Core/Src/main.c.obj
 .debug_line    0x000028ad      0x171 CMakeFiles/steer_chassis.elf.dir/Core/Src/stm32f4xx_hal_msp.c.obj
 .debug_line    0x00002a1e      0x37e CMakeFiles/steer_chassis.elf.dir/Core/Src/stm32f4xx_it.c.obj
 .debug_line    0x00002d9c      0x238 CMakeFiles/steer_chassis.elf.dir/Core/Src/system_stm32f4xx.c.obj
 .debug_line    0x00002fd4      0x4ed CMakeFiles/steer_chassis.elf.dir/Core/Src/usart.c.obj
 .debug_line    0x000034c1       0x7a CMakeFiles/steer_chassis.elf.dir/Core/Startup/startup_stm32f427iihx.s.obj
 .debug_line    0x0000353b      0x5e5 CMakeFiles/steer_chassis.elf.dir/Drivers/STM32F4xx_HAL_Driver/Src/stm32f4xx_hal.c.obj
 .debug_line    0x00003b20     0x1191 CMakeFiles/steer_chassis.elf.dir/Drivers/STM32F4xx_HAL_Driver/Src/stm32f4xx_hal_can.c.obj
 .debug_line    0x00004cb1      0x870 CMakeFiles/steer_chassis.elf.dir/Drivers/STM32F4xx_HAL_Driver/Src/stm32f4xx_hal_cortex.c.obj
 .debug_line    0x00005521      0xe63 CMakeFiles/steer_chassis.elf.dir/Drivers/STM32F4xx_HAL_Driver/Src/stm32f4xx_hal_dma.c.obj
 .debug_line    0x00006384      0x74d CMakeFiles/steer_chassis.elf.dir/Drivers/STM32F4xx_HAL_Driver/Src/stm32f4xx_hal_gpio.c.obj
 .debug_line    0x00006ad1      0xbed CMakeFiles/steer_chassis.elf.dir/Drivers/STM32F4xx_HAL_Driver/Src/stm32f4xx_hal_rcc.c.obj
 .debug_line    0x000076be     0x3503 CMakeFiles/steer_chassis.elf.dir/Drivers/STM32F4xx_HAL_Driver/Src/stm32f4xx_hal_uart.c.obj

.debug_str      0x00000000     0x410b
 .debug_str     0x00000000     0x410b CMakeFiles/steer_chassis.elf.dir/App/UserSnc/DR16.c.obj
                                0x734 (size before relaxing)
 .debug_str     0x0000410b      0x4ef CMakeFiles/steer_chassis.elf.dir/App/UserSnc/chassis.c.obj
 .debug_str     0x0000410b      0x2b0 CMakeFiles/steer_chassis.elf.dir/App/UserSnc/crc.c.obj
 .debug_str     0x0000410b      0x29b CMakeFiles/steer_chassis.elf.dir/App/UserSnc/mec.c.obj
 .debug_str     0x0000410b      0x89e CMakeFiles/steer_chassis.elf.dir/App/UserSnc/mycan.c.obj
 .debug_str     0x0000410b      0x27c CMakeFiles/steer_chassis.elf.dir/App/UserSnc/pid.c.obj
 .debug_str     0x0000410b     0x138b CMakeFiles/steer_chassis.elf.dir/App/UserSnc/refree.c.obj
 .debug_str     0x0000410b      0x546 CMakeFiles/steer_chassis.elf.dir/App/UserSnc/supercap.c.obj
 .debug_str     0x0000410b      0xbf7 CMakeFiles/steer_chassis.elf.dir/Core/Src/can.c.obj
 .debug_str     0x0000410b      0x83b CMakeFiles/steer_chassis.elf.dir/Core/Src/dma.c.obj
 .debug_str     0x0000410b      0x39b CMakeFiles/steer_chassis.elf.dir/Core/Src/gpio.c.obj
 .debug_str     0x0000410b      0xbfd CMakeFiles/steer_chassis.elf.dir/Core/Src/main.c.obj
 .debug_str     0x0000410b      0x2dc CMakeFiles/steer_chassis.elf.dir/Core/Src/stm32f4xx_hal_msp.c.obj
 .debug_str     0x0000410b      0xa1e CMakeFiles/steer_chassis.elf.dir/Core/Src/stm32f4xx_it.c.obj
 .debug_str     0x0000410b      0x342 CMakeFiles/steer_chassis.elf.dir/Core/Src/system_stm32f4xx.c.obj
 .debug_str     0x0000410b      0xe2d CMakeFiles/steer_chassis.elf.dir/Core/Src/usart.c.obj
 .debug_str     0x0000410b       0x7f CMakeFiles/steer_chassis.elf.dir/Core/Startup/startup_stm32f427iihx.s.obj
 .debug_str     0x0000410b      0xc0d CMakeFiles/steer_chassis.elf.dir/Drivers/STM32F4xx_HAL_Driver/Src/stm32f4xx_hal.c.obj
 .debug_str     0x0000410b      0xa43 CMakeFiles/steer_chassis.elf.dir/Drivers/STM32F4xx_HAL_Driver/Src/stm32f4xx_hal_can.c.obj
 .debug_str     0x0000410b      0xcd0 CMakeFiles/steer_chassis.elf.dir/Drivers/STM32F4xx_HAL_Driver/Src/stm32f4xx_hal_cortex.c.obj
 .debug_str     0x0000410b      0x784 CMakeFiles/steer_chassis.elf.dir/Drivers/STM32F4xx_HAL_Driver/Src/stm32f4xx_hal_dma.c.obj
 .debug_str     0x0000410b      0x501 CMakeFiles/steer_chassis.elf.dir/Drivers/STM32F4xx_HAL_Driver/Src/stm32f4xx_hal_gpio.c.obj
 .debug_str     0x0000410b      0x727 CMakeFiles/steer_chassis.elf.dir/Drivers/STM32F4xx_HAL_Driver/Src/stm32f4xx_hal_rcc.c.obj
 .debug_str     0x0000410b      0xda9 CMakeFiles/steer_chassis.elf.dir/Drivers/STM32F4xx_HAL_Driver/Src/stm32f4xx_hal_uart.c.obj

.comment        0x00000000       0x45
 .comment       0x00000000       0x45 CMakeFiles/steer_chassis.elf.dir/App/UserSnc/DR16.c.obj
                                 0x46 (size before relaxing)
 .comment       0x00000045       0x46 CMakeFiles/steer_chassis.elf.dir/App/UserSnc/chassis.c.obj
 .comment       0x00000045       0x46 CMakeFiles/steer_chassis.elf.dir/App/UserSnc/crc.c.obj
 .comment       0x00000045       0x46 CMakeFiles/steer_chassis.elf.dir/App/UserSnc/mec.c.obj
 .comment       0x00000045       0x46 CMakeFiles/steer_chassis.elf.dir/App/UserSnc/mycan.c.obj
 .comment       0x00000045       0x46 CMakeFiles/steer_chassis.elf.dir/App/UserSnc/pid.c.obj
 .comment       0x00000045       0x46 CMakeFiles/steer_chassis.elf.dir/App/UserSnc/refree.c.obj
 .comment       0x00000045       0x46 CMakeFiles/steer_chassis.elf.dir/App/UserSnc/supercap.c.obj
 .comment       0x00000045       0x46 CMakeFiles/steer_chassis.elf.dir/Core/Src/can.c.obj
 .comment       0x00000045       0x46 CMakeFiles/steer_chassis.elf.dir/Core/Src/dma.c.obj
 .comment       0x00000045       0x46 CMakeFiles/steer_chassis.elf.dir/Core/Src/gpio.c.obj
 .comment       0x00000045       0x46 CMakeFiles/steer_chassis.elf.dir/Core/Src/main.c.obj
 .comment       0x00000045       0x46 CMakeFiles/steer_chassis.elf.dir/Core/Src/stm32f4xx_hal_msp.c.obj
 .comment       0x00000045       0x46 CMakeFiles/steer_chassis.elf.dir/Core/Src/stm32f4xx_it.c.obj
 .comment       0x00000045       0x46 CMakeFiles/steer_chassis.elf.dir/Core/Src/system_stm32f4xx.c.obj
 .comment       0x00000045       0x46 CMakeFiles/steer_chassis.elf.dir/Core/Src/usart.c.obj
 .comment       0x00000045       0x46 CMakeFiles/steer_chassis.elf.dir/Drivers/STM32F4xx_HAL_Driver/Src/stm32f4xx_hal.c.obj
 .comment       0x00000045       0x46 CMakeFiles/steer_chassis.elf.dir/Drivers/STM32F4xx_HAL_Driver/Src/stm32f4xx_hal_can.c.obj
 .comment       0x00000045       0x46 CMakeFiles/steer_chassis.elf.dir/Drivers/STM32F4xx_HAL_Driver/Src/stm32f4xx_hal_cortex.c.obj
 .comment       0x00000045       0x46 CMakeFiles/steer_chassis.elf.dir/Drivers/STM32F4xx_HAL_Driver/Src/stm32f4xx_hal_dma.c.obj
 .comment       0x00000045       0x46 CMakeFiles/steer_chassis.elf.dir/Drivers/STM32F4xx_HAL_Driver/Src/stm32f4xx_hal_gpio.c.obj
 .comment       0x00000045       0x46 CMakeFiles/steer_chassis.elf.dir/Drivers/STM32F4xx_HAL_Driver/Src/stm32f4xx_hal_rcc.c.obj
 .comment       0x00000045       0x46 CMakeFiles/steer_chassis.elf.dir/Drivers/STM32F4xx_HAL_Driver/Src/stm32f4xx_hal_uart.c.obj

.debug_frame    0x00000000     0x1ee4
 .debug_frame   0x00000000       0x50 CMakeFiles/steer_chassis.elf.dir/App/UserSnc/DR16.c.obj
 .debug_frame   0x00000050       0xd8 CMakeFiles/steer_chassis.elf.dir/App/UserSnc/chassis.c.obj
 .debug_frame   0x00000128       0xc0 CMakeFiles/steer_chassis.elf.dir/App/UserSnc/crc.c.obj
 .debug_frame   0x000001e8       0x68 CMakeFiles/steer_chassis.elf.dir/App/UserSnc/mec.c.obj
 .debug_frame   0x00000250      0x110 CMakeFiles/steer_chassis.elf.dir/App/UserSnc/mycan.c.obj
 .debug_frame   0x00000360       0x6c CMakeFiles/steer_chassis.elf.dir/App/UserSnc/pid.c.obj
 .debug_frame   0x000003cc       0x68 CMakeFiles/steer_chassis.elf.dir/App/UserSnc/refree.c.obj
 .debug_frame   0x00000434       0x30 CMakeFiles/steer_chassis.elf.dir/App/UserSnc/supercap.c.obj
 .debug_frame   0x00000464       0x78 CMakeFiles/steer_chassis.elf.dir/Core/Src/can.c.obj
 .debug_frame   0x000004dc       0x30 CMakeFiles/steer_chassis.elf.dir/Core/Src/dma.c.obj
 .debug_frame   0x0000050c       0x38 CMakeFiles/steer_chassis.elf.dir/Core/Src/gpio.c.obj
 .debug_frame   0x00000544       0x74 CMakeFiles/steer_chassis.elf.dir/Core/Src/main.c.obj